system_LPC55S69_cm33_core0.c:58:17:findPll0PreDiv	16	static
system_LPC55S69_cm33_core0.c:75:17:findPll0PostDiv	16	static
system_LPC55S69_cm33_core0.c:98:14:findPll0MMult	24	static
system_LPC55S69_cm33_core0.c:122:17:findPll1PreDiv	16	static
system_LPC55S69_cm33_core0.c:139:17:findPll1PostDiv	16	static
system_LPC55S69_cm33_core0.c:162:17:findPll1MMult	16	static
system_LPC55S69_cm33_core0.c:179:17:CLOCK_GetFro12MFreq	4	static
system_LPC55S69_cm33_core0.c:190:17:CLOCK_GetFro1MFreq	4	static
system_LPC55S69_cm33_core0.c:199:17:CLOCK_GetExtClkFreq	4	static
system_LPC55S69_cm33_core0.c:208:17:CLOCK_GetFroHfFreq	4	static
system_LPC55S69_cm33_core0.c:219:17:CLOCK_GetOsc32KFreq	4	static
system_LPC55S69_cm33_core0.c:240:29:SystemInit	8	static
system_LPC55S69_cm33_core0.c:269:6:SystemCoreClockUpdate	56	static
system_LPC55S69_cm33_core0.c:367:29:SystemInitHook	4	static
