Archive member included to satisfy reference by file (symbol)

/home/zhuaiballl/code/iot_trusted/iot_trusted_ns/libs/libpower_hardabi.a(fsl_power_lib.o)
                              ./drivers/fsl_clock.o (POWER_SetVoltageForFreq)
/home/zhuaiballl/code/iot_trusted/iot_trusted_ns/libs/libusdl.a(usdl_buf.o)
                              ./source/app_nbiot.o (BufAddData)
/home/zhuaiballl/code/iot_trusted/iot_trusted_ns/libs/libusdl.a(usdl_mem.o)
                              /home/zhuaiballl/code/iot_trusted/iot_trusted_ns/libs/libusdl.a(usdl_buf.o) (MemCpy)
/usr/local/mcuxpressoide-11.2.0_4120/ide/plugins/com.nxp.mcuxpresso.tools.linux_11.2.0.202001021529/tools/bin/../lib/gcc/arm-none-eabi/9.2.1/thumb/v8-m.main+fp/hard/libgcc.a(_arm_muldf3.o)
                              ./drivers/fsl_clock.o (__aeabi_dmul)
/usr/local/mcuxpressoide-11.2.0_4120/ide/plugins/com.nxp.mcuxpresso.tools.linux_11.2.0.202001021529/tools/bin/../lib/gcc/arm-none-eabi/9.2.1/thumb/v8-m.main+fp/hard/libgcc.a(_arm_addsubdf3.o)
                              ./drivers/fsl_clock.o (__aeabi_f2d)
/usr/local/mcuxpressoide-11.2.0_4120/ide/plugins/com.nxp.mcuxpresso.tools.linux_11.2.0.202001021529/tools/bin/../lib/gcc/arm-none-eabi/9.2.1/thumb/v8-m.main+fp/hard/libgcc.a(_arm_truncdfsf2.o)
                              ./drivers/fsl_clock.o (__aeabi_d2f)
/usr/local/mcuxpressoide-11.2.0_4120/ide/plugins/com.nxp.mcuxpresso.tools.linux_11.2.0.202001021529/tools/bin/../lib/gcc/arm-none-eabi/9.2.1/thumb/v8-m.main+fp/hard/libgcc.a(_aeabi_uldivmod.o)
                              ./drivers/fsl_clock.o (__aeabi_uldivmod)
/usr/local/mcuxpressoide-11.2.0_4120/ide/plugins/com.nxp.mcuxpresso.tools.linux_11.2.0.202001021529/tools/bin/../lib/gcc/arm-none-eabi/9.2.1/thumb/v8-m.main+fp/hard/libgcc.a(_udivmoddi4.o)
                              /usr/local/mcuxpressoide-11.2.0_4120/ide/plugins/com.nxp.mcuxpresso.tools.linux_11.2.0.202001021529/tools/bin/../lib/gcc/arm-none-eabi/9.2.1/thumb/v8-m.main+fp/hard/libgcc.a(_aeabi_uldivmod.o) (__udivmoddi4)
/usr/local/mcuxpressoide-11.2.0_4120/ide/plugins/com.nxp.mcuxpresso.tools.linux_11.2.0.202001021529/tools/bin/../lib/gcc/arm-none-eabi/9.2.1/thumb/v8-m.main+fp/hard/libgcc.a(_dvmd_tls.o)
                              /usr/local/mcuxpressoide-11.2.0_4120/ide/plugins/com.nxp.mcuxpresso.tools.linux_11.2.0.202001021529/tools/bin/../lib/gcc/arm-none-eabi/9.2.1/thumb/v8-m.main+fp/hard/libgcc.a(_aeabi_uldivmod.o) (__aeabi_ldiv0)
/usr/local/mcuxpressoide-11.2.0_4120/ide/plugins/com.nxp.mcuxpresso.tools.linux_11.2.0.202001021529/tools/bin/../lib/gcc/arm-none-eabi/9.2.1/../../../../arm-none-eabi/lib/thumb/v8-m.main+fp/hard/libc_nano.a(lib_a-calloc.o)
                              /home/zhuaiballl/code/iot_trusted/iot_trusted_ns/libs/libusdl.a(usdl_mem.o) (calloc)
/usr/local/mcuxpressoide-11.2.0_4120/ide/plugins/com.nxp.mcuxpresso.tools.linux_11.2.0.202001021529/tools/bin/../lib/gcc/arm-none-eabi/9.2.1/../../../../arm-none-eabi/lib/thumb/v8-m.main+fp/hard/libc_nano.a(lib_a-impure.o)
                              /usr/local/mcuxpressoide-11.2.0_4120/ide/plugins/com.nxp.mcuxpresso.tools.linux_11.2.0.202001021529/tools/bin/../lib/gcc/arm-none-eabi/9.2.1/../../../../arm-none-eabi/lib/thumb/v8-m.main+fp/hard/libc_nano.a(lib_a-calloc.o) (_impure_ptr)
/usr/local/mcuxpressoide-11.2.0_4120/ide/plugins/com.nxp.mcuxpresso.tools.linux_11.2.0.202001021529/tools/bin/../lib/gcc/arm-none-eabi/9.2.1/../../../../arm-none-eabi/lib/thumb/v8-m.main+fp/hard/libc_nano.a(lib_a-malloc.o)
                              ./drivers/fsl_common.o (malloc)
/usr/local/mcuxpressoide-11.2.0_4120/ide/plugins/com.nxp.mcuxpresso.tools.linux_11.2.0.202001021529/tools/bin/../lib/gcc/arm-none-eabi/9.2.1/../../../../arm-none-eabi/lib/thumb/v8-m.main+fp/hard/libc_nano.a(lib_a-memcpy-stub.o)
                              ./source/app_nbiot.o (memcpy)
/usr/local/mcuxpressoide-11.2.0_4120/ide/plugins/com.nxp.mcuxpresso.tools.linux_11.2.0.202001021529/tools/bin/../lib/gcc/arm-none-eabi/9.2.1/../../../../arm-none-eabi/lib/thumb/v8-m.main+fp/hard/libc_nano.a(lib_a-memset.o)
                              ./utilities/fsl_debug_console.o (memset)
/usr/local/mcuxpressoide-11.2.0_4120/ide/plugins/com.nxp.mcuxpresso.tools.linux_11.2.0.202001021529/tools/bin/../lib/gcc/arm-none-eabi/9.2.1/../../../../arm-none-eabi/lib/thumb/v8-m.main+fp/hard/libc_nano.a(lib_a-nano-callocr.o)
                              /usr/local/mcuxpressoide-11.2.0_4120/ide/plugins/com.nxp.mcuxpresso.tools.linux_11.2.0.202001021529/tools/bin/../lib/gcc/arm-none-eabi/9.2.1/../../../../arm-none-eabi/lib/thumb/v8-m.main+fp/hard/libc_nano.a(lib_a-calloc.o) (_calloc_r)
/usr/local/mcuxpressoide-11.2.0_4120/ide/plugins/com.nxp.mcuxpresso.tools.linux_11.2.0.202001021529/tools/bin/../lib/gcc/arm-none-eabi/9.2.1/../../../../arm-none-eabi/lib/thumb/v8-m.main+fp/hard/libc_nano.a(lib_a-nano-freer.o)
[...]
Memory Configuration

Name             Origin             Length             Attributes
PROGRAM_FLASH    0x0000000000020000 0x0000000000020000 xr
Ram0             0x0000000020030000 0x0000000000010000 xrw
RAM_00           0x0000000020040000 0x0000000000000400 xrw
*default*        0x0000000000000000 0xffffffffffffffff

Linker script and memory map

LOAD ./utilities/fsl_assert.o
LOAD ./utilities/fsl_debug_console.o
LOAD ./utilities/fsl_str.o
LOAD ./startup/boot_multicore_slave.o
LOAD ./startup/startup_lpc55s69_cm33_core0.o
LOAD ./source/app_4G.o
LOAD ./source/app_nbiot.o
LOAD ./source/app_uart.o
LOAD ./source/main_ns.o
LOAD ./source/secure_varibale.o
LOAD ./source/semihost_hardfault.o
LOAD ./drivers/fsl_clock.o
LOAD ./drivers/fsl_common.o
LOAD ./drivers/fsl_flexcomm.o
LOAD ./drivers/fsl_gpio.o
LOAD ./drivers/fsl_power.o
LOAD ./drivers/fsl_reset.o
LOAD ./drivers/fsl_usart.o
LOAD ./device/system_LPC55S69_cm33_core0.o
LOAD ./component/uart/usart_adapter.o
LOAD ./component/serial_manager/serial_manager.o
LOAD ./component/serial_manager/serial_port_uart.o
LOAD ./component/lists/generic_list.o
LOAD ./board/board.o
LOAD ./board/clock_config.o
LOAD ./board/peripherals.o
LOAD ./board/pin_mux.o
LOAD /home/zhuaiballl/code/iot_trusted/iot_trusted_s/Debug/iot_trusted_s_CMSE_lib.o
LOAD /home/zhuaiballl/code/iot_trusted/iot_trusted_ns/libs/libpower_hardabi.a
LOAD /home/zhuaiballl/code/iot_trusted/iot_trusted_ns/libs/libusdl.a
START GROUP
LOAD /usr/local/mcuxpressoide-11.2.0_4120/ide/plugins/com.nxp.mcuxpresso.tools.linux_11.2.0.202001021529/tools/bin/../lib/gcc/arm-none-eabi/9.2.1/thumb/v8-m.main+fp/hard/libgcc.a
LOAD /usr/local/mcuxpressoide-11.2.0_4120/ide/plugins/com.nxp.mcuxpresso.tools.linux_11.2.0.202001021529/tools/bin/../lib/gcc/arm-none-eabi/9.2.1/../../../../arm-none-eabi/lib/thumb/v8-m.main+fp/hard/libc_nano.a
LOAD /usr/local/mcuxpressoide-11.2.0_4120/ide/plugins/com.nxp.mcuxpresso.tools.linux_11.2.0.202001021529/tools/bin/../lib/gcc/arm-none-eabi/9.2.1/../../../../arm-none-eabi/lib/thumb/v8-m.main+fp/hard/libm.a
LOAD /usr/local/mcuxpressoide-11.2.0_4120/ide/plugins/com.nxp.mcuxpresso.tools.linux_11.2.0.202001021529/tools/bin/../lib/gcc/arm-none-eabi/9.2.1/../../../../arm-none-eabi/lib/thumb/v8-m.main+fp/hard/libcr_newlib_semihost.a
END GROUP
                0x0000000000020000                __base_PROGRAM_FLASH = 0x20000
                0x0000000000020000                __base_Flash = 0x20000
                0x0000000000040000                __top_PROGRAM_FLASH = 0x40000
                0x0000000000040000                __top_Flash = 0x40000
                0x0000000020030000                __base_Ram0 = 0x20030000
                0x0000000020030000                __base_RAM = 0x20030000
                0x0000000020040000                __top_Ram0 = 0x20040000
                0x0000000020040000                __top_RAM = 0x20040000
                0x0000000020040000                __base_RAM_00 = 0x20040000
                0x0000000020040000                __base_RAM2 = 0x20040000
                0x0000000020040400                __top_RAM_00 = 0x20040400
                0x0000000020040400                __top_RAM2 = 0x20040400

.text           0x0000000000020000     0x51a4
 FILL mask 0xff
                0x0000000000020000                __vectors_start__ = ABSOLUTE (.)
 *(SORT_BY_ALIGNMENT(.isr_vector))
 .isr_vector    0x0000000000020000      0x130 ./startup/startup_lpc55s69_cm33_core0.o
                0x0000000000020000                __Vectors
                0x0000000000020000                g_pfnVectors
                0x0000000000020130                . = ALIGN (0x4)
                0x0000000000020130                __section_table_start = .
                0x0000000000020130                __data_section_table = .
                0x0000000000020130        0x4 LONG 0x251a4 LOADADDR (.data)
                0x0000000000020134        0x4 LONG 0x20030000 ADDR (.data)
                0x0000000000020138        0x4 LONG 0xe2c SIZEOF (.data)
                0x000000000002013c        0x4 LONG 0x251a4 LOADADDR (.data_RAM2)
                0x0000000000020140        0x4 LONG 0x20040000 ADDR (.data_RAM2)
                0x0000000000020144        0x4 LONG 0x0 SIZEOF (.data_RAM2)
                0x0000000000020148                __data_section_table_end = .
                0x0000000000020148                __bss_section_table = .
                0x0000000000020148        0x4 LONG 0x20030e2c ADDR (.bss)
                0x000000000002014c        0x4 LONG 0x10a8 SIZEOF (.bss)
                0x0000000000020150        0x4 LONG 0x20040000 ADDR (.bss_RAM2)
                0x0000000000020154        0x4 LONG 0x0 SIZEOF (.bss_RAM2)
                0x0000000000020158                __bss_section_table_end = .
                0x0000000000020158                __section_table_end = .
 *(SORT_BY_ALIGNMENT(.after_vectors*))
 .after_vectors.reset
                0x0000000000020158       0x4c ./startup/startup_lpc55s69_cm33_core0.o
                0x0000000000020158                ResetISR
 .after_vectors.init_data
                0x00000000000201a4       0x1e ./startup/startup_lpc55s69_cm33_core0.o
                0x00000000000201a4                data_init
 .after_vectors.init_bss
                0x00000000000201c2       0x12 ./startup/startup_lpc55s69_cm33_core0.o
                0x00000000000201c2                bss_init
 .after_vectors
                0x00000000000201d4       0x16 ./startup/startup_lpc55s69_cm33_core0.o
                0x00000000000201d4                NMI_Handler
                0x00000000000201d6                HardFault_Handler
                0x00000000000201d8                MemManage_Handler
                0x00000000000201da                BusFault_Handler
                0x00000000000201dc                UsageFault_Handler
                0x00000000000201de                SecureFault_Handler
                0x00000000000201e0                SVC_Handler
                0x00000000000201e2                DebugMon_Handler
                0x00000000000201e4                PendSV_Handler
                0x00000000000201e6                SysTick_Handler
                0x00000000000201e8                Reserved39_DriverIRQHandler
                0x00000000000201e8                DMA0_DriverIRQHandler
                0x00000000000201e8                Reserved42_DriverIRQHandler
                0x00000000000201e8                SEC_VIO_DriverIRQHandler
                0x00000000000201e8                PIN_INT3_DriverIRQHandler
                0x00000000000201e8                PIN_INT2_DriverIRQHandler
                0x00000000000201e8                Reserved56_DriverIRQHandler
                0x00000000000201e8                PIN_INT0_DriverIRQHandler
                0x00000000000201e8                CTIMER2_DriverIRQHandler
                0x00000000000201e8                IntDefaultHandler
                0x00000000000201e8                USB0_DriverIRQHandler
                0x00000000000201e8                CASER_DriverIRQHandler
                0x00000000000201e8                MRT0_DriverIRQHandler
                0x00000000000201e8                UTICK0_DriverIRQHandler
                0x00000000000201e8                Reserved41_DriverIRQHandler
                0x00000000000201e8                PIN_INT4_DriverIRQHandler
                0x00000000000201e8                PIN_INT5_DriverIRQHandler
                0x00000000000201e8                SEC_GPIO_INT0_IRQ0_DriverIRQHandler
                0x00000000000201e8                CTIMER4_DriverIRQHandler
                0x00000000000201e8                GINT1_DriverIRQHandler
                0x00000000000201e8                PIN_INT7_DriverIRQHandler
                0x00000000000201e8                Reserved55_DriverIRQHandler
                0x00000000000201e8                HASHCRYPT_DriverIRQHandler
                0x00000000000201e8                USB0_NEEDCLK_DriverIRQHandler
                0x00000000000201e8                CTIMER0_DriverIRQHandler
                0x00000000000201e8                CTIMER1_DriverIRQHandler
                0x00000000000201e8                PIN_INT6_DriverIRQHandler
                0x00000000000201e8                PQ_DriverIRQHandler
                0x00000000000201e8                MAILBOX_DriverIRQHandler
                0x00000000000201e8                PIN_INT1_DriverIRQHandler
                0x00000000000201e8                CTIMER3_DriverIRQHandler
                0x00000000000201e8                Reserved61_DriverIRQHandler
                0x00000000000201e8                SEC_GPIO_INT0_IRQ1_DriverIRQHandler
                0x00000000000201e8                PUF_DriverIRQHandler
                0x00000000000201e8                RTC_DriverIRQHandler
                0x00000000000201e8                USB1_DriverIRQHandler
                0x00000000000201e8                Reserved60_DriverIRQHandler
                0x00000000000201e8                DMA1_DriverIRQHandler
                0x00000000000201e8                ADC0_DriverIRQHandler
                0x00000000000201e8                USB1_NEEDCLK_DriverIRQHandler
                0x00000000000201e8                Reserved59_DriverIRQHandler
                0x00000000000201e8                SDIO_DriverIRQHandler
                0x00000000000201e8                GINT0_DriverIRQHandler
                0x00000000000201e8                ACMP_DriverIRQHandler
                0x00000000000201e8                Reserved57_DriverIRQHandler
                0x00000000000201e8                Reserved46_DriverIRQHandler
                0x00000000000201e8                USB1_UTMI_DriverIRQHandler
                0x00000000000201e8                WDT_BOD_DriverIRQHandler
                0x00000000000201e8                SCT0_DriverIRQHandler
                0x00000000000201e8                PLU_DriverIRQHandler
                0x00000000000201e8                OS_EVENT_DriverIRQHandler
                0x00000000000201e8                SEC_HYPERVISOR_CALL_DriverIRQHandler
 *(SORT_BY_ALIGNMENT(.text*))
 *fill*         0x00000000000201ea        0x6 ff
 .text._dtoa_r  0x00000000000201f0      0xbb8 /usr/local/mcuxpressoide-11.2.0_4120/ide/plugins/com.nxp.mcuxpresso.tools.linux_11.2.0.202001021529/tools/bin/../lib/gcc/arm-none-eabi/9.2.1/../../../../arm-none-eabi/lib/thumb/v8-m.main+fp/hard/libc_nano.a(lib_a-dtoa.o)
                0x00000000000201f0                _dtoa_r
 .text.__assert_func
                0x0000000000020da8       0x28 ./utilities/fsl_assert.o
                0x0000000000020da8                __assert_func
 .text.App_4GInit
                0x0000000000020dd0       0x7c ./source/app_4G.o
                0x0000000000020dd0                App_4GInit
 .text.AppUartCreatHandle
                0x0000000000020e4c       0x40 ./source/app_uart.o
                0x0000000000020e4c                AppUartCreatHandle
 .text.main     0x0000000000020e8c       0x24 ./source/main_ns.o
                0x0000000000020e8c                main
 .text.SDK_DelayAtLeastUs
                0x0000000000020eb0      0x12c ./drivers/fsl_clock.o
                0x0000000000020eb0                SDK_DelayAtLeastUs
 .text.FLEXCOMM_GetInstance
                0x0000000000020fdc       0x50 ./drivers/fsl_flexcomm.o
                0x0000000000020fdc                FLEXCOMM_GetInstance
 .text.FLEXCOMM_SetIRQHandler
                0x000000000002102c       0x44 ./drivers/fsl_flexcomm.o
                0x000000000002102c                FLEXCOMM_SetIRQHandler
 .text.FLEXCOMM0_DriverIRQHandler
                0x0000000000021070       0x44 ./drivers/fsl_flexcomm.o
                0x0000000000021070                FLEXCOMM0_DriverIRQHandler
 .text.FLEXCOMM1_DriverIRQHandler
                0x00000000000210b4       0x44 ./drivers/fsl_flexcomm.o
                0x00000000000210b4                FLEXCOMM1_DriverIRQHandler
 .text.FLEXCOMM2_DriverIRQHandler
                0x00000000000210f8       0x44 ./drivers/fsl_flexcomm.o
                0x00000000000210f8                FLEXCOMM2_DriverIRQHandler
 .text.FLEXCOMM3_DriverIRQHandler
                0x000000000002113c       0x44 ./drivers/fsl_flexcomm.o
                0x000000000002113c                FLEXCOMM3_DriverIRQHandler
 .text.FLEXCOMM4_DriverIRQHandler
                0x0000000000021180       0x44 ./drivers/fsl_flexcomm.o
                0x0000000000021180                FLEXCOMM4_DriverIRQHandler
 .text.FLEXCOMM5_DriverIRQHandler
                0x00000000000211c4       0x44 ./drivers/fsl_flexcomm.o
                0x00000000000211c4                FLEXCOMM5_DriverIRQHandler
 .text.FLEXCOMM6_DriverIRQHandler
                0x0000000000021208       0x44 ./drivers/fsl_flexcomm.o
                0x0000000000021208                FLEXCOMM6_DriverIRQHandler
 .text.FLEXCOMM7_DriverIRQHandler
                0x000000000002124c       0x48 ./drivers/fsl_flexcomm.o
                0x000000000002124c                FLEXCOMM7_DriverIRQHandler
 .text.FLEXCOMM8_DriverIRQHandler
                0x0000000000021294       0x48 ./drivers/fsl_flexcomm.o
                0x0000000000021294                FLEXCOMM8_DriverIRQHandler
 .text.__NVIC_EnableIRQ
                0x00000000000212dc       0x3c ./drivers/fsl_usart.o
 .text.USART_GetInstance
                0x0000000000021318       0x50 ./drivers/fsl_usart.o
                0x0000000000021318                USART_GetInstance
 .text.USART_TransferCreateHandle
                0x0000000000021368       0xcc ./drivers/fsl_usart.o
                0x0000000000021368                USART_TransferCreateHandle
 .text.USART_TransferSendNonBlocking
                0x0000000000021434       0xe8 ./drivers/fsl_usart.o
                0x0000000000021434                USART_TransferSendNonBlocking
 .text.USART_TransferHandleIRQ
                0x000000000002151c      0x120 ./drivers/fsl_usart.o
                0x000000000002151c                USART_TransferHandleIRQ
 .text.BufFix   0x000000000002163c      0x138 /home/zhuaiballl/code/iot_trusted/iot_trusted_ns/libs/libusdl.a(usdl_buf.o)
                0x000000000002163c                BufFix
 .text          0x0000000000021774      0x378 /usr/local/mcuxpressoide-11.2.0_4120/ide/plugins/com.nxp.mcuxpresso.tools.linux_11.2.0.202001021529/tools/bin/../lib/gcc/arm-none-eabi/9.2.1/thumb/v8-m.main+fp/hard/libgcc.a(_arm_addsubdf3.o)
                0x0000000000021774                __aeabi_drsub
                0x000000000002177c                __aeabi_dsub
                0x000000000002177c                __subdf3
                0x0000000000021780                __adddf3
                0x0000000000021780                __aeabi_dadd
                0x00000000000219f8                __aeabi_ui2d
                0x00000000000219f8                __floatunsidf
                0x0000000000021a18                __floatsidf
                0x0000000000021a18                __aeabi_i2d
                0x0000000000021a3c                __extendsfdf2
                0x0000000000021a3c                __aeabi_f2d
                0x0000000000021a80                __aeabi_ul2d
                0x0000000000021a80                __floatundidf
                0x0000000000021a90                __floatdidf
                0x0000000000021a90                __aeabi_l2d
 .text.malloc   0x0000000000021aec       0x10 /usr/local/mcuxpressoide-11.2.0_4120/ide/plugins/com.nxp.mcuxpresso.tools.linux_11.2.0.202001021529/tools/bin/../lib/gcc/arm-none-eabi/9.2.1/../../../../arm-none-eabi/lib/thumb/v8-m.main+fp/hard/libc_nano.a(lib_a-malloc.o)
                0x0000000000021aec                malloc
 .text._free_r  0x0000000000021afc       0xa0 /usr/local/mcuxpressoide-11.2.0_4120/ide/plugins/com.nxp.mcuxpresso.tools.linux_11.2.0.202001021529/tools/bin/../lib/gcc/arm-none-eabi/9.2.1/../../../../arm-none-eabi/lib/thumb/v8-m.main+fp/hard/libc_nano.a(lib_a-nano-freer.o)
                0x0000000000021afc                _free_r
 .text._malloc_r
                0x0000000000021b9c       0xb4 /usr/local/mcuxpressoide-11.2.0_4120/ide/plugins/com.nxp.mcuxpresso.tools.linux_11.2.0.202001021529/tools/bin/../lib/gcc/arm-none-eabi/9.2.1/../../../../arm-none-eabi/lib/thumb/v8-m.main+fp/hard/libc_nano.a(lib_a-nano-mallocr.o)
                0x0000000000021b9c                _malloc_r
 .text._printf_float
                0x0000000000021c50      0x46c /usr/local/mcuxpressoide-11.2.0_4120/ide/plugins/com.nxp.mcuxpresso.tools.linux_11.2.0.202001021529/tools/bin/../lib/gcc/arm-none-eabi/9.2.1/../../../../arm-none-eabi/lib/thumb/v8-m.main+fp/hard/libc_nano.a(lib_a-nano-vfprintf_float.o)
                0x0000000000021c50                _printf_float
 .text._printf_i
                0x00000000000220bc      0x24c /usr/local/mcuxpressoide-11.2.0_4120/ide/plugins/com.nxp.mcuxpresso.tools.linux_11.2.0.202001021529/tools/bin/../lib/gcc/arm-none-eabi/9.2.1/../../../../arm-none-eabi/lib/thumb/v8-m.main+fp/hard/libc_nano.a(lib_a-nano-vfprintf_i.o)
                0x00000000000220bc                _printf_i
 .text.printf   0x0000000000022308       0x30 /usr/local/mcuxpressoide-11.2.0_4120/ide/plugins/com.nxp.mcuxpresso.tools.linux_11.2.0.202001021529/tools/bin/../lib/gcc/arm-none-eabi/9.2.1/../../../../arm-none-eabi/lib/thumb/v8-m.main+fp/hard/libc_nano.a(lib_a-printf.o)
                0x0000000000022308                printf
                0x0000000000022308                iprintf
 .text._sbrk_r  0x0000000000022338       0x20 /usr/local/mcuxpressoide-11.2.0_4120/ide/plugins/com.nxp.mcuxpresso.tools.linux_11.2.0.202001021529/tools/bin/../lib/gcc/arm-none-eabi/9.2.1/../../../../arm-none-eabi/lib/thumb/v8-m.main+fp/hard/libc_nano.a(lib_a-sbrkr.o)
                0x0000000000022338                _sbrk_r
 .text._write_r
                0x0000000000022358       0x24 /usr/local/mcuxpressoide-11.2.0_4120/ide/plugins/com.nxp.mcuxpresso.tools.linux_11.2.0.202001021529/tools/bin/../lib/gcc/arm-none-eabi/9.2.1/../../../../arm-none-eabi/lib/thumb/v8-m.main+fp/hard/libc_nano.a(lib_a-writer.o)
                0x0000000000022358                _write_r
 .text._close_r
                0x000000000002237c       0x20 /usr/local/mcuxpressoide-11.2.0_4120/ide/plugins/com.nxp.mcuxpresso.tools.linux_11.2.0.202001021529/tools/bin/../lib/gcc/arm-none-eabi/9.2.1/../../../../arm-none-eabi/lib/thumb/v8-m.main+fp/hard/libc_nano.a(lib_a-closer.o)
                0x000000000002237c                _close_r
 .text.std      0x000000000002239c       0x48 /usr/local/mcuxpressoide-11.2.0_4120/ide/plugins/com.nxp.mcuxpresso.tools.linux_11.2.0.202001021529/tools/bin/../lib/gcc/arm-none-eabi/9.2.1/../../../../arm-none-eabi/lib/thumb/v8-m.main+fp/hard/libc_nano.a(lib_a-findfp.o)
 .text._cleanup_r
                0x00000000000223e4        0xc /usr/local/mcuxpressoide-11.2.0_4120/ide/plugins/com.nxp.mcuxpresso.tools.linux_11.2.0.202001021529/tools/bin/../lib/gcc/arm-none-eabi/9.2.1/../../../../arm-none-eabi/lib/thumb/v8-m.main+fp/hard/libc_nano.a(lib_a-findfp.o)
                0x00000000000223e4                _cleanup_r
 .text.__sfp_lock_acquire
                0x00000000000223f0        0xc /usr/local/mcuxpressoide-11.2.0_4120/ide/plugins/com.nxp.mcuxpresso.tools.linux_11.2.0.202001021529/tools/bin/../lib/gcc/arm-none-eabi/9.2.1/../../../../arm-none-eabi/lib/thumb/v8-m.main+fp/hard/libc_nano.a(lib_a-findfp.o)
                0x00000000000223f0                __sfp_lock_acquire
 .text.__sfp_lock_release
                0x00000000000223fc        0xc /usr/local/mcuxpressoide-11.2.0_4120/ide/plugins/com.nxp.mcuxpresso.tools.linux_11.2.0.202001021529/tools/bin/../lib/gcc/arm-none-eabi/9.2.1/../../../../arm-none-eabi/lib/thumb/v8-m.main+fp/hard/libc_nano.a(lib_a-findfp.o)
                0x00000000000223fc                __sfp_lock_release
 .text.__sinit_lock_acquire
                0x0000000000022408        0xc /usr/local/mcuxpressoide-11.2.0_4120/ide/plugins/com.nxp.mcuxpresso.tools.linux_11.2.0.202001021529/tools/bin/../lib/gcc/arm-none-eabi/9.2.1/../../../../arm-none-eabi/lib/thumb/v8-m.main+fp/hard/libc_nano.a(lib_a-findfp.o)
                0x0000000000022408                __sinit_lock_acquire
 .text.__sinit_lock_release
                0x0000000000022414        0xc /usr/local/mcuxpressoide-11.2.0_4120/ide/plugins/com.nxp.mcuxpresso.tools.linux_11.2.0.202001021529/tools/bin/../lib/gcc/arm-none-eabi/9.2.1/../../../../arm-none-eabi/lib/thumb/v8-m.main+fp/hard/libc_nano.a(lib_a-findfp.o)
                0x0000000000022414                __sinit_lock_release
 .text.__sinit  0x0000000000022420       0x70 /usr/local/mcuxpressoide-11.2.0_4120/ide/plugins/com.nxp.mcuxpresso.tools.linux_11.2.0.202001021529/tools/bin/../lib/gcc/arm-none-eabi/9.2.1/../../../../arm-none-eabi/lib/thumb/v8-m.main+fp/hard/libc_nano.a(lib_a-findfp.o)
                0x0000000000022420                __sinit
 .text.__sfp    0x0000000000022490       0x8c /usr/local/mcuxpressoide-11.2.0_4120/ide/plugins/com.nxp.mcuxpresso.tools.linux_11.2.0.202001021529/tools/bin/../lib/gcc/arm-none-eabi/9.2.1/../../../../arm-none-eabi/lib/thumb/v8-m.main+fp/hard/libc_nano.a(lib_a-findfp.o)
                0x0000000000022490                __sfp
 .text._localeconv_r
                0x000000000002251c        0x8 /usr/local/mcuxpressoide-11.2.0_4120/ide/plugins/com.nxp.mcuxpresso.tools.linux_11.2.0.202001021529/tools/bin/../lib/gcc/arm-none-eabi/9.2.1/../../../../arm-none-eabi/lib/thumb/v8-m.main+fp/hard/libc_nano.a(lib_a-localeconv.o)
                0x000000000002251c                _localeconv_r
 .text._lseek_r
                0x0000000000022524       0x24 /usr/local/mcuxpressoide-11.2.0_4120/ide/plugins/com.nxp.mcuxpresso.tools.linux_11.2.0.202001021529/tools/bin/../lib/gcc/arm-none-eabi/9.2.1/../../../../arm-none-eabi/lib/thumb/v8-m.main+fp/hard/libc_nano.a(lib_a-lseekr.o)
                0x0000000000022524                _lseek_r
 .text.__malloc_lock
                0x0000000000022548        0xc /usr/local/mcuxpressoide-11.2.0_4120/ide/plugins/com.nxp.mcuxpresso.tools.linux_11.2.0.202001021529/tools/bin/../lib/gcc/arm-none-eabi/9.2.1/../../../../arm-none-eabi/lib/thumb/v8-m.main+fp/hard/libc_nano.a(lib_a-mlock.o)
                0x0000000000022548                __malloc_lock
 .text.__malloc_unlock
                0x0000000000022554        0xc /usr/local/mcuxpressoide-11.2.0_4120/ide/plugins/com.nxp.mcuxpresso.tools.linux_11.2.0.202001021529/tools/bin/../lib/gcc/arm-none-eabi/9.2.1/../../../../arm-none-eabi/lib/thumb/v8-m.main+fp/hard/libc_nano.a(lib_a-mlock.o)
                0x0000000000022554                __malloc_unlock
 .text.__pow5mult
                0x0000000000022560       0x9c /usr/local/mcuxpressoide-11.2.0_4120/ide/plugins/com.nxp.mcuxpresso.tools.linux_11.2.0.202001021529/tools/bin/../lib/gcc/arm-none-eabi/9.2.1/../../../../arm-none-eabi/lib/thumb/v8-m.main+fp/hard/libc_nano.a(lib_a-mprec.o)
                0x0000000000022560                __pow5mult
 .text._vfprintf_r
                0x00000000000225fc      0x260 /usr/local/mcuxpressoide-11.2.0_4120/ide/plugins/com.nxp.mcuxpresso.tools.linux_11.2.0.202001021529/tools/bin/../lib/gcc/arm-none-eabi/9.2.1/../../../../arm-none-eabi/lib/thumb/v8-m.main+fp/hard/libc_nano.a(lib_a-nano-vfprintf.o)
                0x00000000000225fc                _vfiprintf_r
                0x00000000000225fc                _vfprintf_r
 .text._read_r  0x000000000002285c       0x24 /usr/local/mcuxpressoide-11.2.0_4120/ide/plugins/com.nxp.mcuxpresso.tools.linux_11.2.0.202001021529/tools/bin/../lib/gcc/arm-none-eabi/9.2.1/../../../../arm-none-eabi/lib/thumb/v8-m.main+fp/hard/libc_nano.a(lib_a-readr.o)
                0x000000000002285c                _read_r
 .text.__swbuf_r
                0x0000000000022880       0xa4 /usr/local/mcuxpressoide-11.2.0_4120/ide/plugins/com.nxp.mcuxpresso.tools.linux_11.2.0.202001021529/tools/bin/../lib/gcc/arm-none-eabi/9.2.1/../../../../arm-none-eabi/lib/thumb/v8-m.main+fp/hard/libc_nano.a(lib_a-wbuf.o)
                0x0000000000022880                __swbuf_r
 .text.__swsetup_r
                0x0000000000022924       0xdc /usr/local/mcuxpressoide-11.2.0_4120/ide/plugins/com.nxp.mcuxpresso.tools.linux_11.2.0.202001021529/tools/bin/../lib/gcc/arm-none-eabi/9.2.1/../../../../arm-none-eabi/lib/thumb/v8-m.main+fp/hard/libc_nano.a(lib_a-wsetup.o)
                0x0000000000022924                __swsetup_r
 .text.__sflush_r
                0x0000000000022a00      0x108 /usr/local/mcuxpressoide-11.2.0_4120/ide/plugins/com.nxp.mcuxpresso.tools.linux_11.2.0.202001021529/tools/bin/../lib/gcc/arm-none-eabi/9.2.1/../../../../arm-none-eabi/lib/thumb/v8-m.main+fp/hard/libc_nano.a(lib_a-fflush.o)
                0x0000000000022a00                __sflush_r
 .text._fflush_r
                0x0000000000022b08       0x78 /usr/local/mcuxpressoide-11.2.0_4120/ide/plugins/com.nxp.mcuxpresso.tools.linux_11.2.0.202001021529/tools/bin/../lib/gcc/arm-none-eabi/9.2.1/../../../../arm-none-eabi/lib/thumb/v8-m.main+fp/hard/libc_nano.a(lib_a-fflush.o)
                0x0000000000022b08                _fflush_r
 .text.__smakebuf_r
                0x0000000000022b80       0x80 /usr/local/mcuxpressoide-11.2.0_4120/ide/plugins/com.nxp.mcuxpresso.tools.linux_11.2.0.202001021529/tools/bin/../lib/gcc/arm-none-eabi/9.2.1/../../../../arm-none-eabi/lib/thumb/v8-m.main+fp/hard/libc_nano.a(lib_a-makebuf.o)
                0x0000000000022b80                __smakebuf_r
 .text._fstat_r
                0x0000000000022c00       0x24 /usr/local/mcuxpressoide-11.2.0_4120/ide/plugins/com.nxp.mcuxpresso.tools.linux_11.2.0.202001021529/tools/bin/../lib/gcc/arm-none-eabi/9.2.1/../../../../arm-none-eabi/lib/thumb/v8-m.main+fp/hard/libc_nano.a(lib_a-fstatr.o)
                0x0000000000022c00                _fstat_r
 .text._isatty_r
                0x0000000000022c24       0x20 /usr/local/mcuxpressoide-11.2.0_4120/ide/plugins/com.nxp.mcuxpresso.tools.linux_11.2.0.202001021529/tools/bin/../lib/gcc/arm-none-eabi/9.2.1/../../../../arm-none-eabi/lib/thumb/v8-m.main+fp/hard/libc_nano.a(lib_a-isattyr.o)
                0x0000000000022c24                _isatty_r
 .text._sbrk    0x0000000000022c44       0x3c /usr/local/mcuxpressoide-11.2.0_4120/ide/plugins/com.nxp.mcuxpresso.tools.linux_11.2.0.202001021529/tools/bin/../lib/gcc/arm-none-eabi/9.2.1/../../../../arm-none-eabi/lib/thumb/v8-m.main+fp/hard/libcr_newlib_semihost.a(_cr_sbrk.o)
                0x0000000000022c44                _sbrk
 .text.initialise_monitor_handles
                0x0000000000022c80       0xac /usr/local/mcuxpressoide-11.2.0_4120/ide/plugins/com.nxp.mcuxpresso.tools.linux_11.2.0.202001021529/tools/bin/../lib/gcc/arm-none-eabi/9.2.1/../../../../arm-none-eabi/lib/thumb/v8-m.main+fp/hard/libcr_newlib_semihost.a(syscalls.o)
 .text.findslot
                0x0000000000022d2c       0x24 /usr/local/mcuxpressoide-11.2.0_4120/ide/plugins/com.nxp.mcuxpresso.tools.linux_11.2.0.202001021529/tools/bin/../lib/gcc/arm-none-eabi/9.2.1/../../../../arm-none-eabi/lib/thumb/v8-m.main+fp/hard/libcr_newlib_semihost.a(syscalls.o)
 .text._close   0x0000000000022d50       0x4c /usr/local/mcuxpressoide-11.2.0_4120/ide/plugins/com.nxp.mcuxpresso.tools.linux_11.2.0.202001021529/tools/bin/../lib/gcc/arm-none-eabi/9.2.1/../../../../arm-none-eabi/lib/thumb/v8-m.main+fp/hard/libcr_newlib_semihost.a(syscalls.o)
                0x0000000000022d50                _close
 .text.__check_heap_overflow
                0x0000000000022d9c       0x18 /usr/local/mcuxpressoide-11.2.0_4120/ide/plugins/com.nxp.mcuxpresso.tools.linux_11.2.0.202001021529/tools/bin/../lib/gcc/arm-none-eabi/9.2.1/../../../../arm-none-eabi/lib/thumb/v8-m.main+fp/hard/libcr_newlib_semihost.a(_cr_check_heap.o)
                0x0000000000022d9c                __check_heap_overflow
 .text          0x0000000000022db4      0x424 /usr/local/mcuxpressoide-11.2.0_4120/ide/plugins/com.nxp.mcuxpresso.tools.linux_11.2.0.202001021529/tools/bin/../lib/gcc/arm-none-eabi/9.2.1/thumb/v8-m.main+fp/hard/libgcc.a(_arm_muldivdf3.o)
                0x0000000000022db4                __aeabi_dmul
                0x0000000000022db4                __muldf3
                0x0000000000023008                __aeabi_ddiv
                0x0000000000023008                __divdf3
 .text          0x00000000000231d8      0x110 /usr/local/mcuxpressoide-11.2.0_4120/ide/plugins/com.nxp.mcuxpresso.tools.linux_11.2.0.202001021529/tools/bin/../lib/gcc/arm-none-eabi/9.2.1/thumb/v8-m.main+fp/hard/libgcc.a(_arm_cmpdf2.o)
                0x00000000000231d8                __gtdf2
                0x00000000000231d8                __gedf2
                0x00000000000231e0                __ltdf2
                0x00000000000231e0                __ledf2
                0x00000000000231e8                __cmpdf2
                0x00000000000231e8                __eqdf2
                0x00000000000231e8                __nedf2
                0x0000000000023264                __aeabi_cdrcmple
                0x0000000000023274                __aeabi_cdcmple
                0x0000000000023274                __aeabi_cdcmpeq
                0x0000000000023284                __aeabi_dcmpeq
                0x0000000000023298                __aeabi_dcmplt
                0x00000000000232ac                __aeabi_dcmple
                0x00000000000232c0                __aeabi_dcmpge
                0x00000000000232d4                __aeabi_dcmpgt
 .text          0x00000000000232e8       0x2c /usr/local/mcuxpressoide-11.2.0_4120/ide/plugins/com.nxp.mcuxpresso.tools.linux_11.2.0.202001021529/tools/bin/../lib/gcc/arm-none-eabi/9.2.1/thumb/v8-m.main+fp/hard/libgcc.a(_arm_unorddf2.o)
                0x00000000000232e8                __aeabi_dcmpun
                0x00000000000232e8                __unorddf2
 .text          0x0000000000023314       0x50 /usr/local/mcuxpressoide-11.2.0_4120/ide/plugins/com.nxp.mcuxpresso.tools.linux_11.2.0.202001021529/tools/bin/../lib/gcc/arm-none-eabi/9.2.1/thumb/v8-m.main+fp/hard/libgcc.a(_arm_fixdfsi.o)
                0x0000000000023314                __fixdfsi
                0x0000000000023314                __aeabi_d2iz
 .text.__errno  0x0000000000023364        0xc /usr/local/mcuxpressoide-11.2.0_4120/ide/plugins/com.nxp.mcuxpresso.tools.linux_11.2.0.202001021529/tools/bin/../lib/gcc/arm-none-eabi/9.2.1/../../../../arm-none-eabi/lib/thumb/v8-m.main+fp/hard/libc_nano.a(lib_a-errno.o)
                0x0000000000023364                __errno
 .text.WDT_BOD_IRQHandler
                0x0000000000023370        0x8 ./startup/startup_lpc55s69_cm33_core0.o
                0x0000000000023370                WDT_BOD_IRQHandler
 .text.DMA0_IRQHandler
                0x0000000000023378        0x8 ./startup/startup_lpc55s69_cm33_core0.o
                0x0000000000023378                DMA0_IRQHandler
 .text.GINT0_IRQHandler
                0x0000000000023380        0x8 ./startup/startup_lpc55s69_cm33_core0.o
                0x0000000000023380                GINT0_IRQHandler
 .text.GINT1_IRQHandler
                0x0000000000023388        0x8 ./startup/startup_lpc55s69_cm33_core0.o
                0x0000000000023388                GINT1_IRQHandler
 .text.PIN_INT0_IRQHandler
                0x0000000000023390        0x8 ./startup/startup_lpc55s69_cm33_core0.o
                0x0000000000023390                PIN_INT0_IRQHandler
 .text.PIN_INT1_IRQHandler
                0x0000000000023398        0x8 ./startup/startup_lpc55s69_cm33_core0.o
                0x0000000000023398                PIN_INT1_IRQHandler
 .text.PIN_INT2_IRQHandler
                0x00000000000233a0        0x8 ./startup/startup_lpc55s69_cm33_core0.o
                0x00000000000233a0                PIN_INT2_IRQHandler
 .text.PIN_INT3_IRQHandler
                0x00000000000233a8        0x8 ./startup/startup_lpc55s69_cm33_core0.o
                0x00000000000233a8                PIN_INT3_IRQHandler
 .text.UTICK0_IRQHandler
                0x00000000000233b0        0x8 ./startup/startup_lpc55s69_cm33_core0.o
                0x00000000000233b0                UTICK0_IRQHandler
 .text.MRT0_IRQHandler
                0x00000000000233b8        0x8 ./startup/startup_lpc55s69_cm33_core0.o
                0x00000000000233b8                MRT0_IRQHandler
 .text.CTIMER0_IRQHandler
                0x00000000000233c0        0x8 ./startup/startup_lpc55s69_cm33_core0.o
                0x00000000000233c0                CTIMER0_IRQHandler
 .text.CTIMER1_IRQHandler
                0x00000000000233c8        0x8 ./startup/startup_lpc55s69_cm33_core0.o
                0x00000000000233c8                CTIMER1_IRQHandler
 .text.SCT0_IRQHandler
                0x00000000000233d0        0x8 ./startup/startup_lpc55s69_cm33_core0.o
                0x00000000000233d0                SCT0_IRQHandler
 .text.CTIMER3_IRQHandler
                0x00000000000233d8        0x8 ./startup/startup_lpc55s69_cm33_core0.o
                0x00000000000233d8                CTIMER3_IRQHandler
 .text.FLEXCOMM0_IRQHandler
                0x00000000000233e0        0x8 ./startup/startup_lpc55s69_cm33_core0.o
                0x00000000000233e0                FLEXCOMM0_IRQHandler
 .text.FLEXCOMM1_IRQHandler
                0x00000000000233e8        0x8 ./startup/startup_lpc55s69_cm33_core0.o
                0x00000000000233e8                FLEXCOMM1_IRQHandler
 .text.FLEXCOMM2_IRQHandler
                0x00000000000233f0        0x8 ./startup/startup_lpc55s69_cm33_core0.o
                0x00000000000233f0                FLEXCOMM2_IRQHandler
 .text.FLEXCOMM3_IRQHandler
                0x00000000000233f8        0x8 ./startup/startup_lpc55s69_cm33_core0.o
                0x00000000000233f8                FLEXCOMM3_IRQHandler
 .text.FLEXCOMM4_IRQHandler
                0x0000000000023400        0x8 ./startup/startup_lpc55s69_cm33_core0.o
                0x0000000000023400                FLEXCOMM4_IRQHandler
 .text.FLEXCOMM5_IRQHandler
                0x0000000000023408        0x8 ./startup/startup_lpc55s69_cm33_core0.o
                0x0000000000023408                FLEXCOMM5_IRQHandler
 .text.FLEXCOMM6_IRQHandler
                0x0000000000023410        0x8 ./startup/startup_lpc55s69_cm33_core0.o
                0x0000000000023410                FLEXCOMM6_IRQHandler
 .text.FLEXCOMM7_IRQHandler
                0x0000000000023418        0x8 ./startup/startup_lpc55s69_cm33_core0.o
                0x0000000000023418                FLEXCOMM7_IRQHandler
 .text.ADC0_IRQHandler
                0x0000000000023420        0x8 ./startup/startup_lpc55s69_cm33_core0.o
                0x0000000000023420                ADC0_IRQHandler
 .text.Reserved39_IRQHandler
                0x0000000000023428        0x8 ./startup/startup_lpc55s69_cm33_core0.o
                0x0000000000023428                Reserved39_IRQHandler
 .text.ACMP_IRQHandler
                0x0000000000023430        0x8 ./startup/startup_lpc55s69_cm33_core0.o
                0x0000000000023430                ACMP_IRQHandler
 .text.Reserved41_IRQHandler
                0x0000000000023438        0x8 ./startup/startup_lpc55s69_cm33_core0.o
                0x0000000000023438                Reserved41_IRQHandler
 .text.Reserved42_IRQHandler
                0x0000000000023440        0x8 ./startup/startup_lpc55s69_cm33_core0.o
                0x0000000000023440                Reserved42_IRQHandler
 .text.USB0_NEEDCLK_IRQHandler
                0x0000000000023448        0x8 ./startup/startup_lpc55s69_cm33_core0.o
                0x0000000000023448                USB0_NEEDCLK_IRQHandler
 .text.USB0_IRQHandler
                0x0000000000023450        0x8 ./startup/startup_lpc55s69_cm33_core0.o
                0x0000000000023450                USB0_IRQHandler
 .text.RTC_IRQHandler
                0x0000000000023458        0x8 ./startup/startup_lpc55s69_cm33_core0.o
                0x0000000000023458                RTC_IRQHandler
 .text.Reserved46_IRQHandler
                0x0000000000023460        0x8 ./startup/startup_lpc55s69_cm33_core0.o
                0x0000000000023460                Reserved46_IRQHandler
 .text.MAILBOX_IRQHandler
                0x0000000000023468        0x8 ./startup/startup_lpc55s69_cm33_core0.o
                0x0000000000023468                MAILBOX_IRQHandler
 .text.PIN_INT4_IRQHandler
                0x0000000000023470        0x8 ./startup/startup_lpc55s69_cm33_core0.o
                0x0000000000023470                PIN_INT4_IRQHandler
 .text.PIN_INT5_IRQHandler
                0x0000000000023478        0x8 ./startup/startup_lpc55s69_cm33_core0.o
                0x0000000000023478                PIN_INT5_IRQHandler
 .text.PIN_INT6_IRQHandler
                0x0000000000023480        0x8 ./startup/startup_lpc55s69_cm33_core0.o
                0x0000000000023480                PIN_INT6_IRQHandler
 .text.PIN_INT7_IRQHandler
                0x0000000000023488        0x8 ./startup/startup_lpc55s69_cm33_core0.o
                0x0000000000023488                PIN_INT7_IRQHandler
 .text.CTIMER2_IRQHandler
                0x0000000000023490        0x8 ./startup/startup_lpc55s69_cm33_core0.o
                0x0000000000023490                CTIMER2_IRQHandler
 .text.CTIMER4_IRQHandler
                0x0000000000023498        0x8 ./startup/startup_lpc55s69_cm33_core0.o
                0x0000000000023498                CTIMER4_IRQHandler
 .text.OS_EVENT_IRQHandler
                0x00000000000234a0        0x8 ./startup/startup_lpc55s69_cm33_core0.o
                0x00000000000234a0                OS_EVENT_IRQHandler
 .text.Reserved55_IRQHandler
                0x00000000000234a8        0x8 ./startup/startup_lpc55s69_cm33_core0.o
                0x00000000000234a8                Reserved55_IRQHandler
 .text.Reserved56_IRQHandler
                0x00000000000234b0        0x8 ./startup/startup_lpc55s69_cm33_core0.o
                0x00000000000234b0                Reserved56_IRQHandler
 .text.Reserved57_IRQHandler
                0x00000000000234b8        0x8 ./startup/startup_lpc55s69_cm33_core0.o
                0x00000000000234b8                Reserved57_IRQHandler
 .text.SDIO_IRQHandler
                0x00000000000234c0        0x8 ./startup/startup_lpc55s69_cm33_core0.o
                0x00000000000234c0                SDIO_IRQHandler
 .text.Reserved59_IRQHandler
                0x00000000000234c8        0x8 ./startup/startup_lpc55s69_cm33_core0.o
                0x00000000000234c8                Reserved59_IRQHandler
 .text.Reserved60_IRQHandler
                0x00000000000234d0        0x8 ./startup/startup_lpc55s69_cm33_core0.o
                0x00000000000234d0                Reserved60_IRQHandler
 .text.Reserved61_IRQHandler
                0x00000000000234d8        0x8 ./startup/startup_lpc55s69_cm33_core0.o
                0x00000000000234d8                Reserved61_IRQHandler
 .text.USB1_UTMI_IRQHandler
                0x00000000000234e0        0x8 ./startup/startup_lpc55s69_cm33_core0.o
                0x00000000000234e0                USB1_UTMI_IRQHandler
 .text.USB1_IRQHandler
                0x00000000000234e8        0x8 ./startup/startup_lpc55s69_cm33_core0.o
                0x00000000000234e8                USB1_IRQHandler
 .text.USB1_NEEDCLK_IRQHandler
                0x00000000000234f0        0x8 ./startup/startup_lpc55s69_cm33_core0.o
                0x00000000000234f0                USB1_NEEDCLK_IRQHandler
 .text.SEC_HYPERVISOR_CALL_IRQHandler
                0x00000000000234f8        0x8 ./startup/startup_lpc55s69_cm33_core0.o
                0x00000000000234f8                SEC_HYPERVISOR_CALL_IRQHandler
 .text.SEC_GPIO_INT0_IRQ0_IRQHandler
                0x0000000000023500        0x8 ./startup/startup_lpc55s69_cm33_core0.o
                0x0000000000023500                SEC_GPIO_INT0_IRQ0_IRQHandler
 .text.SEC_GPIO_INT0_IRQ1_IRQHandler
                0x0000000000023508        0x8 ./startup/startup_lpc55s69_cm33_core0.o
                0x0000000000023508                SEC_GPIO_INT0_IRQ1_IRQHandler
 .text.PLU_IRQHandler
                0x0000000000023510        0x8 ./startup/startup_lpc55s69_cm33_core0.o
                0x0000000000023510                PLU_IRQHandler
 .text.SEC_VIO_IRQHandler
                0x0000000000023518        0x8 ./startup/startup_lpc55s69_cm33_core0.o
                0x0000000000023518                SEC_VIO_IRQHandler
 .text.HASHCRYPT_IRQHandler
                0x0000000000023520        0x8 ./startup/startup_lpc55s69_cm33_core0.o
                0x0000000000023520                HASHCRYPT_IRQHandler
 .text.CASER_IRQHandler
                0x0000000000023528        0x8 ./startup/startup_lpc55s69_cm33_core0.o
                0x0000000000023528                CASER_IRQHandler
 .text.PUF_IRQHandler
                0x0000000000023530        0x8 ./startup/startup_lpc55s69_cm33_core0.o
                0x0000000000023530                PUF_IRQHandler
 .text.PQ_IRQHandler
                0x0000000000023538        0x8 ./startup/startup_lpc55s69_cm33_core0.o
                0x0000000000023538                PQ_IRQHandler
 .text.DMA1_IRQHandler
                0x0000000000023540        0x8 ./startup/startup_lpc55s69_cm33_core0.o
                0x0000000000023540                DMA1_IRQHandler
 .text.FLEXCOMM8_IRQHandler
                0x0000000000023548        0x8 ./startup/startup_lpc55s69_cm33_core0.o
                0x0000000000023548                FLEXCOMM8_IRQHandler
 .text.USART_EnableInterrupts
                0x0000000000023550       0x22 ./source/app_uart.o
 .text.USART_UserCallback
                0x0000000000023572       0x44 ./source/app_uart.o
                0x0000000000023572                USART_UserCallback
 .text.AppUartSend
                0x00000000000235b6       0x4c ./source/app_uart.o
                0x00000000000235b6                AppUartSend
 .text.AppUartRecv
                0x0000000000023602       0x48 ./source/app_uart.o
                0x0000000000023602                AppUartRecv
 .text.SystemInit
                0x000000000002364a        0xe ./source/main_ns.o
                0x000000000002364a                SystemInit
 .text.EnableIRQ
                0x0000000000023658       0x2c ./drivers/fsl_usart.o
 .text.GetDataLen
                0x0000000000023684       0x4a /home/zhuaiballl/code/iot_trusted/iot_trusted_ns/libs/libusdl.a(usdl_buf.o)
 .text.BufInit  0x00000000000236ce       0x52 /home/zhuaiballl/code/iot_trusted/iot_trusted_ns/libs/libusdl.a(usdl_buf.o)
                0x00000000000236ce                BufInit
 .text.BufAddData
                0x0000000000023720      0x11a /home/zhuaiballl/code/iot_trusted/iot_trusted_ns/libs/libusdl.a(usdl_buf.o)
                0x0000000000023720                BufAddData
 .text.BufGetData
                0x000000000002383a      0x11c /home/zhuaiballl/code/iot_trusted/iot_trusted_ns/libs/libusdl.a(usdl_buf.o)
                0x000000000002383a                BufGetData
 .text.BufDelHeadData
                0x0000000000023956       0xda /home/zhuaiballl/code/iot_trusted/iot_trusted_ns/libs/libusdl.a(usdl_buf.o)
                0x0000000000023956                BufDelHeadData
 .text.BufGetDataLen
                0x0000000000023a30       0x44 /home/zhuaiballl/code/iot_trusted/iot_trusted_ns/libs/libusdl.a(usdl_buf.o)
                0x0000000000023a30                BufGetDataLen
 .text.MemCpy   0x0000000000023a74       0x9c /home/zhuaiballl/code/iot_trusted/iot_trusted_ns/libs/libusdl.a(usdl_mem.o)
                0x0000000000023a74                MemCpy
 .text.MemMove  0x0000000000023b10       0xa8 /home/zhuaiballl/code/iot_trusted/iot_trusted_ns/libs/libusdl.a(usdl_mem.o)
                0x0000000000023b10                MemMove
 .text.MemLineToCycle
                0x0000000000023bb8       0xb4 /home/zhuaiballl/code/iot_trusted/iot_trusted_ns/libs/libusdl.a(usdl_mem.o)
                0x0000000000023bb8                MemLineToCycle
 .text.MemCycleSubToLine
                0x0000000000023c6c       0xc4 /home/zhuaiballl/code/iot_trusted/iot_trusted_ns/libs/libusdl.a(usdl_mem.o)
                0x0000000000023c6c                MemCycleSubToLine
 .text.memcpy   0x0000000000023d30       0x1a /usr/local/mcuxpressoide-11.2.0_4120/ide/plugins/com.nxp.mcuxpresso.tools.linux_11.2.0.202001021529/tools/bin/../lib/gcc/arm-none-eabi/9.2.1/../../../../arm-none-eabi/lib/thumb/v8-m.main+fp/hard/libc_nano.a(lib_a-memcpy-stub.o)
                0x0000000000023d30                memcpy
 .text.memset   0x0000000000023d4a       0x10 /usr/local/mcuxpressoide-11.2.0_4120/ide/plugins/com.nxp.mcuxpresso.tools.linux_11.2.0.202001021529/tools/bin/../lib/gcc/arm-none-eabi/9.2.1/../../../../arm-none-eabi/lib/thumb/v8-m.main+fp/hard/libc_nano.a(lib_a-memset.o)
                0x0000000000023d4a                memset
 .text._calloc_r
                0x0000000000023d5a       0x1e /usr/local/mcuxpressoide-11.2.0_4120/ide/plugins/com.nxp.mcuxpresso.tools.linux_11.2.0.202001021529/tools/bin/../lib/gcc/arm-none-eabi/9.2.1/../../../../arm-none-eabi/lib/thumb/v8-m.main+fp/hard/libc_nano.a(lib_a-nano-callocr.o)
                0x0000000000023d5a                _calloc_r
 .text.__cvt    0x0000000000023d78       0xc4 /usr/local/mcuxpressoide-11.2.0_4120/ide/plugins/com.nxp.mcuxpresso.tools.linux_11.2.0.202001021529/tools/bin/../lib/gcc/arm-none-eabi/9.2.1/../../../../arm-none-eabi/lib/thumb/v8-m.main+fp/hard/libc_nano.a(lib_a-nano-vfprintf_float.o)
                0x0000000000023d78                __cvt
 .text.__exponent
                0x0000000000023e3c       0x7c /usr/local/mcuxpressoide-11.2.0_4120/ide/plugins/com.nxp.mcuxpresso.tools.linux_11.2.0.202001021529/tools/bin/../lib/gcc/arm-none-eabi/9.2.1/../../../../arm-none-eabi/lib/thumb/v8-m.main+fp/hard/libc_nano.a(lib_a-nano-vfprintf_float.o)
                0x0000000000023e3c                __exponent
 .text._printf_common
                0x0000000000023eb8       0xe0 /usr/local/mcuxpressoide-11.2.0_4120/ide/plugins/com.nxp.mcuxpresso.tools.linux_11.2.0.202001021529/tools/bin/../lib/gcc/arm-none-eabi/9.2.1/../../../../arm-none-eabi/lib/thumb/v8-m.main+fp/hard/libc_nano.a(lib_a-nano-vfprintf_i.o)
                0x0000000000023eb8                _printf_common
 .text.__sread  0x0000000000023f98       0x22 /usr/local/mcuxpressoide-11.2.0_4120/ide/plugins/com.nxp.mcuxpresso.tools.linux_11.2.0.202001021529/tools/bin/../lib/gcc/arm-none-eabi/9.2.1/../../../../arm-none-eabi/lib/thumb/v8-m.main+fp/hard/libc_nano.a(lib_a-stdio.o)
                0x0000000000023f98                __sread
 .text.__swrite
                0x0000000000023fba       0x38 /usr/local/mcuxpressoide-11.2.0_4120/ide/plugins/com.nxp.mcuxpresso.tools.linux_11.2.0.202001021529/tools/bin/../lib/gcc/arm-none-eabi/9.2.1/../../../../arm-none-eabi/lib/thumb/v8-m.main+fp/hard/libc_nano.a(lib_a-stdio.o)
                0x0000000000023fba                __swrite
 .text.__sseek  0x0000000000023ff2       0x24 /usr/local/mcuxpressoide-11.2.0_4120/ide/plugins/com.nxp.mcuxpresso.tools.linux_11.2.0.202001021529/tools/bin/../lib/gcc/arm-none-eabi/9.2.1/../../../../arm-none-eabi/lib/thumb/v8-m.main+fp/hard/libc_nano.a(lib_a-stdio.o)
                0x0000000000023ff2                __sseek
 .text.__sclose
                0x0000000000024016        0x8 /usr/local/mcuxpressoide-11.2.0_4120/ide/plugins/com.nxp.mcuxpresso.tools.linux_11.2.0.202001021529/tools/bin/../lib/gcc/arm-none-eabi/9.2.1/../../../../arm-none-eabi/lib/thumb/v8-m.main+fp/hard/libc_nano.a(lib_a-stdio.o)
                0x0000000000024016                __sclose
 .text          0x000000000002401e       0x10 /usr/local/mcuxpressoide-11.2.0_4120/ide/plugins/com.nxp.mcuxpresso.tools.linux_11.2.0.202001021529/tools/bin/../lib/gcc/arm-none-eabi/9.2.1/../../../../arm-none-eabi/lib/thumb/v8-m.main+fp/hard/libc_nano.a(lib_a-strlen.o)
                0x000000000002401e                strlen
 .text.quorem   0x000000000002402e      0x11e /usr/local/mcuxpressoide-11.2.0_4120/ide/plugins/com.nxp.mcuxpresso.tools.linux_11.2.0.202001021529/tools/bin/../lib/gcc/arm-none-eabi/9.2.1/../../../../arm-none-eabi/lib/thumb/v8-m.main+fp/hard/libc_nano.a(lib_a-dtoa.o)
 .text.__sfmoreglue
                0x000000000002414c       0x2c /usr/local/mcuxpressoide-11.2.0_4120/ide/plugins/com.nxp.mcuxpresso.tools.linux_11.2.0.202001021529/tools/bin/../lib/gcc/arm-none-eabi/9.2.1/../../../../arm-none-eabi/lib/thumb/v8-m.main+fp/hard/libc_nano.a(lib_a-findfp.o)
                0x000000000002414c                __sfmoreglue
 .text._fwalk_reent
                0x0000000000024178       0x3e /usr/local/mcuxpressoide-11.2.0_4120/ide/plugins/com.nxp.mcuxpresso.tools.linux_11.2.0.202001021529/tools/bin/../lib/gcc/arm-none-eabi/9.2.1/../../../../arm-none-eabi/lib/thumb/v8-m.main+fp/hard/libc_nano.a(lib_a-fwalk.o)
                0x0000000000024178                _fwalk_reent
 .text.__retarget_lock_init_recursive
                0x00000000000241b6        0x2 /usr/local/mcuxpressoide-11.2.0_4120/ide/plugins/com.nxp.mcuxpresso.tools.linux_11.2.0.202001021529/tools/bin/../lib/gcc/arm-none-eabi/9.2.1/../../../../arm-none-eabi/lib/thumb/v8-m.main+fp/hard/libc_nano.a(lib_a-lock.o)
                0x00000000000241b6                __retarget_lock_init_recursive
 .text.__retarget_lock_acquire_recursive
                0x00000000000241b8        0x2 /usr/local/mcuxpressoide-11.2.0_4120/ide/plugins/com.nxp.mcuxpresso.tools.linux_11.2.0.202001021529/tools/bin/../lib/gcc/arm-none-eabi/9.2.1/../../../../arm-none-eabi/lib/thumb/v8-m.main+fp/hard/libc_nano.a(lib_a-lock.o)
                0x00000000000241b8                __retarget_lock_acquire_recursive
 .text.__retarget_lock_release_recursive
                0x00000000000241ba        0x2 /usr/local/mcuxpressoide-11.2.0_4120/ide/plugins/com.nxp.mcuxpresso.tools.linux_11.2.0.202001021529/tools/bin/../lib/gcc/arm-none-eabi/9.2.1/../../../../arm-none-eabi/lib/thumb/v8-m.main+fp/hard/libc_nano.a(lib_a-lock.o)
                0x00000000000241ba                __retarget_lock_release_recursive
 .text.memchr   0x00000000000241bc       0x1c /usr/local/mcuxpressoide-11.2.0_4120/ide/plugins/com.nxp.mcuxpresso.tools.linux_11.2.0.202001021529/tools/bin/../lib/gcc/arm-none-eabi/9.2.1/../../../../arm-none-eabi/lib/thumb/v8-m.main+fp/hard/libc_nano.a(lib_a-memchr-stub.o)
                0x00000000000241bc                memchr
 .text._Balloc  0x00000000000241d8       0x68 /usr/local/mcuxpressoide-11.2.0_4120/ide/plugins/com.nxp.mcuxpresso.tools.linux_11.2.0.202001021529/tools/bin/../lib/gcc/arm-none-eabi/9.2.1/../../../../arm-none-eabi/lib/thumb/v8-m.main+fp/hard/libc_nano.a(lib_a-mprec.o)
                0x00000000000241d8                _Balloc
 .text._Bfree   0x0000000000024240       0x2e /usr/local/mcuxpressoide-11.2.0_4120/ide/plugins/com.nxp.mcuxpresso.tools.linux_11.2.0.202001021529/tools/bin/../lib/gcc/arm-none-eabi/9.2.1/../../../../arm-none-eabi/lib/thumb/v8-m.main+fp/hard/libc_nano.a(lib_a-mprec.o)
                0x0000000000024240                _Bfree
 .text.__multadd
                0x000000000002426e       0x7e /usr/local/mcuxpressoide-11.2.0_4120/ide/plugins/com.nxp.mcuxpresso.tools.linux_11.2.0.202001021529/tools/bin/../lib/gcc/arm-none-eabi/9.2.1/../../../../arm-none-eabi/lib/thumb/v8-m.main+fp/hard/libc_nano.a(lib_a-mprec.o)
                0x000000000002426e                __multadd
 .text.__hi0bits
                0x00000000000242ec       0x40 /usr/local/mcuxpressoide-11.2.0_4120/ide/plugins/com.nxp.mcuxpresso.tools.linux_11.2.0.202001021529/tools/bin/../lib/gcc/arm-none-eabi/9.2.1/../../../../arm-none-eabi/lib/thumb/v8-m.main+fp/hard/libc_nano.a(lib_a-mprec.o)
                0x00000000000242ec                __hi0bits
 .text.__lo0bits
                0x000000000002432c       0x60 /usr/local/mcuxpressoide-11.2.0_4120/ide/plugins/com.nxp.mcuxpresso.tools.linux_11.2.0.202001021529/tools/bin/../lib/gcc/arm-none-eabi/9.2.1/../../../../arm-none-eabi/lib/thumb/v8-m.main+fp/hard/libc_nano.a(lib_a-mprec.o)
                0x000000000002432c                __lo0bits
 .text.__i2b    0x000000000002438c       0x12 /usr/local/mcuxpressoide-11.2.0_4120/ide/plugins/com.nxp.mcuxpresso.tools.linux_11.2.0.202001021529/tools/bin/../lib/gcc/arm-none-eabi/9.2.1/../../../../arm-none-eabi/lib/thumb/v8-m.main+fp/hard/libc_nano.a(lib_a-mprec.o)
                0x000000000002438c                __i2b
 .text.__multiply
                0x000000000002439e      0x136 /usr/local/mcuxpressoide-11.2.0_4120/ide/plugins/com.nxp.mcuxpresso.tools.linux_11.2.0.202001021529/tools/bin/../lib/gcc/arm-none-eabi/9.2.1/../../../../arm-none-eabi/lib/thumb/v8-m.main+fp/hard/libc_nano.a(lib_a-mprec.o)
                0x000000000002439e                __multiply
 .text.__lshift
                0x00000000000244d4       0xbe /usr/local/mcuxpressoide-11.2.0_4120/ide/plugins/com.nxp.mcuxpresso.tools.linux_11.2.0.202001021529/tools/bin/../lib/gcc/arm-none-eabi/9.2.1/../../../../arm-none-eabi/lib/thumb/v8-m.main+fp/hard/libc_nano.a(lib_a-mprec.o)
                0x00000000000244d4                __lshift
 .text.__mcmp   0x0000000000024592       0x38 /usr/local/mcuxpressoide-11.2.0_4120/ide/plugins/com.nxp.mcuxpresso.tools.linux_11.2.0.202001021529/tools/bin/../lib/gcc/arm-none-eabi/9.2.1/../../../../arm-none-eabi/lib/thumb/v8-m.main+fp/hard/libc_nano.a(lib_a-mprec.o)
                0x0000000000024592                __mcmp
 .text.__mdiff  0x00000000000245ca       0xfa /usr/local/mcuxpressoide-11.2.0_4120/ide/plugins/com.nxp.mcuxpresso.tools.linux_11.2.0.202001021529/tools/bin/../lib/gcc/arm-none-eabi/9.2.1/../../../../arm-none-eabi/lib/thumb/v8-m.main+fp/hard/libc_nano.a(lib_a-mprec.o)
                0x00000000000245ca                __mdiff
 .text.__d2b    0x00000000000246c4       0xa0 /usr/local/mcuxpressoide-11.2.0_4120/ide/plugins/com.nxp.mcuxpresso.tools.linux_11.2.0.202001021529/tools/bin/../lib/gcc/arm-none-eabi/9.2.1/../../../../arm-none-eabi/lib/thumb/v8-m.main+fp/hard/libc_nano.a(lib_a-mprec.o)
                0x00000000000246c4                __d2b
 .text.__sfputc_r
                0x0000000000024764       0x2e /usr/local/mcuxpressoide-11.2.0_4120/ide/plugins/com.nxp.mcuxpresso.tools.linux_11.2.0.202001021529/tools/bin/../lib/gcc/arm-none-eabi/9.2.1/../../../../arm-none-eabi/lib/thumb/v8-m.main+fp/hard/libc_nano.a(lib_a-nano-vfprintf.o)
 .text.__sfputs_r
                0x0000000000024792       0x24 /usr/local/mcuxpressoide-11.2.0_4120/ide/plugins/com.nxp.mcuxpresso.tools.linux_11.2.0.202001021529/tools/bin/../lib/gcc/arm-none-eabi/9.2.1/../../../../arm-none-eabi/lib/thumb/v8-m.main+fp/hard/libc_nano.a(lib_a-nano-vfprintf.o)
                0x0000000000024792                __sfputs_r
 .text.__swhatbuf_r
                0x00000000000247b6       0x48 /usr/local/mcuxpressoide-11.2.0_4120/ide/plugins/com.nxp.mcuxpresso.tools.linux_11.2.0.202001021529/tools/bin/../lib/gcc/arm-none-eabi/9.2.1/../../../../arm-none-eabi/lib/thumb/v8-m.main+fp/hard/libc_nano.a(lib_a-makebuf.o)
                0x00000000000247b6                __swhatbuf_r
 .text.__ascii_mbtowc
                0x00000000000247fe       0x24 /usr/local/mcuxpressoide-11.2.0_4120/ide/plugins/com.nxp.mcuxpresso.tools.linux_11.2.0.202001021529/tools/bin/../lib/gcc/arm-none-eabi/9.2.1/../../../../arm-none-eabi/lib/thumb/v8-m.main+fp/hard/libc_nano.a(lib_a-mbtowc_r.o)
                0x00000000000247fe                __ascii_mbtowc
 .text.__ascii_wctomb
                0x0000000000024822       0x1a /usr/local/mcuxpressoide-11.2.0_4120/ide/plugins/com.nxp.mcuxpresso.tools.linux_11.2.0.202001021529/tools/bin/../lib/gcc/arm-none-eabi/9.2.1/../../../../arm-none-eabi/lib/thumb/v8-m.main+fp/hard/libc_nano.a(lib_a-wctomb_r.o)
                0x0000000000024822                __ascii_wctomb
 .text.error    0x000000000002483c       0x1c /usr/local/mcuxpressoide-11.2.0_4120/ide/plugins/com.nxp.mcuxpresso.tools.linux_11.2.0.202001021529/tools/bin/../lib/gcc/arm-none-eabi/9.2.1/../../../../arm-none-eabi/lib/thumb/v8-m.main+fp/hard/libcr_newlib_semihost.a(syscalls.o)
 .text.checkerror
                0x0000000000024858       0x20 /usr/local/mcuxpressoide-11.2.0_4120/ide/plugins/com.nxp.mcuxpresso.tools.linux_11.2.0.202001021529/tools/bin/../lib/gcc/arm-none-eabi/9.2.1/../../../../arm-none-eabi/lib/thumb/v8-m.main+fp/hard/libcr_newlib_semihost.a(syscalls.o)
 .text._swiread
                0x0000000000024878       0x20 /usr/local/mcuxpressoide-11.2.0_4120/ide/plugins/com.nxp.mcuxpresso.tools.linux_11.2.0.202001021529/tools/bin/../lib/gcc/arm-none-eabi/9.2.1/../../../../arm-none-eabi/lib/thumb/v8-m.main+fp/hard/libcr_newlib_semihost.a(syscalls.o)
                0x0000000000024878                _swiread
 .text._read    0x0000000000024898       0x36 /usr/local/mcuxpressoide-11.2.0_4120/ide/plugins/com.nxp.mcuxpresso.tools.linux_11.2.0.202001021529/tools/bin/../lib/gcc/arm-none-eabi/9.2.1/../../../../arm-none-eabi/lib/thumb/v8-m.main+fp/hard/libcr_newlib_semihost.a(syscalls.o)
                0x0000000000024898                _read
 .text._swilseek
                0x00000000000248ce       0x78 /usr/local/mcuxpressoide-11.2.0_4120/ide/plugins/com.nxp.mcuxpresso.tools.linux_11.2.0.202001021529/tools/bin/../lib/gcc/arm-none-eabi/9.2.1/../../../../arm-none-eabi/lib/thumb/v8-m.main+fp/hard/libcr_newlib_semihost.a(syscalls.o)
                0x00000000000248ce                _swilseek
 .text._lseek   0x0000000000024946        0x4 /usr/local/mcuxpressoide-11.2.0_4120/ide/plugins/com.nxp.mcuxpresso.tools.linux_11.2.0.202001021529/tools/bin/../lib/gcc/arm-none-eabi/9.2.1/../../../../arm-none-eabi/lib/thumb/v8-m.main+fp/hard/libcr_newlib_semihost.a(syscalls.o)
                0x0000000000024946                _lseek
 .text._swiwrite
                0x000000000002494a       0x20 /usr/local/mcuxpressoide-11.2.0_4120/ide/plugins/com.nxp.mcuxpresso.tools.linux_11.2.0.202001021529/tools/bin/../lib/gcc/arm-none-eabi/9.2.1/../../../../arm-none-eabi/lib/thumb/v8-m.main+fp/hard/libcr_newlib_semihost.a(syscalls.o)
                0x000000000002494a                _swiwrite
 .text._write   0x000000000002496a       0x44 /usr/local/mcuxpressoide-11.2.0_4120/ide/plugins/com.nxp.mcuxpresso.tools.linux_11.2.0.202001021529/tools/bin/../lib/gcc/arm-none-eabi/9.2.1/../../../../arm-none-eabi/lib/thumb/v8-m.main+fp/hard/libcr_newlib_semihost.a(syscalls.o)
                0x000000000002496a                _write
 .text._swiclose
                0x00000000000249ae       0x1a /usr/local/mcuxpressoide-11.2.0_4120/ide/plugins/com.nxp.mcuxpresso.tools.linux_11.2.0.202001021529/tools/bin/../lib/gcc/arm-none-eabi/9.2.1/../../../../arm-none-eabi/lib/thumb/v8-m.main+fp/hard/libcr_newlib_semihost.a(syscalls.o)
                0x00000000000249ae                _swiclose
 .text._swistat
                0x00000000000249c8       0x42 /usr/local/mcuxpressoide-11.2.0_4120/ide/plugins/com.nxp.mcuxpresso.tools.linux_11.2.0.202001021529/tools/bin/../lib/gcc/arm-none-eabi/9.2.1/../../../../arm-none-eabi/lib/thumb/v8-m.main+fp/hard/libcr_newlib_semihost.a(syscalls.o)
                0x00000000000249c8                _swistat
 .text._fstat   0x0000000000024a0a       0x1c /usr/local/mcuxpressoide-11.2.0_4120/ide/plugins/com.nxp.mcuxpresso.tools.linux_11.2.0.202001021529/tools/bin/../lib/gcc/arm-none-eabi/9.2.1/../../../../arm-none-eabi/lib/thumb/v8-m.main+fp/hard/libcr_newlib_semihost.a(syscalls.o)
                0x0000000000024a0a                _fstat
 .text._isatty  0x0000000000024a26       0x2a /usr/local/mcuxpressoide-11.2.0_4120/ide/plugins/com.nxp.mcuxpresso.tools.linux_11.2.0.202001021529/tools/bin/../lib/gcc/arm-none-eabi/9.2.1/../../../../arm-none-eabi/lib/thumb/v8-m.main+fp/hard/libcr_newlib_semihost.a(syscalls.o)
                0x0000000000024a26                _isatty
 .text._isatty.__stub
                0x0000000000024a50       0x40 linker stubs
 *(SORT_BY_ALIGNMENT(.rodata) SORT_BY_ALIGNMENT(.rodata.*) SORT_BY_ALIGNMENT(.constdata) SORT_BY_ALIGNMENT(.constdata.*))
 .rodata.__mprec_bigtens
                0x0000000000024a90       0x28 /usr/local/mcuxpressoide-11.2.0_4120/ide/plugins/com.nxp.mcuxpresso.tools.linux_11.2.0.202001021529/tools/bin/../lib/gcc/arm-none-eabi/9.2.1/../../../../arm-none-eabi/lib/thumb/v8-m.main+fp/hard/libc_nano.a(lib_a-mprec.o)
                0x0000000000024a90                __mprec_bigtens
 .rodata.__mprec_tens
                0x0000000000024ab8       0xc8 /usr/local/mcuxpressoide-11.2.0_4120/ide/plugins/com.nxp.mcuxpresso.tools.linux_11.2.0.202001021529/tools/bin/../lib/gcc/arm-none-eabi/9.2.1/../../../../arm-none-eabi/lib/thumb/v8-m.main+fp/hard/libc_nano.a(lib_a-mprec.o)
                0x0000000000024ab8                __mprec_tens
 .rodata.__assert_func.str1.4
                0x0000000000024b80       0x3e ./utilities/fsl_assert.o
 *fill*         0x0000000000024bbe        0x2 ff
 .rodata.main.str1.4
                0x0000000000024bc0       0x1b ./source/main_ns.o
 *fill*         0x0000000000024bdb        0x1 ff
 .rodata.SDK_DelayAtLeastUs.str1.4
                0x0000000000024bdc       0x5d ./drivers/fsl_clock.o
 *fill*         0x0000000000024c39        0x3 ff
 .rodata.__func__.9752
                0x0000000000024c3c       0x13 ./drivers/fsl_clock.o
 *fill*         0x0000000000024c4f        0x1 ff
 .rodata.s_flexcommBaseAddrs
                0x0000000000024c50       0x24 ./drivers/fsl_flexcomm.o
 .rodata.FLEXCOMM_GetInstance.str1.4
                0x0000000000024c74       0x18 ./drivers/fsl_flexcomm.o
 .rodata.FLEXCOMM0_DriverIRQHandler.str1.4
                0x0000000000024c8c       0x18 ./drivers/fsl_flexcomm.o
 .rodata.FLEXCOMM1_DriverIRQHandler.str1.4
                0x0000000000024ca4       0x18 ./drivers/fsl_flexcomm.o
 .rodata.FLEXCOMM2_DriverIRQHandler.str1.4
                0x0000000000024cbc       0x18 ./drivers/fsl_flexcomm.o
 .rodata.FLEXCOMM3_DriverIRQHandler.str1.4
                0x0000000000024cd4       0x18 ./drivers/fsl_flexcomm.o
 .rodata.FLEXCOMM4_DriverIRQHandler.str1.4
                0x0000000000024cec       0x18 ./drivers/fsl_flexcomm.o
 .rodata.FLEXCOMM5_DriverIRQHandler.str1.4
                0x0000000000024d04       0x18 ./drivers/fsl_flexcomm.o
 .rodata.FLEXCOMM6_DriverIRQHandler.str1.4
                0x0000000000024d1c       0x18 ./drivers/fsl_flexcomm.o
 .rodata.FLEXCOMM7_DriverIRQHandler.str1.4
                0x0000000000024d34       0x18 ./drivers/fsl_flexcomm.o
 .rodata.FLEXCOMM8_DriverIRQHandler.str1.4
                0x0000000000024d4c       0x18 ./drivers/fsl_flexcomm.o
 .rodata.__func__.9073
                0x0000000000024d64       0x15 ./drivers/fsl_flexcomm.o
 *fill*         0x0000000000024d79        0x3 ff
 .rodata.__func__.9093
                0x0000000000024d7c       0x1b ./drivers/fsl_flexcomm.o
 *fill*         0x0000000000024d97        0x1 ff
 .rodata.__func__.9097
                0x0000000000024d98       0x1b ./drivers/fsl_flexcomm.o
 *fill*         0x0000000000024db3        0x1 ff
 .rodata.__func__.9101
                0x0000000000024db4       0x1b ./drivers/fsl_flexcomm.o
 *fill*         0x0000000000024dcf        0x1 ff
 .rodata.__func__.9105
                0x0000000000024dd0       0x1b ./drivers/fsl_flexcomm.o
 *fill*         0x0000000000024deb        0x1 ff
 .rodata.__func__.9109
                0x0000000000024dec       0x1b ./drivers/fsl_flexcomm.o
 *fill*         0x0000000000024e07        0x1 ff
 .rodata.__func__.9113
                0x0000000000024e08       0x1b ./drivers/fsl_flexcomm.o
 *fill*         0x0000000000024e23        0x1 ff
 .rodata.__func__.9117
                0x0000000000024e24       0x1b ./drivers/fsl_flexcomm.o
 *fill*         0x0000000000024e3f        0x1 ff
 .rodata.__func__.9121
                0x0000000000024e40       0x1b ./drivers/fsl_flexcomm.o
 *fill*         0x0000000000024e5b        0x1 ff
 .rodata.__func__.9125
                0x0000000000024e5c       0x1b ./drivers/fsl_flexcomm.o
 *fill*         0x0000000000024e77        0x1 ff
 .rodata.s_usartIRQ
                0x0000000000024e78        0x8 ./drivers/fsl_usart.o
 .rodata.s_usartBaseAddrs
                0x0000000000024e80       0x20 ./drivers/fsl_usart.o
 .rodata.USART_GetInstance.str1.4
                0x0000000000024ea0        0xd ./drivers/fsl_usart.o
                                         0x15 (size before relaxing)
 *fill*         0x0000000000024ead        0x3 ff
 .rodata.USART_TransferCreateHandle.str1.4
                0x0000000000024eb0       0x26 ./drivers/fsl_usart.o
 *fill*         0x0000000000024ed6        0x2 ff
 .rodata.USART_TransferSendNonBlocking.str1.4
                0x0000000000024ed8       0x69 ./drivers/fsl_usart.o
 *fill*         0x0000000000024f41        0x3 ff
 .rodata.USART_TransferHandleIRQ.str1.4
                0x0000000000024f44       0x23 ./drivers/fsl_usart.o
 *fill*         0x0000000000024f67        0x1 ff
 .rodata.__func__.9278
                0x0000000000024f68       0x12 ./drivers/fsl_usart.o
 *fill*         0x0000000000024f7a        0x2 ff
 .rodata.__func__.9371
                0x0000000000024f7c       0x1b ./drivers/fsl_usart.o
 *fill*         0x0000000000024f97        0x1 ff
 .rodata.__func__.9378
                0x0000000000024f98       0x1e ./drivers/fsl_usart.o
 *fill*         0x0000000000024fb6        0x2 ff
 .rodata.__func__.9424
                0x0000000000024fb8       0x18 ./drivers/fsl_usart.o
 .rodata._global_impure_ptr
                0x0000000000024fd0        0x4 /usr/local/mcuxpressoide-11.2.0_4120/ide/plugins/com.nxp.mcuxpresso.tools.linux_11.2.0.202001021529/tools/bin/../lib/gcc/arm-none-eabi/9.2.1/../../../../arm-none-eabi/lib/thumb/v8-m.main+fp/hard/libc_nano.a(lib_a-impure.o)
                0x0000000000024fd0                _global_impure_ptr
 .rodata.__sf_fake_stderr
                0x0000000000024fd4       0x20 /usr/local/mcuxpressoide-11.2.0_4120/ide/plugins/com.nxp.mcuxpresso.tools.linux_11.2.0.202001021529/tools/bin/../lib/gcc/arm-none-eabi/9.2.1/../../../../arm-none-eabi/lib/thumb/v8-m.main+fp/hard/libc_nano.a(lib_a-findfp.o)
                0x0000000000024fd4                __sf_fake_stderr
 .rodata.__sf_fake_stdin
                0x0000000000024ff4       0x20 /usr/local/mcuxpressoide-11.2.0_4120/ide/plugins/com.nxp.mcuxpresso.tools.linux_11.2.0.202001021529/tools/bin/../lib/gcc/arm-none-eabi/9.2.1/../../../../arm-none-eabi/lib/thumb/v8-m.main+fp/hard/libc_nano.a(lib_a-findfp.o)
                0x0000000000024ff4                __sf_fake_stdin
 .rodata.__sf_fake_stdout
                0x0000000000025014       0x20 /usr/local/mcuxpressoide-11.2.0_4120/ide/plugins/com.nxp.mcuxpresso.tools.linux_11.2.0.202001021529/tools/bin/../lib/gcc/arm-none-eabi/9.2.1/../../../../arm-none-eabi/lib/thumb/v8-m.main+fp/hard/libc_nano.a(lib_a-findfp.o)
                0x0000000000025014                __sf_fake_stdout
 .rodata.p05.7490
                0x0000000000025034        0xc /usr/local/mcuxpressoide-11.2.0_4120/ide/plugins/com.nxp.mcuxpresso.tools.linux_11.2.0.202001021529/tools/bin/../lib/gcc/arm-none-eabi/9.2.1/../../../../arm-none-eabi/lib/thumb/v8-m.main+fp/hard/libc_nano.a(lib_a-mprec.o)
 .rodata._printf_float.str1.1
                0x0000000000025040       0x12 /usr/local/mcuxpressoide-11.2.0_4120/ide/plugins/com.nxp.mcuxpresso.tools.linux_11.2.0.202001021529/tools/bin/../lib/gcc/arm-none-eabi/9.2.1/../../../../arm-none-eabi/lib/thumb/v8-m.main+fp/hard/libc_nano.a(lib_a-nano-vfprintf_float.o)
 .rodata._printf_i.str1.1
                0x0000000000025052       0x22 /usr/local/mcuxpressoide-11.2.0_4120/ide/plugins/com.nxp.mcuxpresso.tools.linux_11.2.0.202001021529/tools/bin/../lib/gcc/arm-none-eabi/9.2.1/../../../../arm-none-eabi/lib/thumb/v8-m.main+fp/hard/libc_nano.a(lib_a-nano-vfprintf_i.o)
 .rodata._dtoa_r.str1.1
                0x0000000000025074        0xd /usr/local/mcuxpressoide-11.2.0_4120/ide/plugins/com.nxp.mcuxpresso.tools.linux_11.2.0.202001021529/tools/bin/../lib/gcc/arm-none-eabi/9.2.1/../../../../arm-none-eabi/lib/thumb/v8-m.main+fp/hard/libc_nano.a(lib_a-dtoa.o)
                                          0xf (size before relaxing)
 .rodata._vfprintf_r.str1.1
                0x0000000000025081       0x11 /usr/local/mcuxpressoide-11.2.0_4120/ide/plugins/com.nxp.mcuxpresso.tools.linux_11.2.0.202001021529/tools/bin/../lib/gcc/arm-none-eabi/9.2.1/../../../../arm-none-eabi/lib/thumb/v8-m.main+fp/hard/libc_nano.a(lib_a-nano-vfprintf.o)
 .rodata._ctype_
                0x0000000000025092      0x101 /usr/local/mcuxpressoide-11.2.0_4120/ide/plugins/com.nxp.mcuxpresso.tools.linux_11.2.0.202001021529/tools/bin/../lib/gcc/arm-none-eabi/9.2.1/../../../../arm-none-eabi/lib/thumb/v8-m.main+fp/hard/libc_nano.a(lib_a-ctype_.o)
                0x0000000000025092                _ctype_
 .rodata._setlocale_r.str1.1
                0x0000000000025193        0x8 /usr/local/mcuxpressoide-11.2.0_4120/ide/plugins/com.nxp.mcuxpresso.tools.linux_11.2.0.202001021529/tools/bin/../lib/gcc/arm-none-eabi/9.2.1/../../../../arm-none-eabi/lib/thumb/v8-m.main+fp/hard/libc_nano.a(lib_a-locale.o)
                                          0x9 (size before relaxing)
 .rodata.str1.1
                0x000000000002519b        0x2 /usr/local/mcuxpressoide-11.2.0_4120/ide/plugins/com.nxp.mcuxpresso.tools.linux_11.2.0.202001021529/tools/bin/../lib/gcc/arm-none-eabi/9.2.1/../../../../arm-none-eabi/lib/thumb/v8-m.main+fp/hard/libc_nano.a(lib_a-locale.o)
 .rodata.initialise_monitor_handles.str1.1
                0x000000000002519d        0x4 /usr/local/mcuxpressoide-11.2.0_4120/ide/plugins/com.nxp.mcuxpresso.tools.linux_11.2.0.202001021529/tools/bin/../lib/gcc/arm-none-eabi/9.2.1/../../../../arm-none-eabi/lib/thumb/v8-m.main+fp/hard/libcr_newlib_semihost.a(syscalls.o)
                0x00000000000251a4                . = ALIGN (0x4)
 *fill*         0x00000000000251a1        0x3 ff

.glue_7         0x00000000000251a4        0x0
 .glue_7        0x00000000000251a4        0x0 linker stubs

.glue_7t        0x00000000000251a4        0x0
 .glue_7t       0x00000000000251a4        0x0 linker stubs

.vfp11_veneer   0x00000000000251a4        0x0
 .vfp11_veneer  0x00000000000251a4        0x0 linker stubs

.v4_bx          0x00000000000251a4        0x0
 .v4_bx         0x00000000000251a4        0x0 linker stubs

.iplt           0x00000000000251a4        0x0
 .iplt          0x00000000000251a4        0x0 ./utilities/fsl_assert.o

.rel.dyn        0x00000000000251a4        0x0
 .rel.iplt      0x00000000000251a4        0x0 ./utilities/fsl_assert.o

.ARM.extab
 *(SORT_BY_ALIGNMENT(.ARM.extab*) SORT_BY_ALIGNMENT(.gnu.linkonce.armextab.*))

.ARM.exidx      0x00000000000251a4        0x0
                0x00000000000251a4                __exidx_start = .
 *(SORT_BY_ALIGNMENT(.ARM.exidx*) SORT_BY_ALIGNMENT(.gnu.linkonce.armexidx.*))
                0x00000000000251a4                __exidx_end = .
                0x00000000000251a4                _etext = .

.data_RAM2      0x0000000020040000        0x0 load address 0x00000000000251a4
 FILL mask 0xff
                [!provide]                        PROVIDE (__start_data_RAM2 = .)
                [!provide]                        PROVIDE (__start_data_RAM_00 = .)
 *(SORT_BY_ALIGNMENT(.ramfunc.$RAM2))
 *(SORT_BY_ALIGNMENT(.ramfunc.$RAM_00))
 *(SORT_BY_ALIGNMENT(.data.$RAM2))
 *(SORT_BY_ALIGNMENT(.data.$RAM_00))
 *(SORT_BY_ALIGNMENT(.data.$RAM2.*))
 *(SORT_BY_ALIGNMENT(.data.$RAM_00.*))
                0x0000000020040000                . = ALIGN (0x4)
                [!provide]                        PROVIDE (__end_data_RAM2 = .)
                [!provide]                        PROVIDE (__end_data_RAM_00 = .)

.uninit_RESERVED
                0x0000000020030000        0x0
                0x0000000020030000                _start_uninit_RESERVED = .
 *(SORT_BY_ALIGNMENT(.bss.$RESERVED*))
                0x0000000020030000                . = ALIGN (0x4)
                0x0000000020030000                _end_uninit_RESERVED = .

.data           0x0000000020030000      0xe2c load address 0x00000000000251a4
 FILL mask 0xff
                0x0000000020030000                _data = .
                [!provide]                        PROVIDE (__start_data_RAM = .)
                [!provide]                        PROVIDE (__start_data_Ram0 = .)
 *(SORT_BY_ALIGNMENT(vtable))
 *(SORT_BY_ALIGNMENT(.ramfunc*))
 *(SORT_BY_ALIGNMENT(CodeQuickAccess))
 *(SORT_BY_ALIGNMENT(DataQuickAccess))
 *(SORT_BY_ALIGNMENT(RamFunction))
 *(SORT_BY_ALIGNMENT(.data*))
 .data.UartNB   0x0000000020030000      0xc54 ./source/app_uart.o
                0x0000000020030000                UartNB
 .data.AppUartNB
                0x0000000020030c54        0x4 ./source/app_uart.o
                0x0000000020030c54                AppUartNB
 .data.Rtc_Alarm
                0x0000000020030c58        0x4 ./source/secure_varibale.o
                0x0000000020030c58                Rtc_Alarm
 .data._impure_ptr
                0x0000000020030c5c        0x4 /usr/local/mcuxpressoide-11.2.0_4120/ide/plugins/com.nxp.mcuxpresso.tools.linux_11.2.0.202001021529/tools/bin/../lib/gcc/arm-none-eabi/9.2.1/../../../../arm-none-eabi/lib/thumb/v8-m.main+fp/hard/libc_nano.a(lib_a-impure.o)
                0x0000000020030c5c                _impure_ptr
 .data.impure_data
                0x0000000020030c60       0x60 /usr/local/mcuxpressoide-11.2.0_4120/ide/plugins/com.nxp.mcuxpresso.tools.linux_11.2.0.202001021529/tools/bin/../lib/gcc/arm-none-eabi/9.2.1/../../../../arm-none-eabi/lib/thumb/v8-m.main+fp/hard/libc_nano.a(lib_a-impure.o)
 .data.__global_locale
                0x0000000020030cc0      0x16c /usr/local/mcuxpressoide-11.2.0_4120/ide/plugins/com.nxp.mcuxpresso.tools.linux_11.2.0.202001021529/tools/bin/../lib/gcc/arm-none-eabi/9.2.1/../../../../arm-none-eabi/lib/thumb/v8-m.main+fp/hard/libc_nano.a(lib_a-locale.o)
                0x0000000020030cc0                __global_locale
                0x0000000020030e2c                . = ALIGN (0x4)
                0x0000000020030e2c                _edata = .
                [!provide]                        PROVIDE (__end_data_RAM = .)
                [!provide]                        PROVIDE (__end_data_Ram0 = .)

.igot.plt       0x0000000020030e2c        0x0 load address 0x0000000000025fd0
 .igot.plt      0x0000000020030e2c        0x0 ./utilities/fsl_assert.o

.bss_RAM2       0x0000000020040000        0x0
                [!provide]                        PROVIDE (__start_bss_RAM2 = .)
                [!provide]                        PROVIDE (__start_bss_RAM_00 = .)
 *(SORT_BY_ALIGNMENT(.bss.$RAM2))
 *(SORT_BY_ALIGNMENT(.bss.$RAM_00))
 *(SORT_BY_ALIGNMENT(.bss.$RAM2.*))
 *(SORT_BY_ALIGNMENT(.bss.$RAM_00.*))
                0x0000000020040000                . = ALIGN ((. != 0x0)?0x4:0x1)
                [!provide]                        PROVIDE (__end_bss_RAM2 = .)
                [!provide]                        PROVIDE (__end_bss_RAM_00 = .)

.bss            0x0000000020030e2c     0x10a8
                0x0000000020030e2c                _bss = .
                [!provide]                        PROVIDE (__start_bss_RAM = .)
                [!provide]                        PROVIDE (__start_bss_Ram0 = .)
 *(SORT_BY_ALIGNMENT(.bss*))
 .bss.FG_SendBuf
                0x0000000020030e2c      0x800 ./source/app_4G.o
 .bss.FG_SendBufLen
                0x000000002003162c        0x4 ./source/app_4G.o
 .bss.FG_RecvBuf
                0x0000000020031630      0x800 ./source/app_4G.o
 .bss.s_flexcommIrqHandler
                0x0000000020031e30       0x24 ./drivers/fsl_flexcomm.o
 .bss.s_flexcommHandle
                0x0000000020031e54       0x24 ./drivers/fsl_flexcomm.o
 .bss.num.9423  0x0000000020031e78        0x4 ./drivers/fsl_usart.o
 .bss.err_buf.5671
                0x0000000020031e7c        0x2 /home/zhuaiballl/code/iot_trusted/iot_trusted_ns/libs/libusdl.a(usdl_buf.o)
 *fill*         0x0000000020031e7e        0x2 
 .bss.__malloc_free_list
                0x0000000020031e80        0x4 /usr/local/mcuxpressoide-11.2.0_4120/ide/plugins/com.nxp.mcuxpresso.tools.linux_11.2.0.202001021529/tools/bin/../lib/gcc/arm-none-eabi/9.2.1/../../../../arm-none-eabi/lib/thumb/v8-m.main+fp/hard/libc_nano.a(lib_a-nano-mallocr.o)
                0x0000000020031e80                __malloc_free_list
 .bss.__malloc_sbrk_start
                0x0000000020031e84        0x4 /usr/local/mcuxpressoide-11.2.0_4120/ide/plugins/com.nxp.mcuxpresso.tools.linux_11.2.0.202001021529/tools/bin/../lib/gcc/arm-none-eabi/9.2.1/../../../../arm-none-eabi/lib/thumb/v8-m.main+fp/hard/libc_nano.a(lib_a-nano-mallocr.o)
                0x0000000020031e84                __malloc_sbrk_start
 .bss.__end_of_heap
                0x0000000020031e88        0x4 /usr/local/mcuxpressoide-11.2.0_4120/ide/plugins/com.nxp.mcuxpresso.tools.linux_11.2.0.202001021529/tools/bin/../lib/gcc/arm-none-eabi/9.2.1/../../../../arm-none-eabi/lib/thumb/v8-m.main+fp/hard/libcr_newlib_semihost.a(_cr_sbrk.o)
                0x0000000020031e88                __end_of_heap
 .bss.initialized.7077
                0x0000000020031e8c        0x4 /usr/local/mcuxpressoide-11.2.0_4120/ide/plugins/com.nxp.mcuxpresso.tools.linux_11.2.0.202001021529/tools/bin/../lib/gcc/arm-none-eabi/9.2.1/../../../../arm-none-eabi/lib/thumb/v8-m.main+fp/hard/libcr_newlib_semihost.a(syscalls.o)
 .bss.monitor_stderr
                0x0000000020031e90        0x4 /usr/local/mcuxpressoide-11.2.0_4120/ide/plugins/com.nxp.mcuxpresso.tools.linux_11.2.0.202001021529/tools/bin/../lib/gcc/arm-none-eabi/9.2.1/../../../../arm-none-eabi/lib/thumb/v8-m.main+fp/hard/libcr_newlib_semihost.a(syscalls.o)
 .bss.monitor_stdin
                0x0000000020031e94        0x4 /usr/local/mcuxpressoide-11.2.0_4120/ide/plugins/com.nxp.mcuxpresso.tools.linux_11.2.0.202001021529/tools/bin/../lib/gcc/arm-none-eabi/9.2.1/../../../../arm-none-eabi/lib/thumb/v8-m.main+fp/hard/libcr_newlib_semihost.a(syscalls.o)
 .bss.monitor_stdout
                0x0000000020031e98        0x4 /usr/local/mcuxpressoide-11.2.0_4120/ide/plugins/com.nxp.mcuxpresso.tools.linux_11.2.0.202001021529/tools/bin/../lib/gcc/arm-none-eabi/9.2.1/../../../../arm-none-eabi/lib/thumb/v8-m.main+fp/hard/libcr_newlib_semihost.a(syscalls.o)
 .bss.openfiles
                0x0000000020031e9c       0x28 /usr/local/mcuxpressoide-11.2.0_4120/ide/plugins/com.nxp.mcuxpresso.tools.linux_11.2.0.202001021529/tools/bin/../lib/gcc/arm-none-eabi/9.2.1/../../../../arm-none-eabi/lib/thumb/v8-m.main+fp/hard/libcr_newlib_semihost.a(syscalls.o)
 *(SORT_BY_ALIGNMENT(COMMON))
 COMMON         0x0000000020031ec4        0x4 /usr/local/mcuxpressoide-11.2.0_4120/ide/plugins/com.nxp.mcuxpresso.tools.linux_11.2.0.202001021529/tools/bin/../lib/gcc/arm-none-eabi/9.2.1/../../../../arm-none-eabi/lib/thumb/v8-m.main+fp/hard/libc_nano.a(lib_a-reent.o)
                0x0000000020031ec4                errno
 COMMON         0x0000000020031ec8        0x9 /usr/local/mcuxpressoide-11.2.0_4120/ide/plugins/com.nxp.mcuxpresso.tools.linux_11.2.0.202001021529/tools/bin/../lib/gcc/arm-none-eabi/9.2.1/../../../../arm-none-eabi/lib/thumb/v8-m.main+fp/hard/libc_nano.a(lib_a-lock.o)
                0x0000000020031ec8                __lock___atexit_recursive_mutex
                0x0000000020031ec9                __lock___arc4random_mutex
                0x0000000020031eca                __lock___env_recursive_mutex
                0x0000000020031ecb                __lock___sinit_recursive_mutex
                0x0000000020031ecc                __lock___malloc_recursive_mutex
                0x0000000020031ecd                __lock___at_quick_exit_mutex
                0x0000000020031ece                __lock___dd_hash_mutex
                0x0000000020031ecf                __lock___tz_mutex
                0x0000000020031ed0                __lock___sfp_recursive_mutex
                0x0000000020031ed4                . = ALIGN (0x4)
 *fill*         0x0000000020031ed1        0x3 
                0x0000000020031ed4                _ebss = .
                [!provide]                        PROVIDE (__end_bss_RAM = .)
                [!provide]                        PROVIDE (__end_bss_Ram0 = .)
                [!provide]                        PROVIDE (end = .)

.noinit_RAM2    0x0000000020040000        0x0
                [!provide]                        PROVIDE (__start_noinit_RAM2 = .)
                [!provide]                        PROVIDE (__start_noinit_RAM_00 = .)
 *(SORT_BY_ALIGNMENT(.noinit.$RAM2))
 *(SORT_BY_ALIGNMENT(.noinit.$RAM_00))
 *(SORT_BY_ALIGNMENT(.noinit.$RAM2.*))
 *(SORT_BY_ALIGNMENT(.noinit.$RAM_00.*))
                0x0000000020040000                . = ALIGN (0x4)
                [!provide]                        PROVIDE (__end_noinit_RAM2 = .)
                [!provide]                        PROVIDE (__end_noinit_RAM_00 = .)

.noinit         0x0000000020031ed4        0x0
                0x0000000020031ed4                _noinit = .
                [!provide]                        PROVIDE (__start_noinit_RAM = .)
                [!provide]                        PROVIDE (__start_noinit_Ram0 = .)
 *(SORT_BY_ALIGNMENT(.noinit*))
                0x0000000020031ed4                . = ALIGN (0x4)
                0x0000000020031ed4                _end_noinit = .
                [!provide]                        PROVIDE (__end_noinit_RAM = .)
                [!provide]                        PROVIDE (__end_noinit_Ram0 = .)
                0x0000000000001000                _HeapSize = 0x1000

.heap           0x0000000020031ed4     0x1000
                0x0000000020031ed4                _pvHeapStart = .
                0x0000000020032ed4                . = (. + _HeapSize)
 *fill*         0x0000000020031ed4     0x1000 
                0x0000000020032ed4                . = ALIGN (0x4)
                0x0000000020032ed4                _pvHeapLimit = .
                0x0000000000001000                _StackSize = 0x1000

.heap2stackfill
                0x0000000020032ed4     0x1000
                0x0000000020033ed4                . = (. + _StackSize)
 *fill*         0x0000000020032ed4     0x1000 

.stack          0x000000002003f000        0x0
                0x000000002003f000                _vStackBase = .
                0x000000002003f000                . = ALIGN (0x4)
                0x0000000020040000                _vStackTop = (. + _StackSize)
                [!provide]                        PROVIDE (__valid_user_code_checksum = (0x0 - ((((((_vStackTop + (ResetISR + 0x1)) + (NMI_Handler + 0x1)) + (HardFault_Handler + 0x1)) + (DEFINED (MemManage_Handler)?MemManage_Handler:0x0 + 0x1)) + (DEFINED (BusFault_Handler)?BusFault_Handler:0x0 + 0x1)) + (DEFINED (UsageFault_Handler)?UsageFault_Handler:0x0 + 0x1))))
                0x0000000000020000                _image_start = LOADADDR (.text)
                0x0000000000025fd0                _image_end = (LOADADDR (.data) + SIZEOF (.data))
                0x0000000000005fd0                _image_size = (_image_end - _image_start)
OUTPUT(iot_trusted_ns.axf elf32-littlearm)

.debug_info     0x0000000000000000     0xe005
 .debug_info    0x0000000000000000      0x9c2 ./utilities/fsl_assert.o
 .debug_info    0x00000000000009c2      0x6fb ./startup/startup_lpc55s69_cm33_core0.o
 .debug_info    0x00000000000010bd      0xd80 ./source/app_4G.o
 .debug_info    0x0000000000001e3d     0x1726 ./source/app_uart.o
 .debug_info    0x0000000000003563      0xa23 ./source/main_ns.o
 .debug_info    0x0000000000003f86       0xba ./source/secure_varibale.o
 .debug_info    0x0000000000004040     0x421b ./drivers/fsl_clock.o
 .debug_info    0x000000000000825b     0x2549 ./drivers/fsl_flexcomm.o
 .debug_info    0x000000000000a7a4     0x20f2 ./drivers/fsl_usart.o
 .debug_info    0x000000000000c896      0x575 /home/zhuaiballl/code/iot_trusted/iot_trusted_ns/libs/libusdl.a(usdl_buf.o)
 .debug_info    0x000000000000ce0b     0x11fa /home/zhuaiballl/code/iot_trusted/iot_trusted_ns/libs/libusdl.a(usdl_mem.o)

.debug_abbrev   0x0000000000000000     0x1aaa
 .debug_abbrev  0x0000000000000000      0x1af ./utilities/fsl_assert.o
 .debug_abbrev  0x00000000000001af      0x15a ./startup/startup_lpc55s69_cm33_core0.o
 .debug_abbrev  0x0000000000000309      0x22b ./source/app_4G.o
 .debug_abbrev  0x0000000000000534      0x2e2 ./source/app_uart.o
 .debug_abbrev  0x0000000000000816      0x205 ./source/main_ns.o
 .debug_abbrev  0x0000000000000a1b       0x63 ./source/secure_varibale.o
 .debug_abbrev  0x0000000000000a7e      0x45b ./drivers/fsl_clock.o
 .debug_abbrev  0x0000000000000ed9      0x36e ./drivers/fsl_flexcomm.o
 .debug_abbrev  0x0000000000001247      0x40b ./drivers/fsl_usart.o
 .debug_abbrev  0x0000000000001652      0x1bc /home/zhuaiballl/code/iot_trusted/iot_trusted_ns/libs/libusdl.a(usdl_buf.o)
 .debug_abbrev  0x000000000000180e      0x29c /home/zhuaiballl/code/iot_trusted/iot_trusted_ns/libs/libusdl.a(usdl_mem.o)

.debug_aranges  0x0000000000000000      0x8b0
 .debug_aranges
                0x0000000000000000       0x20 ./utilities/fsl_assert.o
 .debug_aranges
                0x0000000000000020      0x268 ./startup/startup_lpc55s69_cm33_core0.o
 .debug_aranges
                0x0000000000000288       0x20 ./source/app_4G.o
 .debug_aranges
                0x00000000000002a8       0x58 ./source/app_uart.o
 .debug_aranges
                0x0000000000000300       0x28 ./source/main_ns.o
 .debug_aranges
                0x0000000000000328       0x18 ./source/secure_varibale.o
 .debug_aranges
                0x0000000000000340      0x218 ./drivers/fsl_clock.o
 .debug_aranges
                0x0000000000000558       0x90 ./drivers/fsl_flexcomm.o
 .debug_aranges
                0x00000000000005e8       0xe0 ./drivers/fsl_usart.o
 .debug_aranges
                0x00000000000006c8       0x80 /home/zhuaiballl/code/iot_trusted/iot_trusted_ns/libs/libusdl.a(usdl_buf.o)
 .debug_aranges
                0x0000000000000748      0x168 /home/zhuaiballl/code/iot_trusted/iot_trusted_ns/libs/libusdl.a(usdl_mem.o)

.debug_ranges   0x0000000000000000      0x7f8
 .debug_ranges  0x0000000000000000       0x10 ./utilities/fsl_assert.o
 .debug_ranges  0x0000000000000010      0x258 ./startup/startup_lpc55s69_cm33_core0.o
 .debug_ranges  0x0000000000000268       0x10 ./source/app_4G.o
 .debug_ranges  0x0000000000000278       0x48 ./source/app_uart.o
 .debug_ranges  0x00000000000002c0       0x18 ./source/main_ns.o
 .debug_ranges  0x00000000000002d8      0x208 ./drivers/fsl_clock.o
 .debug_ranges  0x00000000000004e0       0x80 ./drivers/fsl_flexcomm.o
 .debug_ranges  0x0000000000000560       0xd0 ./drivers/fsl_usart.o
 .debug_ranges  0x0000000000000630       0x70 /home/zhuaiballl/code/iot_trusted/iot_trusted_ns/libs/libusdl.a(usdl_buf.o)
 .debug_ranges  0x00000000000006a0      0x158 /home/zhuaiballl/code/iot_trusted/iot_trusted_ns/libs/libusdl.a(usdl_mem.o)

.debug_macro    0x0000000000000000    0x19a49
 .debug_macro   0x0000000000000000      0x2ee ./utilities/fsl_assert.o
 .debug_macro   0x00000000000002ee      0xaea ./utilities/fsl_assert.o
 .debug_macro   0x0000000000000dd8       0x22 ./utilities/fsl_assert.o
 .debug_macro   0x0000000000000dfa       0x46 ./utilities/fsl_assert.o
 .debug_macro   0x0000000000000e40       0x18 ./utilities/fsl_assert.o
 .debug_macro   0x0000000000000e58       0x94 ./utilities/fsl_assert.o
 .debug_macro   0x0000000000000eec       0x3c ./utilities/fsl_assert.o
 .debug_macro   0x0000000000000f28       0x34 ./utilities/fsl_assert.o
 .debug_macro   0x0000000000000f5c       0x16 ./utilities/fsl_assert.o
 .debug_macro   0x0000000000000f72       0x22 ./utilities/fsl_assert.o
 .debug_macro   0x0000000000000f94      0x34e ./utilities/fsl_assert.o
 .debug_macro   0x00000000000012e2      0x16d ./utilities/fsl_assert.o
 .debug_macro   0x000000000000144f       0x57 ./utilities/fsl_assert.o
 .debug_macro   0x00000000000014a6       0x58 ./utilities/fsl_assert.o
 .debug_macro   0x00000000000014fe       0x1f ./utilities/fsl_assert.o
 .debug_macro   0x000000000000151d       0x43 ./utilities/fsl_assert.o
 .debug_macro   0x0000000000001560       0x20 ./utilities/fsl_assert.o
 .debug_macro   0x0000000000001580      0x1a3 ./utilities/fsl_assert.o
 .debug_macro   0x0000000000001723      0x35c ./utilities/fsl_assert.o
 .debug_macro   0x0000000000001a7f       0x10 ./utilities/fsl_assert.o
 .debug_macro   0x0000000000001a8f       0x35 ./utilities/fsl_assert.o
 .debug_macro   0x0000000000001ac4       0x16 ./utilities/fsl_assert.o
 .debug_macro   0x0000000000001ada       0x16 ./utilities/fsl_assert.o
 .debug_macro   0x0000000000001af0       0x29 ./utilities/fsl_assert.o
 .debug_macro   0x0000000000001b19       0x10 ./utilities/fsl_assert.o
 .debug_macro   0x0000000000001b29       0x46 ./utilities/fsl_assert.o
 .debug_macro   0x0000000000001b6f       0x1c ./utilities/fsl_assert.o
 .debug_macro   0x0000000000001b8b       0x29 ./utilities/fsl_assert.o
 .debug_macro   0x0000000000001bb4       0xd9 ./utilities/fsl_assert.o
 .debug_macro   0x0000000000001c8d     0x1401 ./utilities/fsl_assert.o
 .debug_macro   0x000000000000308e       0x5e ./utilities/fsl_assert.o
 .debug_macro   0x00000000000030ec       0x2e ./utilities/fsl_assert.o
 .debug_macro   0x000000000000311a    0x12870 ./utilities/fsl_assert.o
 .debug_macro   0x000000000001598a      0x2a5 ./utilities/fsl_assert.o
 .debug_macro   0x0000000000015c2f       0xc9 ./utilities/fsl_assert.o
 .debug_macro   0x0000000000015cf8      0x2f4 ./utilities/fsl_assert.o
 .debug_macro   0x0000000000015fec       0x10 ./utilities/fsl_assert.o
 .debug_macro   0x0000000000015ffc       0xd2 ./utilities/fsl_assert.o
 .debug_macro   0x00000000000160ce       0x34 ./utilities/fsl_assert.o
 .debug_macro   0x0000000000016102       0x10 ./utilities/fsl_assert.o
 .debug_macro   0x0000000000016112       0x32 ./utilities/fsl_assert.o
 .debug_macro   0x0000000000016144       0x16 ./utilities/fsl_assert.o
 .debug_macro   0x000000000001615a       0x1c ./utilities/fsl_assert.o
 .debug_macro   0x0000000000016176       0x10 ./utilities/fsl_assert.o
 .debug_macro   0x0000000000016186       0x10 ./utilities/fsl_assert.o
 .debug_macro   0x0000000000016196       0x6a ./utilities/fsl_assert.o
 .debug_macro   0x0000000000016200       0x1c ./utilities/fsl_assert.o
 .debug_macro   0x000000000001621c       0x52 ./utilities/fsl_assert.o
 .debug_macro   0x000000000001626e       0x40 ./utilities/fsl_assert.o
 .debug_macro   0x00000000000162ae       0x10 ./utilities/fsl_assert.o
 .debug_macro   0x00000000000162be       0x40 ./utilities/fsl_assert.o
 .debug_macro   0x00000000000162fe       0xd7 ./utilities/fsl_assert.o
 .debug_macro   0x00000000000163d5       0x1c ./utilities/fsl_assert.o
 .debug_macro   0x00000000000163f1       0x3d ./utilities/fsl_assert.o
 .debug_macro   0x000000000001642e       0x16 ./utilities/fsl_assert.o
 .debug_macro   0x0000000000016444      0x145 ./utilities/fsl_assert.o
 .debug_macro   0x0000000000016589       0x1c ./utilities/fsl_assert.o
 .debug_macro   0x00000000000165a5       0x29 ./startup/startup_lpc55s69_cm33_core0.o
 .debug_macro   0x00000000000165ce      0x24f ./source/app_4G.o
 .debug_macro   0x000000000001681d       0x88 ./source/app_4G.o
 .debug_macro   0x00000000000168a5      0x10d ./source/app_4G.o
 .debug_macro   0x00000000000169b2       0x1c ./source/app_4G.o
 .debug_macro   0x00000000000169ce      0x335 ./source/app_uart.o
 .debug_macro   0x0000000000016d03      0x3a4 ./source/main_ns.o
 .debug_macro   0x00000000000170a7       0xdf ./source/main_ns.o
 .debug_macro   0x0000000000017186      0x356 ./source/main_ns.o
 .debug_macro   0x00000000000174dc       0x4c ./source/main_ns.o
 .debug_macro   0x0000000000017528       0x2e ./source/main_ns.o
 .debug_macro   0x0000000000017556       0x28 ./source/main_ns.o
 .debug_macro   0x000000000001757e       0xf6 ./source/main_ns.o
 .debug_macro   0x0000000000017674      0x255 ./source/main_ns.o
 .debug_macro   0x00000000000178c9       0x60 ./source/secure_varibale.o
 .debug_macro   0x0000000000017929      0x29a ./drivers/fsl_clock.o
 .debug_macro   0x0000000000017bc3      0x41f ./drivers/fsl_clock.o
 .debug_macro   0x0000000000017fe2      0x204 ./drivers/fsl_flexcomm.o
 .debug_macro   0x00000000000181e6       0x10 ./drivers/fsl_flexcomm.o
 .debug_macro   0x00000000000181f6      0x213 ./drivers/fsl_usart.o
 .debug_macro   0x0000000000018409       0x81 /home/zhuaiballl/code/iot_trusted/iot_trusted_ns/libs/libusdl.a(usdl_buf.o)
 .debug_macro   0x000000000001848a      0xaa2 /home/zhuaiballl/code/iot_trusted/iot_trusted_ns/libs/libusdl.a(usdl_buf.o)
 .debug_macro   0x0000000000018f2c       0x10 /home/zhuaiballl/code/iot_trusted/iot_trusted_ns/libs/libusdl.a(usdl_buf.o)
 .debug_macro   0x0000000000018f3c      0x12e /home/zhuaiballl/code/iot_trusted/iot_trusted_ns/libs/libusdl.a(usdl_buf.o)
 .debug_macro   0x000000000001906a      0x5b3 /home/zhuaiballl/code/iot_trusted/iot_trusted_ns/libs/libusdl.a(usdl_buf.o)
 .debug_macro   0x000000000001961d       0x22 /home/zhuaiballl/code/iot_trusted/iot_trusted_ns/libs/libusdl.a(usdl_buf.o)
 .debug_macro   0x000000000001963f       0x7c /home/zhuaiballl/code/iot_trusted/iot_trusted_ns/libs/libusdl.a(usdl_buf.o)
 .debug_macro   0x00000000000196bb       0x1c /home/zhuaiballl/code/iot_trusted/iot_trusted_ns/libs/libusdl.a(usdl_buf.o)
 .debug_macro   0x00000000000196d7      0x10e /home/zhuaiballl/code/iot_trusted/iot_trusted_ns/libs/libusdl.a(usdl_buf.o)
 .debug_macro   0x00000000000197e5       0xad /home/zhuaiballl/code/iot_trusted/iot_trusted_ns/libs/libusdl.a(usdl_mem.o)
 .debug_macro   0x0000000000019892       0x28 /home/zhuaiballl/code/iot_trusted/iot_trusted_ns/libs/libusdl.a(usdl_mem.o)
 .debug_macro   0x00000000000198ba       0x82 /home/zhuaiballl/code/iot_trusted/iot_trusted_ns/libs/libusdl.a(usdl_mem.o)
 .debug_macro   0x000000000001993c       0x36 /home/zhuaiballl/code/iot_trusted/iot_trusted_ns/libs/libusdl.a(usdl_mem.o)
 .debug_macro   0x0000000000019972       0xd7 /home/zhuaiballl/code/iot_trusted/iot_trusted_ns/libs/libusdl.a(usdl_mem.o)

.debug_line     0x0000000000000000     0x6903
 .debug_line    0x0000000000000000      0x662 ./utilities/fsl_assert.o
 .debug_line    0x0000000000000662      0x6ab ./startup/startup_lpc55s69_cm33_core0.o
 .debug_line    0x0000000000000d0d      0x5f1 ./source/app_4G.o
 .debug_line    0x00000000000012fe      0x7ef ./source/app_uart.o
 .debug_line    0x0000000000001aed      0x798 ./source/main_ns.o
 .debug_line    0x0000000000002285      0x15b ./source/secure_varibale.o
 .debug_line    0x00000000000023e0     0x196a ./drivers/fsl_clock.o
 .debug_line    0x0000000000003d4a      0x7f0 ./drivers/fsl_flexcomm.o
 .debug_line    0x000000000000453a      0xdee ./drivers/fsl_usart.o
 .debug_line    0x0000000000005328      0x723 /home/zhuaiballl/code/iot_trusted/iot_trusted_ns/libs/libusdl.a(usdl_buf.o)
 .debug_line    0x0000000000005a4b      0xeb8 /home/zhuaiballl/code/iot_trusted/iot_trusted_ns/libs/libusdl.a(usdl_mem.o)

.debug_str      0x0000000000000000    0xd172b
 .debug_str     0x0000000000000000    0xc569a ./utilities/fsl_assert.o