Archive member included to satisfy reference by file (symbol)

C:\Users\dgs\Documents\MCUXpressoIDE_11.0.0_2516\workspace\lpcxpresso55s69_hello_world_ns_dd\libs\libpower_hardabi.a(fsl_power_lib.o)
                              ./drivers/fsl_clock.o (POWER_SetVoltageForFreq)
c:/nxp/mcuxpressoide_11.0.0_2516/ide/plugins/com.nxp.mcuxpresso.tools.win32_11.0.0.201905131304/tools/bin/../lib/gcc/arm-none-eabi/8.2.1/thumb/v8-m.main+fp/hard\libgcc.a(_arm_addsubdf3.o)
                              ./drivers/fsl_clock.o (__aeabi_f2d)
c:/nxp/mcuxpressoide_11.0.0_2516/ide/plugins/com.nxp.mcuxpresso.tools.win32_11.0.0.201905131304/tools/bin/../lib/gcc/arm-none-eabi/8.2.1/thumb/v8-m.main+fp/hard\libgcc.a(_arm_muldivdf3.o)
                              ./drivers/fsl_clock.o (__aeabi_dmul)
c:/nxp/mcuxpressoide_11.0.0_2516/ide/plugins/com.nxp.mcuxpresso.tools.win32_11.0.0.201905131304/tools/bin/../lib/gcc/arm-none-eabi/8.2.1/thumb/v8-m.main+fp/hard\libgcc.a(_arm_truncdfsf2.o)
                              ./drivers/fsl_clock.o (__aeabi_d2f)
c:/nxp/mcuxpressoide_11.0.0_2516/ide/plugins/com.nxp.mcuxpresso.tools.win32_11.0.0.201905131304/tools/bin/../lib/gcc/arm-none-eabi/8.2.1/thumb/v8-m.main+fp/hard\libgcc.a(_aeabi_uldivmod.o)
                              ./drivers/fsl_clock.o (__aeabi_uldivmod)
c:/nxp/mcuxpressoide_11.0.0_2516/ide/plugins/com.nxp.mcuxpresso.tools.win32_11.0.0.201905131304/tools/bin/../lib/gcc/arm-none-eabi/8.2.1/thumb/v8-m.main+fp/hard\libgcc.a(_udivmoddi4.o)
                              c:/nxp/mcuxpressoide_11.0.0_2516/ide/plugins/com.nxp.mcuxpresso.tools.win32_11.0.0.201905131304/tools/bin/../lib/gcc/arm-none-eabi/8.2.1/thumb/v8-m.main+fp/hard\libgcc.a(_aeabi_uldivmod.o) (__udivmoddi4)
c:/nxp/mcuxpressoide_11.0.0_2516/ide/plugins/com.nxp.mcuxpresso.tools.win32_11.0.0.201905131304/tools/bin/../lib/gcc/arm-none-eabi/8.2.1/thumb/v8-m.main+fp/hard\libgcc.a(_dvmd_tls.o)
                              c:/nxp/mcuxpressoide_11.0.0_2516/ide/plugins/com.nxp.mcuxpresso.tools.win32_11.0.0.201905131304/tools/bin/../lib/gcc/arm-none-eabi/8.2.1/thumb/v8-m.main+fp/hard\libgcc.a(_aeabi_uldivmod.o) (__aeabi_ldiv0)
c:/nxp/mcuxpressoide_11.0.0_2516/ide/plugins/com.nxp.mcuxpresso.tools.win32_11.0.0.201905131304/tools/bin/../lib/gcc/arm-none-eabi/8.2.1/../../../../arm-none-eabi/lib/thumb/v8-m.main+fp/hard\libc_nano.a(lib_a-malloc.o)
                              ./drivers/fsl_common.o (malloc)
c:/nxp/mcuxpressoide_11.0.0_2516/ide/plugins/com.nxp.mcuxpresso.tools.win32_11.0.0.201905131304/tools/bin/../lib/gcc/arm-none-eabi/8.2.1/../../../../arm-none-eabi/lib/thumb/v8-m.main+fp/hard\libc_nano.a(lib_a-memset.o)
                              ./utilities/fsl_debug_console.o (memset)
c:/nxp/mcuxpressoide_11.0.0_2516/ide/plugins/com.nxp.mcuxpresso.tools.win32_11.0.0.201905131304/tools/bin/../lib/gcc/arm-none-eabi/8.2.1/../../../../arm-none-eabi/lib/thumb/v8-m.main+fp/hard\libc_nano.a(lib_a-nano-freer.o)
                              c:/nxp/mcuxpressoide_11.0.0_2516/ide/plugins/com.nxp.mcuxpresso.tools.win32_11.0.0.201905131304/tools/bin/../lib/gcc/arm-none-eabi/8.2.1/../../../../arm-none-eabi/lib/thumb/v8-m.main+fp/hard\libc_nano.a(lib_a-malloc.o) (_free_r)
c:/nxp/mcuxpressoide_11.0.0_2516/ide/plugins/com.nxp.mcuxpresso.tools.win32_11.0.0.201905131304/tools/bin/../lib/gcc/arm-none-eabi/8.2.1/../../../../arm-none-eabi/lib/thumb/v8-m.main+fp/hard\libc_nano.a(lib_a-nano-mallocr.o)
                              c:/nxp/mcuxpressoide_11.0.0_2516/ide/plugins/com.nxp.mcuxpresso.tools.win32_11.0.0.201905131304/tools/bin/../lib/gcc/arm-none-eabi/8.2.1/../../../../arm-none-eabi/lib/thumb/v8-m.main+fp/hard\libc_nano.a(lib_a-malloc.o) (_malloc_r)
c:/nxp/mcuxpressoide_11.0.0_2516/ide/plugins/com.nxp.mcuxpresso.tools.win32_11.0.0.201905131304/tools/bin/../lib/gcc/arm-none-eabi/8.2.1/../../../../arm-none-eabi/lib/thumb/v8-m.main+fp/hard\libc_nano.a(lib_a-printf.o)
                              ./utilities/fsl_assert.o (printf)
c:/nxp/mcuxpressoide_11.0.0_2516/ide/plugins/com.nxp.mcuxpresso.tools.win32_11.0.0.201905131304/tools/bin/../lib/gcc/arm-none-eabi/8.2.1/../../../../arm-none-eabi/lib/thumb/v8-m.main+fp/hard\libc_nano.a(lib_a-sbrkr.o)
                              c:/nxp/mcuxpressoide_11.0.0_2516/ide/plugins/com.nxp.mcuxpresso.tools.win32_11.0.0.201905131304/tools/bin/../lib/gcc/arm-none-eabi/8.2.1/../../../../arm-none-eabi/lib/thumb/v8-m.main+fp/hard\libc_nano.a(lib_a-nano-mallocr.o) (_sbrk_r)
c:/nxp/mcuxpressoide_11.0.0_2516/ide/plugins/com.nxp.mcuxpresso.tools.win32_11.0.0.201905131304/tools/bin/../lib/gcc/arm-none-eabi/8.2.1/../../../../arm-none-eabi/lib/thumb/v8-m.main+fp/hard\libc_nano.a(lib_a-strcmp.o)
                              ./source/hello_world_ns.o (strcmp)
c:/nxp/mcuxpressoide_11.0.0_2516/ide/plugins/com.nxp.mcuxpresso.tools.win32_11.0.0.201905131304/tools/bin/../lib/gcc/arm-none-eabi/8.2.1/../../../../arm-none-eabi/lib/thumb/v8-m.main+fp/hard\libc_nano.a(lib_a-strlen.o)
[...]
Memory Configuration

Name             Origin             Length             Attributes
PROGRAM_FLASH    0x00010000         0x00072000         xr
Ram0             0x20008000         0x0002b000         xrw
*default*        0x00000000         0xffffffff

Linker script and memory map

LOAD ./utilities/fsl_assert.o
LOAD ./utilities/fsl_debug_console.o
LOAD ./utilities/fsl_str.o
LOAD ./startup/boot_multicore_slave.o
LOAD ./startup/startup_lpc55s69_cm33_core0.o
LOAD ./source/hello_world_ns.o
LOAD ./source/semihost_hardfault.o
LOAD ./drivers/fsl_clock.o
LOAD ./drivers/fsl_common.o
LOAD ./drivers/fsl_flexcomm.o
LOAD ./drivers/fsl_gpio.o
LOAD ./drivers/fsl_power.o
LOAD ./drivers/fsl_reset.o
LOAD ./drivers/fsl_usart.o
LOAD ./device/system_LPC55S69_cm33_core0.o
LOAD ./component/uart/usart_adapter.o
LOAD ./component/serial_manager/serial_manager.o
LOAD ./component/serial_manager/serial_port_uart.o
LOAD ./component/lists/generic_list.o
LOAD ./board/board.o
LOAD ./board/clock_config.o
LOAD ./board/pin_mux.o
LOAD C:/Users/dgs/Documents/MCUXpressoIDE_11.0.0_2516/workspace/lpcxpresso55s69_hello_world_s_dd/Debug/lpcxpresso55s69_hello_world_s_dd_CMSE_lib.o
LOAD C:\Users\dgs\Documents\MCUXpressoIDE_11.0.0_2516\workspace\lpcxpresso55s69_hello_world_ns_dd\libs\libpower_hardabi.a
START GROUP
LOAD c:/nxp/mcuxpressoide_11.0.0_2516/ide/plugins/com.nxp.mcuxpresso.tools.win32_11.0.0.201905131304/tools/bin/../lib/gcc/arm-none-eabi/8.2.1/thumb/v8-m.main+fp/hard\libgcc.a
LOAD c:/nxp/mcuxpressoide_11.0.0_2516/ide/plugins/com.nxp.mcuxpresso.tools.win32_11.0.0.201905131304/tools/bin/../lib/gcc/arm-none-eabi/8.2.1/../../../../arm-none-eabi/lib/thumb/v8-m.main+fp/hard\libc_nano.a
LOAD c:/nxp/mcuxpressoide_11.0.0_2516/ide/plugins/com.nxp.mcuxpresso.tools.win32_11.0.0.201905131304/tools/bin/../lib/gcc/arm-none-eabi/8.2.1/../../../../arm-none-eabi/lib/thumb/v8-m.main+fp/hard\libm.a
LOAD c:/nxp/mcuxpressoide_11.0.0_2516/ide/plugins/com.nxp.mcuxpresso.tools.win32_11.0.0.201905131304/tools/bin/../lib/gcc/arm-none-eabi/8.2.1/../../../../arm-none-eabi/lib/thumb/v8-m.main+fp/hard\libcr_newlib_semihost.a
END GROUP
                0x00010000                __base_PROGRAM_FLASH = 0x10000
                0x00010000                __base_Flash = 0x10000
                0x00082000                __top_PROGRAM_FLASH = 0x82000
                0x00082000                __top_Flash = 0x82000
                0x20008000                __base_Ram0 = 0x20008000
                0x20008000                __base_RAM = 0x20008000
                0x20033000                __top_Ram0 = 0x20033000
                0x20033000                __top_RAM = 0x20033000

.text           0x00010000     0x1c68
 FILL mask 0xff
                0x00010000                __vectors_start__ = ABSOLUTE (.)
 *(SORT_BY_ALIGNMENT(.isr_vector))
 .isr_vector    0x00010000      0x130 ./startup/startup_lpc55s69_cm33_core0.o
                0x00010000                g_pfnVectors
                0x00010000                __Vectors
                0x00010130                . = ALIGN (0x4)
                0x00010130                __section_table_start = .
                0x00010130                __data_section_table = .
                0x00010130        0x4 LONG 0x11c68 LOADADDR (.data)
                0x00010134        0x4 LONG 0x20008000 ADDR (.data)
                0x00010138        0x4 LONG 0x64 SIZEOF (.data)
                0x0001013c                __data_section_table_end = .
                0x0001013c                __bss_section_table = .
                0x0001013c        0x4 LONG 0x20008064 ADDR (.bss)
                0x00010140        0x4 LONG 0x9c SIZEOF (.bss)
                0x00010144                __bss_section_table_end = .
                0x00010144                __section_table_end = .
 *(SORT_BY_ALIGNMENT(.after_vectors*))
 .after_vectors.reset
                0x00010144       0x4c ./startup/startup_lpc55s69_cm33_core0.o
                0x00010144                ResetISR
 .after_vectors.init_data
                0x00010190       0x1e ./startup/startup_lpc55s69_cm33_core0.o
                0x00010190                data_init
 .after_vectors.init_bss
                0x000101ae       0x12 ./startup/startup_lpc55s69_cm33_core0.o
                0x000101ae                bss_init
 .after_vectors
                0x000101c0       0x16 ./startup/startup_lpc55s69_cm33_core0.o
                0x000101c0                NMI_Handler
                0x000101c2                HardFault_Handler
                0x000101c4                MemManage_Handler
                0x000101c6                BusFault_Handler
                0x000101c8                UsageFault_Handler
                0x000101ca                SecureFault_Handler
                0x000101cc                SVC_Handler
                0x000101ce                DebugMon_Handler
                0x000101d0                PendSV_Handler
                0x000101d2                SysTick_Handler
                0x000101d4                Reserved56_DriverIRQHandler
                0x000101d4                PIN_INT0_DriverIRQHandler
                0x000101d4                CTIMER2_DriverIRQHandler
                0x000101d4                PIN_INT2_DriverIRQHandler
                0x000101d4                PIN_INT3_DriverIRQHandler
                0x000101d4                IntDefaultHandler
                0x000101d4                USB0_DriverIRQHandler
                0x000101d4                CASER_DriverIRQHandler
                0x000101d4                MRT0_DriverIRQHandler
                0x000101d4                UTICK0_DriverIRQHandler
                0x000101d4                Reserved41_DriverIRQHandler
                0x000101d4                PIN_INT4_DriverIRQHandler
                0x000101d4                PIN_INT5_DriverIRQHandler
                0x000101d4                SEC_GPIO_INT0_IRQ0_DriverIRQHandler
                0x000101d4                CTIMER4_DriverIRQHandler
                0x000101d4                GINT1_DriverIRQHandler
                0x000101d4                PIN_INT7_DriverIRQHandler
                0x000101d4                SEC_VIO_DriverIRQHandler
                0x000101d4                HASHCRYPT_DriverIRQHandler
                0x000101d4                USB0_NEEDCLK_DriverIRQHandler
                0x000101d4                CTIMER0_DriverIRQHandler
                0x000101d4                CTIMER1_DriverIRQHandler
                0x000101d4                Reserved42_DriverIRQHandler
                0x000101d4                PIN_INT6_DriverIRQHandler
                0x000101d4                PQ_DriverIRQHandler
                0x000101d4                MAILBOX_DriverIRQHandler
                0x000101d4                PIN_INT1_DriverIRQHandler
                0x000101d4                CTIMER3_DriverIRQHandler
                0x000101d4                Reserved61_DriverIRQHandler
                0x000101d4                SEC_GPIO_INT0_IRQ1_DriverIRQHandler
                0x000101d4                PUF_DriverIRQHandler
                0x000101d4                RTC_DriverIRQHandler
                0x000101d4                DMA0_DriverIRQHandler
                0x000101d4                Reserved39_DriverIRQHandler
                0x000101d4                USB1_DriverIRQHandler
                0x000101d4                Reserved60_DriverIRQHandler
                0x000101d4                DMA1_DriverIRQHandler
                0x000101d4                ADC0_DriverIRQHandler
                0x000101d4                USB1_NEEDCLK_DriverIRQHandler
                0x000101d4                Reserved59_DriverIRQHandler
                0x000101d4                SDIO_DriverIRQHandler
                0x000101d4                GINT0_DriverIRQHandler
                0x000101d4                ACMP_DriverIRQHandler
                0x000101d4                Reserved57_DriverIRQHandler
                0x000101d4                Reserved55_DriverIRQHandler
                0x000101d4                Reserved46_DriverIRQHandler
                0x000101d4                USB1_UTMI_DriverIRQHandler
                0x000101d4                WDT_BOD_DriverIRQHandler
                0x000101d4                SCT0_DriverIRQHandler
                0x000101d4                PLU_DriverIRQHandler
                0x000101d4                OS_EVENT_DriverIRQHandler
                0x000101d4                SEC_HYPERVISOR_CALL_DriverIRQHandler
 *(SORT_BY_ALIGNMENT(.text*))
 *fill*         0x000101d6        0x2 ff
 .text.__assert_func
                0x000101d8       0x28 ./utilities/fsl_assert.o
                0x000101d8                __assert_func
 .text.main     0x00010200       0x54 ./source/hello_world_ns.o
                0x00010200                main
 .text.FLEXCOMM0_DriverIRQHandler
                0x00010254       0x44 ./drivers/fsl_flexcomm.o
                0x00010254                FLEXCOMM0_DriverIRQHandler
 .text.FLEXCOMM1_DriverIRQHandler
                0x00010298       0x44 ./drivers/fsl_flexcomm.o
                0x00010298                FLEXCOMM1_DriverIRQHandler
 .text.FLEXCOMM2_DriverIRQHandler
                0x000102dc       0x44 ./drivers/fsl_flexcomm.o
                0x000102dc                FLEXCOMM2_DriverIRQHandler
 .text.FLEXCOMM3_DriverIRQHandler
                0x00010320       0x44 ./drivers/fsl_flexcomm.o
                0x00010320                FLEXCOMM3_DriverIRQHandler
 .text.FLEXCOMM4_DriverIRQHandler
                0x00010364       0x44 ./drivers/fsl_flexcomm.o
                0x00010364                FLEXCOMM4_DriverIRQHandler
 .text.FLEXCOMM5_DriverIRQHandler
                0x000103a8       0x44 ./drivers/fsl_flexcomm.o
                0x000103a8                FLEXCOMM5_DriverIRQHandler
 .text.FLEXCOMM6_DriverIRQHandler
                0x000103ec       0x44 ./drivers/fsl_flexcomm.o
                0x000103ec                FLEXCOMM6_DriverIRQHandler
 .text.FLEXCOMM7_DriverIRQHandler
                0x00010430       0x48 ./drivers/fsl_flexcomm.o
                0x00010430                FLEXCOMM7_DriverIRQHandler
 .text.FLEXCOMM8_DriverIRQHandler
                0x00010478       0x48 ./drivers/fsl_flexcomm.o
                0x00010478                FLEXCOMM8_DriverIRQHandler
 .text._free_r  0x000104c0       0x9c c:/nxp/mcuxpressoide_11.0.0_2516/ide/plugins/com.nxp.mcuxpresso.tools.win32_11.0.0.201905131304/tools/bin/../lib/gcc/arm-none-eabi/8.2.1/../../../../arm-none-eabi/lib/thumb/v8-m.main+fp/hard\libc_nano.a(lib_a-nano-freer.o)
                0x000104c0                _free_r
 .text._malloc_r
                0x0001055c       0xb4 c:/nxp/mcuxpressoide_11.0.0_2516/ide/plugins/com.nxp.mcuxpresso.tools.win32_11.0.0.201905131304/tools/bin/../lib/gcc/arm-none-eabi/8.2.1/../../../../arm-none-eabi/lib/thumb/v8-m.main+fp/hard\libc_nano.a(lib_a-nano-mallocr.o)
                0x0001055c                _malloc_r
 .text.printf   0x00010610       0x30 c:/nxp/mcuxpressoide_11.0.0_2516/ide/plugins/com.nxp.mcuxpresso.tools.win32_11.0.0.201905131304/tools/bin/../lib/gcc/arm-none-eabi/8.2.1/../../../../arm-none-eabi/lib/thumb/v8-m.main+fp/hard\libc_nano.a(lib_a-printf.o)
                0x00010610                iprintf
                0x00010610                printf
 .text._sbrk_r  0x00010640       0x20 c:/nxp/mcuxpressoide_11.0.0_2516/ide/plugins/com.nxp.mcuxpresso.tools.win32_11.0.0.201905131304/tools/bin/../lib/gcc/arm-none-eabi/8.2.1/../../../../arm-none-eabi/lib/thumb/v8-m.main+fp/hard\libc_nano.a(lib_a-sbrkr.o)
                0x00010640                _sbrk_r
 .text.std      0x00010660       0x48 c:/nxp/mcuxpressoide_11.0.0_2516/ide/plugins/com.nxp.mcuxpresso.tools.win32_11.0.0.201905131304/tools/bin/../lib/gcc/arm-none-eabi/8.2.1/../../../../arm-none-eabi/lib/thumb/v8-m.main+fp/hard\libc_nano.a(lib_a-findfp.o)
 .text._cleanup_r
                0x000106a8        0xc c:/nxp/mcuxpressoide_11.0.0_2516/ide/plugins/com.nxp.mcuxpresso.tools.win32_11.0.0.201905131304/tools/bin/../lib/gcc/arm-none-eabi/8.2.1/../../../../arm-none-eabi/lib/thumb/v8-m.main+fp/hard\libc_nano.a(lib_a-findfp.o)
                0x000106a8                _cleanup_r
 .text.__sfp_lock_acquire
                0x000106b4        0xc c:/nxp/mcuxpressoide_11.0.0_2516/ide/plugins/com.nxp.mcuxpresso.tools.win32_11.0.0.201905131304/tools/bin/../lib/gcc/arm-none-eabi/8.2.1/../../../../arm-none-eabi/lib/thumb/v8-m.main+fp/hard\libc_nano.a(lib_a-findfp.o)
                0x000106b4                __sfp_lock_acquire
 .text.__sfp_lock_release
                0x000106c0        0xc c:/nxp/mcuxpressoide_11.0.0_2516/ide/plugins/com.nxp.mcuxpresso.tools.win32_11.0.0.201905131304/tools/bin/../lib/gcc/arm-none-eabi/8.2.1/../../../../arm-none-eabi/lib/thumb/v8-m.main+fp/hard\libc_nano.a(lib_a-findfp.o)
                0x000106c0                __sfp_lock_release
 .text.__sinit_lock_acquire
                0x000106cc        0xc c:/nxp/mcuxpressoide_11.0.0_2516/ide/plugins/com.nxp.mcuxpresso.tools.win32_11.0.0.201905131304/tools/bin/../lib/gcc/arm-none-eabi/8.2.1/../../../../arm-none-eabi/lib/thumb/v8-m.main+fp/hard\libc_nano.a(lib_a-findfp.o)
                0x000106cc                __sinit_lock_acquire
 .text.__sinit_lock_release
                0x000106d8        0xc c:/nxp/mcuxpressoide_11.0.0_2516/ide/plugins/com.nxp.mcuxpresso.tools.win32_11.0.0.201905131304/tools/bin/../lib/gcc/arm-none-eabi/8.2.1/../../../../arm-none-eabi/lib/thumb/v8-m.main+fp/hard\libc_nano.a(lib_a-findfp.o)
                0x000106d8                __sinit_lock_release
 .text.__sinit  0x000106e4       0x70 c:/nxp/mcuxpressoide_11.0.0_2516/ide/plugins/com.nxp.mcuxpresso.tools.win32_11.0.0.201905131304/tools/bin/../lib/gcc/arm-none-eabi/8.2.1/../../../../arm-none-eabi/lib/thumb/v8-m.main+fp/hard\libc_nano.a(lib_a-findfp.o)
                0x000106e4                __sinit
 .text.__sfp    0x00010754       0x8c c:/nxp/mcuxpressoide_11.0.0_2516/ide/plugins/com.nxp.mcuxpresso.tools.win32_11.0.0.201905131304/tools/bin/../lib/gcc/arm-none-eabi/8.2.1/../../../../arm-none-eabi/lib/thumb/v8-m.main+fp/hard\libc_nano.a(lib_a-findfp.o)
                0x00010754                __sfp
 .text.__malloc_lock
                0x000107e0        0xc c:/nxp/mcuxpressoide_11.0.0_2516/ide/plugins/com.nxp.mcuxpresso.tools.win32_11.0.0.201905131304/tools/bin/../lib/gcc/arm-none-eabi/8.2.1/../../../../arm-none-eabi/lib/thumb/v8-m.main+fp/hard\libc_nano.a(lib_a-mlock.o)
                0x000107e0                __malloc_lock
 .text.__malloc_unlock
                0x000107ec        0xc c:/nxp/mcuxpressoide_11.0.0_2516/ide/plugins/com.nxp.mcuxpresso.tools.win32_11.0.0.201905131304/tools/bin/../lib/gcc/arm-none-eabi/8.2.1/../../../../arm-none-eabi/lib/thumb/v8-m.main+fp/hard\libc_nano.a(lib_a-mlock.o)
                0x000107ec                __malloc_unlock
 .text._vfprintf_r
                0x000107f8      0x250 c:/nxp/mcuxpressoide_11.0.0_2516/ide/plugins/com.nxp.mcuxpresso.tools.win32_11.0.0.201905131304/tools/bin/../lib/gcc/arm-none-eabi/8.2.1/../../../../arm-none-eabi/lib/thumb/v8-m.main+fp/hard\libc_nano.a(lib_a-nano-vfprintf.o)
                0x000107f8                _vfprintf_r
                0x000107f8                _vfiprintf_r
 .text._printf_i
                0x00010a48      0x228 c:/nxp/mcuxpressoide_11.0.0_2516/ide/plugins/com.nxp.mcuxpresso.tools.win32_11.0.0.201905131304/tools/bin/../lib/gcc/arm-none-eabi/8.2.1/../../../../arm-none-eabi/lib/thumb/v8-m.main+fp/hard\libc_nano.a(lib_a-nano-vfprintf_i.o)
                0x00010a48                _printf_i
 .text.__swbuf_r
                0x00010c70       0xa4 c:/nxp/mcuxpressoide_11.0.0_2516/ide/plugins/com.nxp.mcuxpresso.tools.win32_11.0.0.201905131304/tools/bin/../lib/gcc/arm-none-eabi/8.2.1/../../../../arm-none-eabi/lib/thumb/v8-m.main+fp/hard\libc_nano.a(lib_a-wbuf.o)
                0x00010c70                __swbuf_r
 .text._write_r
                0x00010d14       0x24 c:/nxp/mcuxpressoide_11.0.0_2516/ide/plugins/com.nxp.mcuxpresso.tools.win32_11.0.0.201905131304/tools/bin/../lib/gcc/arm-none-eabi/8.2.1/../../../../arm-none-eabi/lib/thumb/v8-m.main+fp/hard\libc_nano.a(lib_a-writer.o)
                0x00010d14                _write_r
 .text.__swsetup_r
                0x00010d38       0xdc c:/nxp/mcuxpressoide_11.0.0_2516/ide/plugins/com.nxp.mcuxpresso.tools.win32_11.0.0.201905131304/tools/bin/../lib/gcc/arm-none-eabi/8.2.1/../../../../arm-none-eabi/lib/thumb/v8-m.main+fp/hard\libc_nano.a(lib_a-wsetup.o)
                0x00010d38                __swsetup_r
 .text._close_r
                0x00010e14       0x20 c:/nxp/mcuxpressoide_11.0.0_2516/ide/plugins/com.nxp.mcuxpresso.tools.win32_11.0.0.201905131304/tools/bin/../lib/gcc/arm-none-eabi/8.2.1/../../../../arm-none-eabi/lib/thumb/v8-m.main+fp/hard\libc_nano.a(lib_a-closer.o)
                0x00010e14                _close_r
 .text.__sflush_r
                0x00010e34      0x108 c:/nxp/mcuxpressoide_11.0.0_2516/ide/plugins/com.nxp.mcuxpresso.tools.win32_11.0.0.201905131304/tools/bin/../lib/gcc/arm-none-eabi/8.2.1/../../../../arm-none-eabi/lib/thumb/v8-m.main+fp/hard\libc_nano.a(lib_a-fflush.o)
                0x00010e34                __sflush_r
 .text._fflush_r
                0x00010f3c       0x78 c:/nxp/mcuxpressoide_11.0.0_2516/ide/plugins/com.nxp.mcuxpresso.tools.win32_11.0.0.201905131304/tools/bin/../lib/gcc/arm-none-eabi/8.2.1/../../../../arm-none-eabi/lib/thumb/v8-m.main+fp/hard\libc_nano.a(lib_a-fflush.o)
                0x00010f3c                _fflush_r
 .text._lseek_r
                0x00010fb4       0x24 c:/nxp/mcuxpressoide_11.0.0_2516/ide/plugins/com.nxp.mcuxpresso.tools.win32_11.0.0.201905131304/tools/bin/../lib/gcc/arm-none-eabi/8.2.1/../../../../arm-none-eabi/lib/thumb/v8-m.main+fp/hard\libc_nano.a(lib_a-lseekr.o)
                0x00010fb4                _lseek_r
 .text.__smakebuf_r
                0x00010fd8       0x80 c:/nxp/mcuxpressoide_11.0.0_2516/ide/plugins/com.nxp.mcuxpresso.tools.win32_11.0.0.201905131304/tools/bin/../lib/gcc/arm-none-eabi/8.2.1/../../../../arm-none-eabi/lib/thumb/v8-m.main+fp/hard\libc_nano.a(lib_a-makebuf.o)
                0x00010fd8                __smakebuf_r
 .text._read_r  0x00011058       0x24 c:/nxp/mcuxpressoide_11.0.0_2516/ide/plugins/com.nxp.mcuxpresso.tools.win32_11.0.0.201905131304/tools/bin/../lib/gcc/arm-none-eabi/8.2.1/../../../../arm-none-eabi/lib/thumb/v8-m.main+fp/hard\libc_nano.a(lib_a-readr.o)
                0x00011058                _read_r
 .text._fstat_r
                0x0001107c       0x24 c:/nxp/mcuxpressoide_11.0.0_2516/ide/plugins/com.nxp.mcuxpresso.tools.win32_11.0.0.201905131304/tools/bin/../lib/gcc/arm-none-eabi/8.2.1/../../../../arm-none-eabi/lib/thumb/v8-m.main+fp/hard\libc_nano.a(lib_a-fstatr.o)
                0x0001107c                _fstat_r
 .text._isatty_r
                0x000110a0       0x20 c:/nxp/mcuxpressoide_11.0.0_2516/ide/plugins/com.nxp.mcuxpresso.tools.win32_11.0.0.201905131304/tools/bin/../lib/gcc/arm-none-eabi/8.2.1/../../../../arm-none-eabi/lib/thumb/v8-m.main+fp/hard\libc_nano.a(lib_a-isattyr.o)
                0x000110a0                _isatty_r
 .text._sbrk    0x000110c0       0x3c c:/nxp/mcuxpressoide_11.0.0_2516/ide/plugins/com.nxp.mcuxpresso.tools.win32_11.0.0.201905131304/tools/bin/../lib/gcc/arm-none-eabi/8.2.1/../../../../arm-none-eabi/lib/thumb/v8-m.main+fp/hard\libcr_newlib_semihost.a(_cr_sbrk.o)
                0x000110c0                _sbrk
 .text.initialise_monitor_handles
                0x000110fc       0xac c:/nxp/mcuxpressoide_11.0.0_2516/ide/plugins/com.nxp.mcuxpresso.tools.win32_11.0.0.201905131304/tools/bin/../lib/gcc/arm-none-eabi/8.2.1/../../../../arm-none-eabi/lib/thumb/v8-m.main+fp/hard\libcr_newlib_semihost.a(syscalls.o)
 .text.findslot
                0x000111a8       0x24 c:/nxp/mcuxpressoide_11.0.0_2516/ide/plugins/com.nxp.mcuxpresso.tools.win32_11.0.0.201905131304/tools/bin/../lib/gcc/arm-none-eabi/8.2.1/../../../../arm-none-eabi/lib/thumb/v8-m.main+fp/hard\libcr_newlib_semihost.a(syscalls.o)
 .text._close   0x000111cc       0x4c c:/nxp/mcuxpressoide_11.0.0_2516/ide/plugins/com.nxp.mcuxpresso.tools.win32_11.0.0.201905131304/tools/bin/../lib/gcc/arm-none-eabi/8.2.1/../../../../arm-none-eabi/lib/thumb/v8-m.main+fp/hard\libcr_newlib_semihost.a(syscalls.o)
                0x000111cc                _close
 .text.__check_heap_overflow
                0x00011218       0x18 c:/nxp/mcuxpressoide_11.0.0_2516/ide/plugins/com.nxp.mcuxpresso.tools.win32_11.0.0.201905131304/tools/bin/../lib/gcc/arm-none-eabi/8.2.1/../../../../arm-none-eabi/lib/thumb/v8-m.main+fp/hard\libcr_newlib_semihost.a(_cr_check_heap.o)
                0x00011218                __check_heap_overflow
 .text.__errno  0x00011230        0xc c:/nxp/mcuxpressoide_11.0.0_2516/ide/plugins/com.nxp.mcuxpresso.tools.win32_11.0.0.201905131304/tools/bin/../lib/gcc/arm-none-eabi/8.2.1/../../../../arm-none-eabi/lib/thumb/v8-m.main+fp/hard\libc_nano.a(lib_a-errno.o)
                0x00011230                __errno
 .text.WDT_BOD_IRQHandler
                0x0001123c        0x8 ./startup/startup_lpc55s69_cm33_core0.o
                0x0001123c                WDT_BOD_IRQHandler
 .text.DMA0_IRQHandler
                0x00011244        0x8 ./startup/startup_lpc55s69_cm33_core0.o
                0x00011244                DMA0_IRQHandler
 .text.GINT0_IRQHandler
                0x0001124c        0x8 ./startup/startup_lpc55s69_cm33_core0.o
                0x0001124c                GINT0_IRQHandler
 .text.GINT1_IRQHandler
                0x00011254        0x8 ./startup/startup_lpc55s69_cm33_core0.o
                0x00011254                GINT1_IRQHandler
 .text.PIN_INT0_IRQHandler
                0x0001125c        0x8 ./startup/startup_lpc55s69_cm33_core0.o
                0x0001125c                PIN_INT0_IRQHandler
 .text.PIN_INT1_IRQHandler
                0x00011264        0x8 ./startup/startup_lpc55s69_cm33_core0.o
                0x00011264                PIN_INT1_IRQHandler
 .text.PIN_INT2_IRQHandler
                0x0001126c        0x8 ./startup/startup_lpc55s69_cm33_core0.o
                0x0001126c                PIN_INT2_IRQHandler
 .text.PIN_INT3_IRQHandler
                0x00011274        0x8 ./startup/startup_lpc55s69_cm33_core0.o
                0x00011274                PIN_INT3_IRQHandler
 .text.UTICK0_IRQHandler
                0x0001127c        0x8 ./startup/startup_lpc55s69_cm33_core0.o
                0x0001127c                UTICK0_IRQHandler
 .text.MRT0_IRQHandler
                0x00011284        0x8 ./startup/startup_lpc55s69_cm33_core0.o
                0x00011284                MRT0_IRQHandler
 .text.CTIMER0_IRQHandler
                0x0001128c        0x8 ./startup/startup_lpc55s69_cm33_core0.o
                0x0001128c                CTIMER0_IRQHandler
 .text.CTIMER1_IRQHandler
                0x00011294        0x8 ./startup/startup_lpc55s69_cm33_core0.o
                0x00011294                CTIMER1_IRQHandler
 .text.SCT0_IRQHandler
                0x0001129c        0x8 ./startup/startup_lpc55s69_cm33_core0.o
                0x0001129c                SCT0_IRQHandler
 .text.CTIMER3_IRQHandler
                0x000112a4        0x8 ./startup/startup_lpc55s69_cm33_core0.o
                0x000112a4                CTIMER3_IRQHandler
 .text.FLEXCOMM0_IRQHandler
                0x000112ac        0x8 ./startup/startup_lpc55s69_cm33_core0.o
                0x000112ac                FLEXCOMM0_IRQHandler
 .text.FLEXCOMM1_IRQHandler
                0x000112b4        0x8 ./startup/startup_lpc55s69_cm33_core0.o
                0x000112b4                FLEXCOMM1_IRQHandler
 .text.FLEXCOMM2_IRQHandler
                0x000112bc        0x8 ./startup/startup_lpc55s69_cm33_core0.o
                0x000112bc                FLEXCOMM2_IRQHandler
 .text.FLEXCOMM3_IRQHandler
                0x000112c4        0x8 ./startup/startup_lpc55s69_cm33_core0.o
                0x000112c4                FLEXCOMM3_IRQHandler
 .text.FLEXCOMM4_IRQHandler
                0x000112cc        0x8 ./startup/startup_lpc55s69_cm33_core0.o
                0x000112cc                FLEXCOMM4_IRQHandler
 .text.FLEXCOMM5_IRQHandler
                0x000112d4        0x8 ./startup/startup_lpc55s69_cm33_core0.o
                0x000112d4                FLEXCOMM5_IRQHandler
 .text.FLEXCOMM6_IRQHandler
                0x000112dc        0x8 ./startup/startup_lpc55s69_cm33_core0.o
                0x000112dc                FLEXCOMM6_IRQHandler
 .text.FLEXCOMM7_IRQHandler
                0x000112e4        0x8 ./startup/startup_lpc55s69_cm33_core0.o
                0x000112e4                FLEXCOMM7_IRQHandler
 .text.ADC0_IRQHandler
                0x000112ec        0x8 ./startup/startup_lpc55s69_cm33_core0.o
                0x000112ec                ADC0_IRQHandler
 .text.Reserved39_IRQHandler
                0x000112f4        0x8 ./startup/startup_lpc55s69_cm33_core0.o
                0x000112f4                Reserved39_IRQHandler
 .text.ACMP_IRQHandler
                0x000112fc        0x8 ./startup/startup_lpc55s69_cm33_core0.o
                0x000112fc                ACMP_IRQHandler
 .text.Reserved41_IRQHandler
                0x00011304        0x8 ./startup/startup_lpc55s69_cm33_core0.o
                0x00011304                Reserved41_IRQHandler
 .text.Reserved42_IRQHandler
                0x0001130c        0x8 ./startup/startup_lpc55s69_cm33_core0.o
                0x0001130c                Reserved42_IRQHandler
 .text.USB0_NEEDCLK_IRQHandler
                0x00011314        0x8 ./startup/startup_lpc55s69_cm33_core0.o
                0x00011314                USB0_NEEDCLK_IRQHandler
 .text.USB0_IRQHandler
                0x0001131c        0x8 ./startup/startup_lpc55s69_cm33_core0.o
                0x0001131c                USB0_IRQHandler
 .text.RTC_IRQHandler
                0x00011324        0x8 ./startup/startup_lpc55s69_cm33_core0.o
                0x00011324                RTC_IRQHandler
 .text.Reserved46_IRQHandler
                0x0001132c        0x8 ./startup/startup_lpc55s69_cm33_core0.o
                0x0001132c                Reserved46_IRQHandler
 .text.MAILBOX_IRQHandler
                0x00011334        0x8 ./startup/startup_lpc55s69_cm33_core0.o
                0x00011334                MAILBOX_IRQHandler
 .text.PIN_INT4_IRQHandler
                0x0001133c        0x8 ./startup/startup_lpc55s69_cm33_core0.o
                0x0001133c                PIN_INT4_IRQHandler
 .text.PIN_INT5_IRQHandler
                0x00011344        0x8 ./startup/startup_lpc55s69_cm33_core0.o
                0x00011344                PIN_INT5_IRQHandler
 .text.PIN_INT6_IRQHandler
                0x0001134c        0x8 ./startup/startup_lpc55s69_cm33_core0.o
                0x0001134c                PIN_INT6_IRQHandler
 .text.PIN_INT7_IRQHandler
                0x00011354        0x8 ./startup/startup_lpc55s69_cm33_core0.o
                0x00011354                PIN_INT7_IRQHandler
 .text.CTIMER2_IRQHandler
                0x0001135c        0x8 ./startup/startup_lpc55s69_cm33_core0.o
                0x0001135c                CTIMER2_IRQHandler
 .text.CTIMER4_IRQHandler
                0x00011364        0x8 ./startup/startup_lpc55s69_cm33_core0.o
                0x00011364                CTIMER4_IRQHandler
 .text.OS_EVENT_IRQHandler
                0x0001136c        0x8 ./startup/startup_lpc55s69_cm33_core0.o
                0x0001136c                OS_EVENT_IRQHandler
 .text.Reserved55_IRQHandler
                0x00011374        0x8 ./startup/startup_lpc55s69_cm33_core0.o
                0x00011374                Reserved55_IRQHandler
 .text.Reserved56_IRQHandler
                0x0001137c        0x8 ./startup/startup_lpc55s69_cm33_core0.o
                0x0001137c                Reserved56_IRQHandler
 .text.Reserved57_IRQHandler
                0x00011384        0x8 ./startup/startup_lpc55s69_cm33_core0.o
                0x00011384                Reserved57_IRQHandler
 .text.SDIO_IRQHandler
                0x0001138c        0x8 ./startup/startup_lpc55s69_cm33_core0.o
                0x0001138c                SDIO_IRQHandler
 .text.Reserved59_IRQHandler
                0x00011394        0x8 ./startup/startup_lpc55s69_cm33_core0.o
                0x00011394                Reserved59_IRQHandler
 .text.Reserved60_IRQHandler
                0x0001139c        0x8 ./startup/startup_lpc55s69_cm33_core0.o
                0x0001139c                Reserved60_IRQHandler
 .text.Reserved61_IRQHandler
                0x000113a4        0x8 ./startup/startup_lpc55s69_cm33_core0.o
                0x000113a4                Reserved61_IRQHandler
 .text.USB1_UTMI_IRQHandler
                0x000113ac        0x8 ./startup/startup_lpc55s69_cm33_core0.o
                0x000113ac                USB1_UTMI_IRQHandler
 .text.USB1_IRQHandler
                0x000113b4        0x8 ./startup/startup_lpc55s69_cm33_core0.o
                0x000113b4                USB1_IRQHandler
 .text.USB1_NEEDCLK_IRQHandler
                0x000113bc        0x8 ./startup/startup_lpc55s69_cm33_core0.o
                0x000113bc                USB1_NEEDCLK_IRQHandler
 .text.SEC_HYPERVISOR_CALL_IRQHandler
                0x000113c4        0x8 ./startup/startup_lpc55s69_cm33_core0.o
                0x000113c4                SEC_HYPERVISOR_CALL_IRQHandler
 .text.SEC_GPIO_INT0_IRQ0_IRQHandler
                0x000113cc        0x8 ./startup/startup_lpc55s69_cm33_core0.o
                0x000113cc                SEC_GPIO_INT0_IRQ0_IRQHandler
 .text.SEC_GPIO_INT0_IRQ1_IRQHandler
                0x000113d4        0x8 ./startup/startup_lpc55s69_cm33_core0.o
                0x000113d4                SEC_GPIO_INT0_IRQ1_IRQHandler
 .text.PLU_IRQHandler
                0x000113dc        0x8 ./startup/startup_lpc55s69_cm33_core0.o
                0x000113dc                PLU_IRQHandler
 .text.SEC_VIO_IRQHandler
                0x000113e4        0x8 ./startup/startup_lpc55s69_cm33_core0.o
                0x000113e4                SEC_VIO_IRQHandler
 .text.HASHCRYPT_IRQHandler
                0x000113ec        0x8 ./startup/startup_lpc55s69_cm33_core0.o
                0x000113ec                HASHCRYPT_IRQHandler
 .text.CASER_IRQHandler
                0x000113f4        0x8 ./startup/startup_lpc55s69_cm33_core0.o
                0x000113f4                CASER_IRQHandler
 .text.PUF_IRQHandler
                0x000113fc        0x8 ./startup/startup_lpc55s69_cm33_core0.o
                0x000113fc                PUF_IRQHandler
 .text.PQ_IRQHandler
                0x00011404        0x8 ./startup/startup_lpc55s69_cm33_core0.o
                0x00011404                PQ_IRQHandler
 .text.DMA1_IRQHandler
                0x0001140c        0x8 ./startup/startup_lpc55s69_cm33_core0.o
                0x0001140c                DMA1_IRQHandler
 .text.FLEXCOMM8_IRQHandler
                0x00011414        0x8 ./startup/startup_lpc55s69_cm33_core0.o
                0x00011414                FLEXCOMM8_IRQHandler
 .text.SystemInit
                0x0001141c        0xe ./source/hello_world_ns.o
                0x0001141c                SystemInit
 .text.memset   0x0001142a       0x10 c:/nxp/mcuxpressoide_11.0.0_2516/ide/plugins/com.nxp.mcuxpresso.tools.win32_11.0.0.201905131304/tools/bin/../lib/gcc/arm-none-eabi/8.2.1/../../../../arm-none-eabi/lib/thumb/v8-m.main+fp/hard\libc_nano.a(lib_a-memset.o)
                0x0001142a                memset
 .text          0x0001143a       0x14 c:/nxp/mcuxpressoide_11.0.0_2516/ide/plugins/com.nxp.mcuxpresso.tools.win32_11.0.0.201905131304/tools/bin/../lib/gcc/arm-none-eabi/8.2.1/../../../../arm-none-eabi/lib/thumb/v8-m.main+fp/hard\libc_nano.a(lib_a-strcmp.o)
                0x0001143a                strcmp
 .text.__sfmoreglue
                0x0001144e       0x2c c:/nxp/mcuxpressoide_11.0.0_2516/ide/plugins/com.nxp.mcuxpresso.tools.win32_11.0.0.201905131304/tools/bin/../lib/gcc/arm-none-eabi/8.2.1/../../../../arm-none-eabi/lib/thumb/v8-m.main+fp/hard\libc_nano.a(lib_a-findfp.o)
                0x0001144e                __sfmoreglue
 .text._fwalk_reent
                0x0001147a       0x3c c:/nxp/mcuxpressoide_11.0.0_2516/ide/plugins/com.nxp.mcuxpresso.tools.win32_11.0.0.201905131304/tools/bin/../lib/gcc/arm-none-eabi/8.2.1/../../../../arm-none-eabi/lib/thumb/v8-m.main+fp/hard\libc_nano.a(lib_a-fwalk.o)
                0x0001147a                _fwalk_reent
 .text.__retarget_lock_init_recursive
                0x000114b6        0x2 c:/nxp/mcuxpressoide_11.0.0_2516/ide/plugins/com.nxp.mcuxpresso.tools.win32_11.0.0.201905131304/tools/bin/../lib/gcc/arm-none-eabi/8.2.1/../../../../arm-none-eabi/lib/thumb/v8-m.main+fp/hard\libc_nano.a(lib_a-lock.o)
                0x000114b6                __retarget_lock_init_recursive
 .text.__retarget_lock_acquire_recursive
                0x000114b8        0x2 c:/nxp/mcuxpressoide_11.0.0_2516/ide/plugins/com.nxp.mcuxpresso.tools.win32_11.0.0.201905131304/tools/bin/../lib/gcc/arm-none-eabi/8.2.1/../../../../arm-none-eabi/lib/thumb/v8-m.main+fp/hard\libc_nano.a(lib_a-lock.o)
                0x000114b8                __retarget_lock_acquire_recursive
 .text.__retarget_lock_release_recursive
                0x000114ba        0x2 c:/nxp/mcuxpressoide_11.0.0_2516/ide/plugins/com.nxp.mcuxpresso.tools.win32_11.0.0.201905131304/tools/bin/../lib/gcc/arm-none-eabi/8.2.1/../../../../arm-none-eabi/lib/thumb/v8-m.main+fp/hard\libc_nano.a(lib_a-lock.o)
                0x000114ba                __retarget_lock_release_recursive
 .text.__sfputc_r
                0x000114bc       0x2e c:/nxp/mcuxpressoide_11.0.0_2516/ide/plugins/com.nxp.mcuxpresso.tools.win32_11.0.0.201905131304/tools/bin/../lib/gcc/arm-none-eabi/8.2.1/../../../../arm-none-eabi/lib/thumb/v8-m.main+fp/hard\libc_nano.a(lib_a-nano-vfprintf.o)
 .text.__sfputs_r
                0x000114ea       0x24 c:/nxp/mcuxpressoide_11.0.0_2516/ide/plugins/com.nxp.mcuxpresso.tools.win32_11.0.0.201905131304/tools/bin/../lib/gcc/arm-none-eabi/8.2.1/../../../../arm-none-eabi/lib/thumb/v8-m.main+fp/hard\libc_nano.a(lib_a-nano-vfprintf.o)
                0x000114ea                __sfputs_r
 .text._printf_common
                0x0001150e       0xf0 c:/nxp/mcuxpressoide_11.0.0_2516/ide/plugins/com.nxp.mcuxpresso.tools.win32_11.0.0.201905131304/tools/bin/../lib/gcc/arm-none-eabi/8.2.1/../../../../arm-none-eabi/lib/thumb/v8-m.main+fp/hard\libc_nano.a(lib_a-nano-vfprintf_i.o)
                0x0001150e                _printf_common
 .text.__sread  0x000115fe       0x22 c:/nxp/mcuxpressoide_11.0.0_2516/ide/plugins/com.nxp.mcuxpresso.tools.win32_11.0.0.201905131304/tools/bin/../lib/gcc/arm-none-eabi/8.2.1/../../../../arm-none-eabi/lib/thumb/v8-m.main+fp/hard\libc_nano.a(lib_a-stdio.o)
                0x000115fe                __sread
 .text.__swrite
                0x00011620       0x38 c:/nxp/mcuxpressoide_11.0.0_2516/ide/plugins/com.nxp.mcuxpresso.tools.win32_11.0.0.201905131304/tools/bin/../lib/gcc/arm-none-eabi/8.2.1/../../../../arm-none-eabi/lib/thumb/v8-m.main+fp/hard\libc_nano.a(lib_a-stdio.o)
                0x00011620                __swrite
 .text.__sseek  0x00011658       0x24 c:/nxp/mcuxpressoide_11.0.0_2516/ide/plugins/com.nxp.mcuxpresso.tools.win32_11.0.0.201905131304/tools/bin/../lib/gcc/arm-none-eabi/8.2.1/../../../../arm-none-eabi/lib/thumb/v8-m.main+fp/hard\libc_nano.a(lib_a-stdio.o)
                0x00011658                __sseek
 .text.__sclose
                0x0001167c        0x8 c:/nxp/mcuxpressoide_11.0.0_2516/ide/plugins/com.nxp.mcuxpresso.tools.win32_11.0.0.201905131304/tools/bin/../lib/gcc/arm-none-eabi/8.2.1/../../../../arm-none-eabi/lib/thumb/v8-m.main+fp/hard\libc_nano.a(lib_a-stdio.o)
                0x0001167c                __sclose
 .text.__swhatbuf_r
                0x00011684       0x48 c:/nxp/mcuxpressoide_11.0.0_2516/ide/plugins/com.nxp.mcuxpresso.tools.win32_11.0.0.201905131304/tools/bin/../lib/gcc/arm-none-eabi/8.2.1/../../../../arm-none-eabi/lib/thumb/v8-m.main+fp/hard\libc_nano.a(lib_a-makebuf.o)
                0x00011684                __swhatbuf_r
 .text.memchr   0x000116cc       0x1c c:/nxp/mcuxpressoide_11.0.0_2516/ide/plugins/com.nxp.mcuxpresso.tools.win32_11.0.0.201905131304/tools/bin/../lib/gcc/arm-none-eabi/8.2.1/../../../../arm-none-eabi/lib/thumb/v8-m.main+fp/hard\libc_nano.a(lib_a-memchr-stub.o)
                0x000116cc                memchr
 .text.error    0x000116e8       0x1c c:/nxp/mcuxpressoide_11.0.0_2516/ide/plugins/com.nxp.mcuxpresso.tools.win32_11.0.0.201905131304/tools/bin/../lib/gcc/arm-none-eabi/8.2.1/../../../../arm-none-eabi/lib/thumb/v8-m.main+fp/hard\libcr_newlib_semihost.a(syscalls.o)
 .text.checkerror
                0x00011704        0xa c:/nxp/mcuxpressoide_11.0.0_2516/ide/plugins/com.nxp.mcuxpresso.tools.win32_11.0.0.201905131304/tools/bin/../lib/gcc/arm-none-eabi/8.2.1/../../../../arm-none-eabi/lib/thumb/v8-m.main+fp/hard\libcr_newlib_semihost.a(syscalls.o)
 .text._swiread
                0x0001170e       0x20 c:/nxp/mcuxpressoide_11.0.0_2516/ide/plugins/com.nxp.mcuxpresso.tools.win32_11.0.0.201905131304/tools/bin/../lib/gcc/arm-none-eabi/8.2.1/../../../../arm-none-eabi/lib/thumb/v8-m.main+fp/hard\libcr_newlib_semihost.a(syscalls.o)
                0x0001170e                _swiread
 .text._read    0x0001172e       0x34 c:/nxp/mcuxpressoide_11.0.0_2516/ide/plugins/com.nxp.mcuxpresso.tools.win32_11.0.0.201905131304/tools/bin/../lib/gcc/arm-none-eabi/8.2.1/../../../../arm-none-eabi/lib/thumb/v8-m.main+fp/hard\libcr_newlib_semihost.a(syscalls.o)
                0x0001172e                _read
 .text._swilseek
                0x00011762       0x78 c:/nxp/mcuxpressoide_11.0.0_2516/ide/plugins/com.nxp.mcuxpresso.tools.win32_11.0.0.201905131304/tools/bin/../lib/gcc/arm-none-eabi/8.2.1/../../../../arm-none-eabi/lib/thumb/v8-m.main+fp/hard\libcr_newlib_semihost.a(syscalls.o)
                0x00011762                _swilseek
 .text._lseek   0x000117da        0x4 c:/nxp/mcuxpressoide_11.0.0_2516/ide/plugins/com.nxp.mcuxpresso.tools.win32_11.0.0.201905131304/tools/bin/../lib/gcc/arm-none-eabi/8.2.1/../../../../arm-none-eabi/lib/thumb/v8-m.main+fp/hard\libcr_newlib_semihost.a(syscalls.o)
                0x000117da                _lseek
 .text._swiwrite
                0x000117de       0x20 c:/nxp/mcuxpressoide_11.0.0_2516/ide/plugins/com.nxp.mcuxpresso.tools.win32_11.0.0.201905131304/tools/bin/../lib/gcc/arm-none-eabi/8.2.1/../../../../arm-none-eabi/lib/thumb/v8-m.main+fp/hard\libcr_newlib_semihost.a(syscalls.o)
                0x000117de                _swiwrite
 .text._write   0x000117fe       0x40 c:/nxp/mcuxpressoide_11.0.0_2516/ide/plugins/com.nxp.mcuxpresso.tools.win32_11.0.0.201905131304/tools/bin/../lib/gcc/arm-none-eabi/8.2.1/../../../../arm-none-eabi/lib/thumb/v8-m.main+fp/hard\libcr_newlib_semihost.a(syscalls.o)
                0x000117fe                _write
 .text._swiclose
                0x0001183e       0x1a c:/nxp/mcuxpressoide_11.0.0_2516/ide/plugins/com.nxp.mcuxpresso.tools.win32_11.0.0.201905131304/tools/bin/../lib/gcc/arm-none-eabi/8.2.1/../../../../arm-none-eabi/lib/thumb/v8-m.main+fp/hard\libcr_newlib_semihost.a(syscalls.o)
                0x0001183e                _swiclose
 .text._swistat
                0x00011858       0x42 c:/nxp/mcuxpressoide_11.0.0_2516/ide/plugins/com.nxp.mcuxpresso.tools.win32_11.0.0.201905131304/tools/bin/../lib/gcc/arm-none-eabi/8.2.1/../../../../arm-none-eabi/lib/thumb/v8-m.main+fp/hard\libcr_newlib_semihost.a(syscalls.o)
                0x00011858                _swistat
 .text._fstat   0x0001189a       0x1c c:/nxp/mcuxpressoide_11.0.0_2516/ide/plugins/com.nxp.mcuxpresso.tools.win32_11.0.0.201905131304/tools/bin/../lib/gcc/arm-none-eabi/8.2.1/../../../../arm-none-eabi/lib/thumb/v8-m.main+fp/hard\libcr_newlib_semihost.a(syscalls.o)
                0x0001189a                _fstat
 .text._isatty  0x000118b6       0x2a c:/nxp/mcuxpressoide_11.0.0_2516/ide/plugins/com.nxp.mcuxpresso.tools.win32_11.0.0.201905131304/tools/bin/../lib/gcc/arm-none-eabi/8.2.1/../../../../arm-none-eabi/lib/thumb/v8-m.main+fp/hard\libcr_newlib_semihost.a(syscalls.o)
                0x000118b6                _isatty
 .text._isatty.__stub
                0x000118e0       0x20 linker stubs
 *(SORT_BY_ALIGNMENT(.rodata) SORT_BY_ALIGNMENT(.rodata.*) SORT_BY_ALIGNMENT(.constdata) SORT_BY_ALIGNMENT(.constdata.*))
 .rodata        0x00011900       0x3e ./utilities/fsl_assert.o
 *fill*         0x0001193e        0x2 ff
 .rodata        0x00011940       0x92 ./source/hello_world_ns.o
 *fill*         0x000119d2        0x2 ff
 .rodata        0x000119d4       0xfc ./drivers/fsl_flexcomm.o
 .rodata.__func__.9050
                0x00011ad0       0x1b ./drivers/fsl_flexcomm.o
 *fill*         0x00011aeb        0x1 ff
 .rodata.__func__.9054
                0x00011aec       0x1b ./drivers/fsl_flexcomm.o
 *fill*         0x00011b07        0x1 ff
 .rodata.__func__.9058
                0x00011b08       0x1b ./drivers/fsl_flexcomm.o
 *fill*         0x00011b23        0x1 ff
 .rodata.__func__.9062
                0x00011b24       0x1b ./drivers/fsl_flexcomm.o
 *fill*         0x00011b3f        0x1 ff
 .rodata.__func__.9066
                0x00011b40       0x1b ./drivers/fsl_flexcomm.o
 *fill*         0x00011b5b        0x1 ff
 .rodata.__func__.9070
                0x00011b5c       0x1b ./drivers/fsl_flexcomm.o
 *fill*         0x00011b77        0x1 ff
 .rodata.__func__.9074
                0x00011b78       0x1b ./drivers/fsl_flexcomm.o
 *fill*         0x00011b93        0x1 ff
 .rodata.__func__.9078
                0x00011b94       0x1b ./drivers/fsl_flexcomm.o
 *fill*         0x00011baf        0x1 ff
 .rodata.__func__.9082
                0x00011bb0       0x1b ./drivers/fsl_flexcomm.o
 *fill*         0x00011bcb        0x1 ff
 .rodata.__sf_fake_stderr
                0x00011bcc       0x20 c:/nxp/mcuxpressoide_11.0.0_2516/ide/plugins/com.nxp.mcuxpresso.tools.win32_11.0.0.201905131304/tools/bin/../lib/gcc/arm-none-eabi/8.2.1/../../../../arm-none-eabi/lib/thumb/v8-m.main+fp/hard\libc_nano.a(lib_a-findfp.o)
                0x00011bcc                __sf_fake_stderr
 .rodata.__sf_fake_stdin
                0x00011bec       0x20 c:/nxp/mcuxpressoide_11.0.0_2516/ide/plugins/com.nxp.mcuxpresso.tools.win32_11.0.0.201905131304/tools/bin/../lib/gcc/arm-none-eabi/8.2.1/../../../../arm-none-eabi/lib/thumb/v8-m.main+fp/hard\libc_nano.a(lib_a-findfp.o)
                0x00011bec                __sf_fake_stdin
 .rodata.__sf_fake_stdout
                0x00011c0c       0x20 c:/nxp/mcuxpressoide_11.0.0_2516/ide/plugins/com.nxp.mcuxpresso.tools.win32_11.0.0.201905131304/tools/bin/../lib/gcc/arm-none-eabi/8.2.1/../../../../arm-none-eabi/lib/thumb/v8-m.main+fp/hard\libc_nano.a(lib_a-findfp.o)
                0x00011c0c                __sf_fake_stdout
 .rodata._global_impure_ptr
                0x00011c2c        0x4 c:/nxp/mcuxpressoide_11.0.0_2516/ide/plugins/com.nxp.mcuxpresso.tools.win32_11.0.0.201905131304/tools/bin/../lib/gcc/arm-none-eabi/8.2.1/../../../../arm-none-eabi/lib/thumb/v8-m.main+fp/hard\libc_nano.a(lib_a-impure.o)
                0x00011c2c                _global_impure_ptr
 .rodata._vfprintf_r.str1.1
                0x00011c30       0x11 c:/nxp/mcuxpressoide_11.0.0_2516/ide/plugins/com.nxp.mcuxpresso.tools.win32_11.0.0.201905131304/tools/bin/../lib/gcc/arm-none-eabi/8.2.1/../../../../arm-none-eabi/lib/thumb/v8-m.main+fp/hard\libc_nano.a(lib_a-nano-vfprintf.o)
 .rodata._printf_i.str1.1
                0x00011c41       0x22 c:/nxp/mcuxpressoide_11.0.0_2516/ide/plugins/com.nxp.mcuxpresso.tools.win32_11.0.0.201905131304/tools/bin/../lib/gcc/arm-none-eabi/8.2.1/../../../../arm-none-eabi/lib/thumb/v8-m.main+fp/hard\libc_nano.a(lib_a-nano-vfprintf_i.o)
 .rodata.initialise_monitor_handles.str1.1
                0x00011c63        0x4 c:/nxp/mcuxpressoide_11.0.0_2516/ide/plugins/com.nxp.mcuxpresso.tools.win32_11.0.0.201905131304/tools/bin/../lib/gcc/arm-none-eabi/8.2.1/../../../../arm-none-eabi/lib/thumb/v8-m.main+fp/hard\libcr_newlib_semihost.a(syscalls.o)
                0x00011c68                . = ALIGN (0x4)
 *fill*         0x00011c67        0x1 ff

.glue_7         0x00011c68        0x0
 .glue_7        0x00011c68        0x0 linker stubs

.glue_7t        0x00011c68        0x0
 .glue_7t       0x00011c68        0x0 linker stubs

.vfp11_veneer   0x00011c68        0x0
 .vfp11_veneer  0x00011c68        0x0 linker stubs

.v4_bx          0x00011c68        0x0
 .v4_bx         0x00011c68        0x0 linker stubs

.iplt           0x00011c68        0x0
 .iplt          0x00011c68        0x0 ./utilities/fsl_assert.o

.rel.dyn        0x00011c68        0x0
 .rel.iplt      0x00011c68        0x0 ./utilities/fsl_assert.o

.ARM.extab
 *(SORT_BY_ALIGNMENT(.ARM.extab*) SORT_BY_ALIGNMENT(.gnu.linkonce.armextab.*))
                0x00011c68                __exidx_start = .

.ARM.exidx
 *(SORT_BY_ALIGNMENT(.ARM.exidx*) SORT_BY_ALIGNMENT(.gnu.linkonce.armexidx.*))
                0x00011c68                __exidx_end = .
                0x00011c68                _etext = .

.uninit_RESERVED
                0x20008000        0x0
                0x20008000                . = ALIGN (0x4)
 *(SORT_BY_ALIGNMENT(.bss.$RESERVED*))
                0x20008000                . = ALIGN (0x4)
                0x20008000                _end_uninit_RESERVED = .

.data           0x20008000       0x64 load address 0x00011c68
 FILL mask 0xff
                0x20008000                _data = .
 *(SORT_BY_ALIGNMENT(vtable))
 *(SORT_BY_ALIGNMENT(.ramfunc*))
 *(SORT_BY_ALIGNMENT(.data*))
 .data._impure_ptr
                0x20008000        0x4 c:/nxp/mcuxpressoide_11.0.0_2516/ide/plugins/com.nxp.mcuxpresso.tools.win32_11.0.0.201905131304/tools/bin/../lib/gcc/arm-none-eabi/8.2.1/../../../../arm-none-eabi/lib/thumb/v8-m.main+fp/hard\libc_nano.a(lib_a-impure.o)
                0x20008000                _impure_ptr
 .data.impure_data
                0x20008004       0x60 c:/nxp/mcuxpressoide_11.0.0_2516/ide/plugins/com.nxp.mcuxpresso.tools.win32_11.0.0.201905131304/tools/bin/../lib/gcc/arm-none-eabi/8.2.1/../../../../arm-none-eabi/lib/thumb/v8-m.main+fp/hard\libc_nano.a(lib_a-impure.o)
                0x20008064                . = ALIGN (0x4)
                0x20008064                _edata = .

.igot.plt       0x20008064        0x0 load address 0x00011ccc
 .igot.plt      0x20008064        0x0 ./utilities/fsl_assert.o

.bss            0x20008064       0x9c load address 0x00011ccc
                0x20008064                . = ALIGN (0x4)
                0x20008064                _bss = .
 *(SORT_BY_ALIGNMENT(.bss*))
 .bss.s_flexcommIrqHandler
                0x20008064       0x24 ./drivers/fsl_flexcomm.o
 .bss.s_flexcommHandle
                0x20008088       0x24 ./drivers/fsl_flexcomm.o
 .bss.__malloc_free_list
                0x200080ac        0x4 c:/nxp/mcuxpressoide_11.0.0_2516/ide/plugins/com.nxp.mcuxpresso.tools.win32_11.0.0.201905131304/tools/bin/../lib/gcc/arm-none-eabi/8.2.1/../../../../arm-none-eabi/lib/thumb/v8-m.main+fp/hard\libc_nano.a(lib_a-nano-mallocr.o)
                0x200080ac                __malloc_free_list
 .bss.__malloc_sbrk_start
                0x200080b0        0x4 c:/nxp/mcuxpressoide_11.0.0_2516/ide/plugins/com.nxp.mcuxpresso.tools.win32_11.0.0.201905131304/tools/bin/../lib/gcc/arm-none-eabi/8.2.1/../../../../arm-none-eabi/lib/thumb/v8-m.main+fp/hard\libc_nano.a(lib_a-nano-mallocr.o)
                0x200080b0                __malloc_sbrk_start
 .bss.__end_of_heap
                0x200080b4        0x4 c:/nxp/mcuxpressoide_11.0.0_2516/ide/plugins/com.nxp.mcuxpresso.tools.win32_11.0.0.201905131304/tools/bin/../lib/gcc/arm-none-eabi/8.2.1/../../../../arm-none-eabi/lib/thumb/v8-m.main+fp/hard\libcr_newlib_semihost.a(_cr_sbrk.o)
                0x200080b4                __end_of_heap
 .bss.initialized.7041
                0x200080b8        0x4 c:/nxp/mcuxpressoide_11.0.0_2516/ide/plugins/com.nxp.mcuxpresso.tools.win32_11.0.0.201905131304/tools/bin/../lib/gcc/arm-none-eabi/8.2.1/../../../../arm-none-eabi/lib/thumb/v8-m.main+fp/hard\libcr_newlib_semihost.a(syscalls.o)
 .bss.monitor_stderr
                0x200080bc        0x4 c:/nxp/mcuxpressoide_11.0.0_2516/ide/plugins/com.nxp.mcuxpresso.tools.win32_11.0.0.201905131304/tools/bin/../lib/gcc/arm-none-eabi/8.2.1/../../../../arm-none-eabi/lib/thumb/v8-m.main+fp/hard\libcr_newlib_semihost.a(syscalls.o)
 .bss.monitor_stdin
                0x200080c0        0x4 c:/nxp/mcuxpressoide_11.0.0_2516/ide/plugins/com.nxp.mcuxpresso.tools.win32_11.0.0.201905131304/tools/bin/../lib/gcc/arm-none-eabi/8.2.1/../../../../arm-none-eabi/lib/thumb/v8-m.main+fp/hard\libcr_newlib_semihost.a(syscalls.o)
 .bss.monitor_stdout
                0x200080c4        0x4 c:/nxp/mcuxpressoide_11.0.0_2516/ide/plugins/com.nxp.mcuxpresso.tools.win32_11.0.0.201905131304/tools/bin/../lib/gcc/arm-none-eabi/8.2.1/../../../../arm-none-eabi/lib/thumb/v8-m.main+fp/hard\libcr_newlib_semihost.a(syscalls.o)
 .bss.openfiles
                0x200080c8       0x28 c:/nxp/mcuxpressoide_11.0.0_2516/ide/plugins/com.nxp.mcuxpresso.tools.win32_11.0.0.201905131304/tools/bin/../lib/gcc/arm-none-eabi/8.2.1/../../../../arm-none-eabi/lib/thumb/v8-m.main+fp/hard\libcr_newlib_semihost.a(syscalls.o)
 *(SORT_BY_ALIGNMENT(COMMON))
 COMMON         0x200080f0        0x4 c:/nxp/mcuxpressoide_11.0.0_2516/ide/plugins/com.nxp.mcuxpresso.tools.win32_11.0.0.201905131304/tools/bin/../lib/gcc/arm-none-eabi/8.2.1/../../../../arm-none-eabi/lib/thumb/v8-m.main+fp/hard\libc_nano.a(lib_a-reent.o)
                0x200080f0                errno
 COMMON         0x200080f4        0x9 c:/nxp/mcuxpressoide_11.0.0_2516/ide/plugins/com.nxp.mcuxpresso.tools.win32_11.0.0.201905131304/tools/bin/../lib/gcc/arm-none-eabi/8.2.1/../../../../arm-none-eabi/lib/thumb/v8-m.main+fp/hard\libc_nano.a(lib_a-lock.o)
                0x200080f4                __lock___atexit_recursive_mutex
                0x200080f5                __lock___arc4random_mutex
                0x200080f6                __lock___env_recursive_mutex
                0x200080f7                __lock___sinit_recursive_mutex
                0x200080f8                __lock___malloc_recursive_mutex
                0x200080f9                __lock___at_quick_exit_mutex
                0x200080fa                __lock___dd_hash_mutex
                0x200080fb                __lock___tz_mutex
                0x200080fc                __lock___sfp_recursive_mutex
                0x20008100                . = ALIGN (0x4)
 *fill*         0x200080fd        0x3 
                0x20008100                _ebss = .
                [!provide]                PROVIDE (end = .)

.noinit         0x20008100        0x0 load address 0x00011ccc
                0x20008100                . = ALIGN (0x4)
                0x20008100                _noinit = .
 *(SORT_BY_ALIGNMENT(.noinit*))
                0x20008100                . = ALIGN (0x4)
                0x20008100                _end_noinit = .
                0x00001000                _HeapSize = 0x1000

.heap           0x20008100     0x1000 load address 0x00011ccc
                0x20008100                _pvHeapStart = .
                0x20009100                . = (. + _HeapSize)
 *fill*         0x20008100     0x1000 
                0x20009100                . = ALIGN (0x4)
                0x20009100                _pvHeapLimit = .
                0x00001000                _StackSize = 0x1000

.heap2stackfill
                0x20009100     0x1000 load address 0x00011ccc
                0x2000a100                . = (. + _StackSize)
 *fill*         0x20009100     0x1000 

.stack          0x20032000        0x0
                0x20032000                _vStackBase = .
                0x20032000                . = ALIGN (0x4)
                0x20033000                _vStackTop = (. + _StackSize)
                [!provide]                PROVIDE (__valid_user_code_checksum = (0x0 - ((((((_vStackTop + (ResetISR + 0x1)) + (NMI_Handler + 0x1)) + (HardFault_Handler + 0x1)) + (DEFINED (MemManage_Handler)?MemManage_Handler:0x0 + 0x1)) + (DEFINED (BusFault_Handler)?BusFault_Handler:0x0 + 0x1)) + (DEFINED (UsageFault_Handler)?UsageFault_Handler:0x0 + 0x1))))
                0x00010000                _image_start = LOADADDR (.text)
                0x00011ccc                _image_end = (LOADADDR (.data) + SIZEOF (.data))
                0x00001ccc                _image_size = (_image_end - _image_start)
OUTPUT(lpcxpresso55s69_hello_world_ns_dd.axf elf32-littlearm)

.debug_info     0x00000000     0x3fb5
 .debug_info    0x00000000      0x9c2 ./utilities/fsl_assert.o
 .debug_info    0x000009c2      0x6fb ./startup/startup_lpc55s69_cm33_core0.o
 .debug_info    0x000010bd      0x9af ./source/hello_world_ns.o
 .debug_info    0x00001a6c     0x2549 ./drivers/fsl_flexcomm.o

.debug_abbrev   0x00000000      0x8bd
 .debug_abbrev  0x00000000      0x1ed ./utilities/fsl_assert.o
 .debug_abbrev  0x000001ed      0x15a ./startup/startup_lpc55s69_cm33_core0.o
 .debug_abbrev  0x00000347      0x208 ./source/hello_world_ns.o
 .debug_abbrev  0x0000054f      0x36e ./drivers/fsl_flexcomm.o

.debug_aranges  0x00000000      0x340
 .debug_aranges
                0x00000000       0x20 ./utilities/fsl_assert.o
 .debug_aranges
                0x00000020      0x268 ./startup/startup_lpc55s69_cm33_core0.o
 .debug_aranges
                0x00000288       0x28 ./source/hello_world_ns.o
 .debug_aranges
                0x000002b0       0x90 ./drivers/fsl_flexcomm.o

.debug_ranges   0x00000000      0x300
 .debug_ranges  0x00000000       0x10 ./utilities/fsl_assert.o
 .debug_ranges  0x00000010      0x258 ./startup/startup_lpc55s69_cm33_core0.o
 .debug_ranges  0x00000268       0x18 ./source/hello_world_ns.o
 .debug_ranges  0x00000280       0x80 ./drivers/fsl_flexcomm.o

.debug_macro    0x00000000    0x17315
 .debug_macro   0x00000000      0x2ee ./utilities/fsl_assert.o
 .debug_macro   0x000002ee      0xade ./utilities/fsl_assert.o
 .debug_macro   0x00000dcc       0x22 ./utilities/fsl_assert.o
 .debug_macro   0x00000dee       0x58 ./utilities/fsl_assert.o
 .debug_macro   0x00000e46       0x18 ./utilities/fsl_assert.o
 .debug_macro   0x00000e5e       0x94 ./utilities/fsl_assert.o
 .debug_macro   0x00000ef2       0x35 ./utilities/fsl_assert.o
 .debug_macro   0x00000f27       0x34 ./utilities/fsl_assert.o
 .debug_macro   0x00000f5b       0x16 ./utilities/fsl_assert.o
 .debug_macro   0x00000f71       0x22 ./utilities/fsl_assert.o
 .debug_macro   0x00000f93      0x34e ./utilities/fsl_assert.o
 .debug_macro   0x000012e1      0x16d ./utilities/fsl_assert.o
 .debug_macro   0x0000144e       0x57 ./utilities/fsl_assert.o
 .debug_macro   0x000014a5       0x58 ./utilities/fsl_assert.o
 .debug_macro   0x000014fd       0x1f ./utilities/fsl_assert.o
 .debug_macro   0x0000151c       0x43 ./utilities/fsl_assert.o
 .debug_macro   0x0000155f       0x20 ./utilities/fsl_assert.o
 .debug_macro   0x0000157f      0x18e ./utilities/fsl_assert.o
 .debug_macro   0x0000170d      0x35c ./utilities/fsl_assert.o
 .debug_macro   0x00001a69       0x10 ./utilities/fsl_assert.o
 .debug_macro   0x00001a79       0x35 ./utilities/fsl_assert.o
 .debug_macro   0x00001aae       0x16 ./utilities/fsl_assert.o
 .debug_macro   0x00001ac4       0x16 ./utilities/fsl_assert.o
 .debug_macro   0x00001ada       0x29 ./utilities/fsl_assert.o
 .debug_macro   0x00001b03       0x10 ./utilities/fsl_assert.o
 .debug_macro   0x00001b13       0x46 ./utilities/fsl_assert.o
 .debug_macro   0x00001b59       0x1c ./utilities/fsl_assert.o
 .debug_macro   0x00001b75       0x29 ./utilities/fsl_assert.o
 .debug_macro   0x00001b9e       0xd9 ./utilities/fsl_assert.o
 .debug_macro   0x00001c77     0x1401 ./utilities/fsl_assert.o
 .debug_macro   0x00003078       0x5e ./utilities/fsl_assert.o
 .debug_macro   0x000030d6       0x2e ./utilities/fsl_assert.o
 .debug_macro   0x00003104    0x12870 ./utilities/fsl_assert.o
 .debug_macro   0x00015974      0x2a5 ./utilities/fsl_assert.o
 .debug_macro   0x00015c19       0xc9 ./utilities/fsl_assert.o
 .debug_macro   0x00015ce2      0x2f4 ./utilities/fsl_assert.o
 .debug_macro   0x00015fd6       0x10 ./utilities/fsl_assert.o
 .debug_macro   0x00015fe6       0xd2 ./utilities/fsl_assert.o
 .debug_macro   0x000160b8       0x34 ./utilities/fsl_assert.o
 .debug_macro   0x000160ec       0x10 ./utilities/fsl_assert.o
 .debug_macro   0x000160fc       0x32 ./utilities/fsl_assert.o
 .debug_macro   0x0001612e       0x16 ./utilities/fsl_assert.o
 .debug_macro   0x00016144       0x1c ./utilities/fsl_assert.o
 .debug_macro   0x00016160       0x10 ./utilities/fsl_assert.o
 .debug_macro   0x00016170       0x10 ./utilities/fsl_assert.o
 .debug_macro   0x00016180       0x6a ./utilities/fsl_assert.o
 .debug_macro   0x000161ea       0x1c ./utilities/fsl_assert.o
 .debug_macro   0x00016206       0x52 ./utilities/fsl_assert.o
 .debug_macro   0x00016258       0x40 ./utilities/fsl_assert.o
 .debug_macro   0x00016298       0x10 ./utilities/fsl_assert.o
 .debug_macro   0x000162a8       0x40 ./utilities/fsl_assert.o
 .debug_macro   0x000162e8       0xd7 ./utilities/fsl_assert.o
 .debug_macro   0x000163bf       0x1c ./utilities/fsl_assert.o
 .debug_macro   0x000163db       0x3d ./utilities/fsl_assert.o
 .debug_macro   0x00016418       0x16 ./utilities/fsl_assert.o
 .debug_macro   0x0001642e      0x16f ./utilities/fsl_assert.o
 .debug_macro   0x0001659d       0x1c ./utilities/fsl_assert.o
 .debug_macro   0x000165b9       0x29 ./startup/startup_lpc55s69_cm33_core0.o
 .debug_macro   0x000165e2      0x339 ./source/hello_world_ns.o
 .debug_macro   0x0001691b       0xdf ./source/hello_world_ns.o
 .debug_macro   0x000169fa      0x356 ./source/hello_world_ns.o
 .debug_macro   0x00016d50       0x2e ./source/hello_world_ns.o
 .debug_macro   0x00016d7e       0x28 ./source/hello_world_ns.o
 .debug_macro   0x00016da6       0x10 ./source/hello_world_ns.o
 .debug_macro   0x00016db6       0xf6 ./source/hello_world_ns.o
 .debug_macro   0x00016eac      0x255 ./source/hello_world_ns.o
 .debug_macro   0x00017101      0x204 ./drivers/fsl_flexcomm.o
 .debug_macro   0x00017305       0x10 ./drivers/fsl_flexcomm.o

.debug_line     0x00000000     0x1a28
 .debug_line    0x00000000      0x5c6 ./utilities/fsl_assert.o
 .debug_line    0x000005c6      0x6ab ./startup/startup_lpc55s69_cm33_core0.o
 .debug_line    0x00000c71      0x663 ./source/hello_world_ns.o
 .debug_line    0x000012d4      0x754 ./drivers/fsl_flexcomm.o

.debug_str      0x00000000    0xc97a2
 .debug_str     0x00000000    0xc527d ./utilities/fsl_assert.o
                              0xc550c (size before relaxing)
 .debug_str     0x000c527d      0x69f ./startup/startup_lpc55s69_cm33_core0.o
                               0x35f5 (size before relaxing)
 .debug_str     0x000c591c     0x1994 ./source/hello_world_ns.o
                              0xc6e52 (size before relaxing)
 .debug_str     0x000c72b0     0x24f2 ./drivers/fsl_flexcomm.o
                              0xc63a9 (size before relaxing)

.comment        0x00000000       0x75
 .comment       0x00000000       0x75 ./utilities/fsl_assert.o
                                 0x76 (size before relaxing)
 .comment       0x00000075       0x76 ./startup/startup_lpc55s69_cm33_core0.o
 .comment       0x00000075       0x76 ./source/hello_world_ns.o
 .comment       0x00000075       0x76 ./drivers/fsl_flexcomm.o
 .comment       0x00000075       0x76 c:/nxp/mcuxpressoide_11.0.0_2516/ide/plugins/com.nxp.mcuxpresso.tools.win32_11.0.0.201905131304/tools/bin/../lib/gcc/arm-none-eabi/8.2.1/../../../../arm-none-eabi/lib/thumb/v8-m.main+fp/hard\libcr_newlib_semihost.a(_cr_sbrk.o)
 .comment       0x00000075       0x76 c:/nxp/mcuxpressoide_11.0.0_2516/ide/plugins/com.nxp.mcuxpresso.tools.win32_11.0.0.201905131304/tools/bin/../lib/gcc/arm-none-eabi/8.2.1/../../../../arm-none-eabi/lib/thumb/v8-m.main+fp/hard\libcr_newlib_semihost.a(syscalls.o)
 .comment       0x00000075       0x76 c:/nxp/mcuxpressoide_11.0.0_2516/ide/plugins/com.nxp.mcuxpresso.tools.win32_11.0.0.201905131304/tools/bin/../lib/gcc/arm-none-eabi/8.2.1/../../../../arm-none-eabi/lib/thumb/v8-m.main+fp/hard\libcr_newlib_semihost.a(_cr_check_heap.o)

.ARM.attributes
                0x00000000       0x38
 .ARM.attributes
                0x00000000       0x3a ./utilities/fsl_assert.o
 .ARM.attributes
                0x0000003a       0x3a ./startup/startup_lpc55s69_cm33_core0.o
 .ARM.attributes
                0x00000074       0x3a ./source/hello_world_ns.o
 .ARM.attributes
                0x000000ae       0x3a ./drivers/fsl_flexcomm.o
 .ARM.attributes
                0x000000e8       0x38 c:/nxp/mcuxpressoide_11.0.0_2516/ide/plugins/com.nxp.mcuxpresso.tools.win32_11.0.0.201905131304/tools/bin/../lib/gcc/arm-none-eabi/8.2.1/../../../../arm-none-eabi/lib/thumb/v8-m.main+fp/hard\libc_nano.a(lib_a-memset.o)
 .ARM.attributes
                0x00000120       0x38 c:/nxp/mcuxpressoide_11.0.0_2516/ide/plugins/com.nxp.mcuxpresso.tools.win32_11.0.0.201905131304/tools/bin/../lib/gcc/arm-none-eabi/8.2.1/../../../../arm-none-eabi/lib/thumb/v8-m.main+fp/hard\libc_nano.a(lib_a-nano-freer.o)
 .ARM.attributes
                0x00000158       0x38 c:/nxp/mcuxpressoide_11.0.0_2516/ide/plugins/com.nxp.mcuxpresso.tools.win32_11.0.0.201905131304/tools/bin/../lib/gcc/arm-none-eabi/8.2.1/../../../../arm-none-eabi/lib/thumb/v8-m.main+fp/hard\libc_nano.a(lib_a-nano-mallocr.o)
 .ARM.attributes
                0x00000190       0x38 c:/nxp/mcuxpressoide_11.0.0_2516/ide/plugins/com.nxp.mcuxpresso.tools.win32_11.0.0.201905131304/tools/bin/../lib/gcc/arm-none-eabi/8.2.1/../../../../arm-none-eabi/lib/thumb/v8-m.main+fp/hard\libc_nano.a(lib_a-printf.o)
 .ARM.attributes
                0x000001c8       0x38 c:/nxp/mcuxpressoide_11.0.0_2516/ide/plugins/com.nxp.mcuxpresso.tools.win32_11.0.0.201905131304/tools/bin/../lib/gcc/arm-none-eabi/8.2.1/../../../../arm-none-eabi/lib/thumb/v8-m.main+fp/hard\libc_nano.a(lib_a-sbrkr.o)
 .ARM.attributes
                0x00000200       0x20 c:/nxp/mcuxpressoide_11.0.0_2516/ide/plugins/com.nxp.mcuxpresso.tools.win32_11.0.0.201905131304/tools/bin/../lib/gcc/arm-none-eabi/8.2.1/../../../../arm-none-eabi/lib/thumb/v8-m.main+fp/hard\libc_nano.a(lib_a-strcmp.o)
 .ARM.attributes
                0x00000220       0x38 c:/nxp/mcuxpressoide_11.0.0_2516/ide/plugins/com.nxp.mcuxpresso.tools.win32_11.0.0.201905131304/tools/bin/../lib/gcc/arm-none-eabi/8.2.1/../../../../arm-none-eabi/lib/thumb/v8-m.main+fp/hard\libc_nano.a(lib_a-findfp.o)
 .ARM.attributes
                0x00000258       0x38 c:/nxp/mcuxpressoide_11.0.0_2516/ide/plugins/com.nxp.mcuxpresso.tools.win32_11.0.0.201905131304/tools/bin/../lib/gcc/arm-none-eabi/8.2.1/../../../../arm-none-eabi/lib/thumb/v8-m.main+fp/hard\libc_nano.a(lib_a-fwalk.o)
 .ARM.attributes
                0x00000290       0x36 c:/nxp/mcuxpressoide_11.0.0_2516/ide/plugins/com.nxp.mcuxpresso.tools.win32_11.0.0.201905131304/tools/bin/../lib/gcc/arm-none-eabi/8.2.1/../../../../arm-none-eabi/lib/thumb/v8-m.main+fp/hard\libc_nano.a(lib_a-impure.o)
 .ARM.attributes
                0x000002c6       0x38 c:/nxp/mcuxpressoide_11.0.0_2516/ide/plugins/com.nxp.mcuxpresso.tools.win32_11.0.0.201905131304/tools/bin/../lib/gcc/arm-none-eabi/8.2.1/../../../../arm-none-eabi/lib/thumb/v8-m.main+fp/hard\libc_nano.a(lib_a-lock.o)
 .ARM.attributes
                0x000002fe       0x38 c:/nxp/mcuxpressoide_11.0.0_2516/ide/plugins/com.nxp.mcuxpresso.tools.win32_11.0.0.201905131304/tools/bin/../lib/gcc/arm-none-eabi/8.2.1/../../../../arm-none-eabi/lib/thumb/v8-m.main+fp/hard\libc_nano.a(lib_a-mlock.o)
 .ARM.attributes
                0x00000336       0x38 c:/nxp/mcuxpressoide_11.0.0_2516/ide/plugins/com.nxp.mcuxpresso.tools.win32_11.0.0.201905131304/tools/bin/../lib/gcc/arm-none-eabi/8.2.1/../../../../arm-none-eabi/lib/thumb/v8-m.main+fp/hard\libc_nano.a(lib_a-nano-vfprintf.o)
 .ARM.attributes
                0x0000036e       0x38 c:/nxp/mcuxpressoide_11.0.0_2516/ide/plugins/com.nxp.mcuxpresso.tools.win32_11.0.0.201905131304/tools/bin/../lib/gcc/arm-none-eabi/8.2.1/../../../../arm-none-eabi/lib/thumb/v8-m.main+fp/hard\libc_nano.a(lib_a-nano-vfprintf_i.o)
 .ARM.attributes
                0x000003a6       0x38 c:/nxp/mcuxpressoide_11.0.0_2516/ide/plugins/com.nxp.mcuxpresso.tools.win32_11.0.0.201905131304/tools/bin/../lib/gcc/arm-none-eabi/8.2.1/../../../../arm-none-eabi/lib/thumb/v8-m.main+fp/hard\libc_nano.a(lib_a-reent.o)
 .ARM.attributes
                0x000003de       0x38 c:/nxp/mcuxpressoide_11.0.0_2516/ide/plugins/com.nxp.mcuxpresso.tools.win32_11.0.0.201905131304/tools/bin/../lib/gcc/arm-none-eabi/8.2.1/../../../../arm-none-eabi/lib/thumb/v8-m.main+fp/hard\libc_nano.a(lib_a-stdio.o)
 .ARM.attributes
                0x00000416       0x38 c:/nxp/mcuxpressoide_11.0.0_2516/ide/plugins/com.nxp.mcuxpresso.tools.win32_11.0.0.201905131304/tools/bin/../lib/gcc/arm-none-eabi/8.2.1/../../../../arm-none-eabi/lib/thumb/v8-m.main+fp/hard\libc_nano.a(lib_a-wbuf.o)
 .ARM.attributes
                0x0000044e       0x38 c:/nxp/mcuxpressoide_11.0.0_2516/ide/plugins/com.nxp.mcuxpresso.tools.win32_11.0.0.201905131304/tools/bin/../lib/gcc/arm-none-eabi/8.2.1/../../../../arm-none-eabi/lib/thumb/v8-m.main+fp/hard\libc_nano.a(lib_a-writer.o)
 .ARM.attributes
                0x00000486       0x38 c:/nxp/mcuxpressoide_11.0.0_2516/ide/plugins/com.nxp.mcuxpresso.tools.win32_11.0.0.201905131304/tools/bin/../lib/gcc/arm-none-eabi/8.2.1/../../../../arm-none-eabi/lib/thumb/v8-m.main+fp/hard\libc_nano.a(lib_a-wsetup.o)
 .ARM.attributes
                0x000004be       0x38 c:/nxp/mcuxpressoide_11.0.0_2516/ide/plugins/com.nxp.mcuxpresso.tools.win32_11.0.0.201905131304/tools/bin/../lib/gcc/arm-none-eabi/8.2.1/../../../../arm-none-eabi/lib/thumb/v8-m.main+fp/hard\libc_nano.a(lib_a-closer.o)
 .ARM.attributes
                0x000004f6       0x38 c:/nxp/mcuxpressoide_11.0.0_2516/ide/plugins/com.nxp.mcuxpresso.tools.win32_11.0.0.201905131304/tools/bin/../lib/gcc/arm-none-eabi/8.2.1/../../../../arm-none-eabi/lib/thumb/v8-m.main+fp/hard\libc_nano.a(lib_a-fflush.o)
 .ARM.attributes
                0x0000052e       0x38 c:/nxp/mcuxpressoide_11.0.0_2516/ide/plugins/com.nxp.mcuxpresso.tools.win32_11.0.0.201905131304/tools/bin/../lib/gcc/arm-none-eabi/8.2.1/../../../../arm-none-eabi/lib/thumb/v8-m.main+fp/hard\libc_nano.a(lib_a-lseekr.o)
 .ARM.attributes
                0x00000566       0x38 c:/nxp/mcuxpressoide_11.0.0_2516/ide/plugins/com.nxp.mcuxpresso.tools.win32_11.0.0.201905131304/tools/bin/../lib/gcc/arm-none-eabi/8.2.1/../../../../arm-none-eabi/lib/thumb/v8-m.main+fp/hard\libc_nano.a(lib_a-makebuf.o)
 .ARM.attributes
                0x0000059e       0x38 c:/nxp/mcuxpressoide_11.0.0_2516/ide/plugins/com.nxp.mcuxpresso.tools.win32_11.0.0.201905131304/tools/bin/../lib/gcc/arm-none-eabi/8.2.1/../../../../arm-none-eabi/lib/thumb/v8-m.main+fp/hard\libc_nano.a(lib_a-memchr-stub.o)
 .ARM.attributes
                0x000005d6       0x38 c:/nxp/mcuxpressoide_11.0.0_2516/ide/plugins/com.nxp.mcuxpresso.tools.win32_11.0.0.201905131304/tools/bin/../lib/gcc/arm-none-eabi/8.2.1/../../../../arm-none-eabi/lib/thumb/v8-m.main+fp/hard\libc_nano.a(lib_a-readr.o)
 .ARM.attributes
                0x0000060e       0x38 c:/nxp/mcuxpressoide_11.0.0_2516/ide/plugins/com.nxp.mcuxpresso.tools.win32_11.0.0.201905131304/tools/bin/../lib/gcc/arm-none-eabi/8.2.1/../../../../arm-none-eabi/lib/thumb/v8-m.main+fp/hard\libc_nano.a(lib_a-fstatr.o)
 .ARM.attributes
                0x00000646       0x38 c:/nxp/mcuxpressoide_11.0.0_2516/ide/plugins/com.nxp.mcuxpresso.tools.win32_11.0.0.201905131304/tools/bin/../lib/gcc/arm-none-eabi/8.2.1/../../../../arm-none-eabi/lib/thumb/v8-m.main+fp/hard\libc_nano.a(lib_a-isattyr.o)
 .ARM.attributes
                0x0000067e       0x3a c:/nxp/mcuxpressoide_11.0.0_2516/ide/plugins/com.nxp.mcuxpresso.tools.win32_11.0.0.201905131304/tools/bin/../lib/gcc/arm-none-eabi/8.2.1/../../../../arm-none-eabi/lib/thumb/v8-m.main+fp/hard\libcr_newlib_semihost.a(_cr_sbrk.o)
 .ARM.attributes
                0x000006b8       0x3a c:/nxp/mcuxpressoide_11.0.0_2516/ide/plugins/com.nxp.mcuxpresso.tools.win32_11.0.0.201905131304/tools/bin/../lib/gcc/arm-none-eabi/8.2.1/../../../../arm-none-eabi/lib/thumb/v8-m.main+fp/hard\libcr_newlib_semihost.a(syscalls.o)
 .ARM.attributes
                0x000006f2       0x3a c:/nxp/mcuxpressoide_11.0.0_2516/ide/plugins/com.nxp.mcuxpresso.tools.win32_11.0.0.201905131304/tools/bin/../lib/gcc/arm-none-eabi/8.2.1/../../../../arm-none-eabi/lib/thumb/v8-m.main+fp/hard\libcr_newlib_semihost.a(_cr_check_heap.o)
 .ARM.attributes
                0x0000072c       0x38 c:/nxp/mcuxpressoide_11.0.0_2516/ide/plugins/com.nxp.mcuxpresso.tools.win32_11.0.0.201905131304/tools/bin/../lib/gcc/arm-none-eabi/8.2.1/../../../../arm-none-eabi/lib/thumb/v8-m.main+fp/hard\libc_nano.a(lib_a-errno.o)

.debug_frame    0x00000000     0x1138
 .debug_frame   0x00000000       0x30 ./utilities/fsl_assert.o
 .debug_frame   0x00000030      0x6a4 ./startup/startup_lpc55s69_cm33_core0.o
 .debug_frame   0x000006d4       0x50 ./source/hello_world_ns.o
 .debug_frame   0x00000724      0x1ec ./drivers/fsl_flexcomm.o
 .debug_frame   0x00000910       0x20 c:/nxp/mcuxpressoide_11.0.0_2516/ide/plugins/com.nxp.mcuxpresso.tools.win32_11.0.0.201905131304/tools/bin/../lib/gcc/arm-none-eabi/8.2.1/../../../../arm-none-eabi/lib/thumb/v8-m.main+fp/hard\libc_nano.a(lib_a-memset.o)
 .debug_frame   0x00000930       0x38 c:/nxp/mcuxpressoide_11.0.0_2516/ide/plugins/com.nxp.mcuxpresso.tools.win32_11.0.0.201905131304/tools/bin/../lib/gcc/arm-none-eabi/8.2.1/../../../../arm-none-eabi/lib/thumb/v8-m.main+fp/hard\libc_nano.a(lib_a-nano-freer.o)
 .debug_frame   0x00000968       0x30 c:/nxp/mcuxpressoide_11.0.0_2516/ide/plugins/com.nxp.mcuxpresso.tools.win32_11.0.0.201905131304/tools/bin/../lib/gcc/arm-none-eabi/8.2.1/../../../../arm-none-eabi/lib/thumb/v8-m.main+fp/hard\libc_nano.a(lib_a-nano-mallocr.o)
 .debug_frame   0x00000998       0x74 c:/nxp/mcuxpressoide_11.0.0_2516/ide/plugins/com.nxp.mcuxpresso.tools.win32_11.0.0.201905131304/tools/bin/../lib/gcc/arm-none-eabi/8.2.1/../../../../arm-none-eabi/lib/thumb/v8-m.main+fp/hard\libc_nano.a(lib_a-printf.o)
 .debug_frame   0x00000a0c       0x2c c:/nxp/mcuxpressoide_11.0.0_2516/ide/plugins/com.nxp.mcuxpresso.tools.win32_11.0.0.201905131304/tools/bin/../lib/gcc/arm-none-eabi/8.2.1/../../../../arm-none-eabi/lib/thumb/v8-m.main+fp/hard\libc_nano.a(lib_a-sbrkr.o)
 .debug_frame   0x00000a38       0x20 c:/nxp/mcuxpressoide_11.0.0_2516/ide/plugins/com.nxp.mcuxpresso.tools.win32_11.0.0.201905131304/tools/bin/../lib/gcc/arm-none-eabi/8.2.1/../../../../arm-none-eabi/lib/thumb/v8-m.main+fp/hard\libc_nano.a(lib_a-strcmp.o)
 .debug_frame   0x00000a58      0x14c c:/nxp/mcuxpressoide_11.0.0_2516/ide/plugins/com.nxp.mcuxpresso.tools.win32_11.0.0.201905131304/tools/bin/../lib/gcc/arm-none-eabi/8.2.1/../../../../arm-none-eabi/lib/thumb/v8-m.main+fp/hard\libc_nano.a(lib_a-findfp.o)
 .debug_frame   0x00000ba4       0x54 c:/nxp/mcuxpressoide_11.0.0_2516/ide/plugins/com.nxp.mcuxpresso.tools.win32_11.0.0.201905131304/tools/bin/../lib/gcc/arm-none-eabi/8.2.1/../../../../arm-none-eabi/lib/thumb/v8-m.main+fp/hard\libc_nano.a(lib_a-fwalk.o)
 .debug_frame   0x00000bf8       0xb0 c:/nxp/mcuxpressoide_11.0.0_2516/ide/plugins/com.nxp.mcuxpresso.tools.win32_11.0.0.201905131304/tools/bin/../lib/gcc/arm-none-eabi/8.2.1/../../../../arm-none-eabi/lib/thumb/v8-m.main+fp/hard\libc_nano.a(lib_a-lock.o)
 .debug_frame   0x00000ca8       0x30 c:/nxp/mcuxpressoide_11.0.0_2516/ide/plugins/com.nxp.mcuxpresso.tools.win32_11.0.0.201905131304/tools/bin/../lib/gcc/arm-none-eabi/8.2.1/../../../../arm-none-eabi/lib/thumb/v8-m.main+fp/hard\libc_nano.a(lib_a-mlock.o)
 .debug_frame   0x00000cd8       0xac c:/nxp/mcuxpressoide_11.0.0_2516/ide/plugins/com.nxp.mcuxpresso.tools.win32_11.0.0.201905131304/tools/bin/../lib/gcc/arm-none-eabi/8.2.1/../../../../arm-none-eabi/lib/thumb/v8-m.main+fp/hard\libc_nano.a(lib_a-nano-vfprintf.o)
 .debug_frame   0x00000d84       0x60 c:/nxp/mcuxpressoide_11.0.0_2516/ide/plugins/com.nxp.mcuxpresso.tools.win32_11.0.0.201905131304/tools/bin/../lib/gcc/arm-none-eabi/8.2.1/../../../../arm-none-eabi/lib/thumb/v8-m.main+fp/hard\libc_nano.a(lib_a-nano-vfprintf_i.o)
 .debug_frame   0x00000de4       0x5c c:/nxp/mcuxpressoide_11.0.0_2516/ide/plugins/com.nxp.mcuxpresso.tools.win32_11.0.0.201905131304/tools/bin/../lib/gcc/arm-none-eabi/8.2.1/../../../../arm-none-eabi/lib/thumb/v8-m.main+fp/hard\libc_nano.a(lib_a-reent.o)
 .debug_frame   0x00000e40       0x88 c:/nxp/mcuxpressoide_11.0.0_2516/ide/plugins/com.nxp.mcuxpresso.tools.win32_11.0.0.201905131304/tools/bin/../lib/gcc/arm-none-eabi/8.2.1/../../../../arm-none-eabi/lib/thumb/v8-m.main+fp/hard\libc_nano.a(lib_a-stdio.o)
 .debug_frame   0x00000ec8       0x40 c:/nxp/mcuxpressoide_11.0.0_2516/ide/plugins/com.nxp.mcuxpresso.tools.win32_11.0.0.201905131304/tools/bin/../lib/gcc/arm-none-eabi/8.2.1/../../../../arm-none-eabi/lib/thumb/v8-m.main+fp/hard\libc_nano.a(lib_a-wbuf.o)
 .debug_frame   0x00000f08       0x2c c:/nxp/mcuxpressoide_11.0.0_2516/ide/plugins/com.nxp.mcuxpresso.tools.win32_11.0.0.201905131304/tools/bin/../lib/gcc/arm-none-eabi/8.2.1/../../../../arm-none-eabi/lib/thumb/v8-m.main+fp/hard\libc_nano.a(lib_a-writer.o)
 .debug_frame   0x00000f34       0x2c c:/nxp/mcuxpressoide_11.0.0_2516/ide/plugins/com.nxp.mcuxpresso.tools.win32_11.0.0.201905131304/tools/bin/../lib/gcc/arm-none-eabi/8.2.1/../../../../arm-none-eabi/lib/thumb/v8-m.main+fp/hard\libc_nano.a(lib_a-wsetup.o)
 .debug_frame   0x00000f60       0x2c c:/nxp/mcuxpressoide_11.0.0_2516/ide/plugins/com.nxp.mcuxpresso.tools.win32_11.0.0.201905131304/tools/bin/../lib/gcc/arm-none-eabi/8.2.1/../../../../arm-none-eabi/lib/thumb/v8-m.main+fp/hard\libc_nano.a(lib_a-closer.o)
 .debug_frame   0x00000f8c       0x5c c:/nxp/mcuxpressoide_11.0.0_2516/ide/plugins/com.nxp.mcuxpresso.tools.win32_11.0.0.201905131304/tools/bin/../lib/gcc/arm-none-eabi/8.2.1/../../../../arm-none-eabi/lib/thumb/v8-m.main+fp/hard\libc_nano.a(lib_a-fflush.o)
 .debug_frame   0x00000fe8       0x2c c:/nxp/mcuxpressoide_11.0.0_2516/ide/plugins/com.nxp.mcuxpresso.tools.win32_11.0.0.201905131304/tools/bin/../lib/gcc/arm-none-eabi/8.2.1/../../../../arm-none-eabi/lib/thumb/v8-m.main+fp/hard\libc_nano.a(lib_a-lseekr.o)
 .debug_frame   0x00001014       0x58 c:/nxp/mcuxpressoide_11.0.0_2516/ide/plugins/com.nxp.mcuxpresso.tools.win32_11.0.0.201905131304/tools/bin/../lib/gcc/arm-none-eabi/8.2.1/../../../../arm-none-eabi/lib/thumb/v8-m.main+fp/hard\libc_nano.a(lib_a-makebuf.o)
 .debug_frame   0x0000106c       0x28 c:/nxp/mcuxpressoide_11.0.0_2516/ide/plugins/com.nxp.mcuxpresso.tools.win32_11.0.0.201905131304/tools/bin/../lib/gcc/arm-none-eabi/8.2.1/../../../../arm-none-eabi/lib/thumb/v8-m.main+fp/hard\libc_nano.a(lib_a-memchr-stub.o)
 .debug_frame   0x00001094       0x2c c:/nxp/mcuxpressoide_11.0.0_2516/ide/plugins/com.nxp.mcuxpresso.tools.win32_11.0.0.201905131304/tools/bin/../lib/gcc/arm-none-eabi/8.2.1/../../../../arm-none-eabi/lib/thumb/v8-m.main+fp/hard\libc_nano.a(lib_a-readr.o)
 .debug_frame   0x000010c0       0x2c c:/nxp/mcuxpressoide_11.0.0_2516/ide/plugins/com.nxp.mcuxpresso.tools.win32_11.0.0.201905131304/tools/bin/../lib/gcc/arm-none-eabi/8.2.1/../../../../arm-none-eabi/lib/thumb/v8-m.main+fp/hard\libc_nano.a(lib_a-fstatr.o)
 .debug_frame   0x000010ec       0x2c c:/nxp/mcuxpressoide_11.0.0_2516/ide/plugins/com.nxp.mcuxpresso.tools.win32_11.0.0.201905131304/tools/bin/../lib/gcc/arm-none-eabi/8.2.1/../../../../arm-none-eabi/lib/thumb/v8-m.main+fp/hard\libc_nano.a(lib_a-isattyr.o)
 .debug_frame   0x00001118       0x20 c:/nxp/mcuxpressoide_11.0.0_2516/ide/plugins/com.nxp.mcuxpresso.tools.win32_11.0.0.201905131304/tools/bin/../lib/gcc/arm-none-eabi/8.2.1/../../../../arm-none-eabi/lib/thumb/v8-m.main+fp/hard\libc_nano.a(lib_a-errno.o)

Cross Reference Table

Symbol                                            File
ACMP_DriverIRQHandler                             ./startup/startup_lpc55s69_cm33_core0.o
ACMP_IRQHandler                                   ./startup/startup_lpc55s69_cm33_core0.o
ADC0_DriverIRQHandler                             ./startup/startup_lpc55s69_cm33_core0.o
ADC0_IRQHandler                                   ./startup/startup_lpc55s69_cm33_core0.o
BOARD_BootClockFRO12M                             ./board/clock_config.o
BOARD_BootClockFROHF96M                           ./board/clock_config.o
BOARD_BootClockPLL100M                            ./board/clock_config.o
BOARD_InitBootClocks                              ./board/clock_config.o
BOARD_InitBootPins                                ./board/pin_mux.o
BOARD_InitDebugConsole                            ./board/board.o
BOARD_InitDebugConsole_Core1                      ./board/board.o
BOARD_InitPins                                    ./board/pin_mux.o
BusFault_Handler                                  ./startup/startup_lpc55s69_cm33_core0.o
CASER_DriverIRQHandler                            ./startup/startup_lpc55s69_cm33_core0.o
CASER_IRQHandler                                  ./startup/startup_lpc55s69_cm33_core0.o
CLOCK_AttachClk                                   ./drivers/fsl_clock.o
                                                  C:\Users\dgs\Documents\MCUXpressoIDE_11.0.0_2516\workspace\lpcxpresso55s69_hello_world_ns_dd\libs\libpower_hardabi.a(fsl_power_lib.o)
                                                  ./board/clock_config.o
                                                  ./board/board.o
CLOCK_EnableUsbfs0DeviceClock                     ./drivers/fsl_clock.o
CLOCK_EnableUsbfs0HostClock                       ./drivers/fsl_clock.o
CLOCK_EnableUsbhs0DeviceClock                     ./drivers/fsl_clock.o
CLOCK_EnableUsbhs0HostClock                       ./drivers/fsl_clock.o
CLOCK_EnableUsbhs0PhyPllClock                     ./drivers/fsl_clock.o
CLOCK_GetAdcClkFreq                               ./drivers/fsl_clock.o
CLOCK_GetCTimerClkFreq                            ./drivers/fsl_clock.o
CLOCK_GetClockAttachId                            ./drivers/fsl_clock.o
CLOCK_GetClockOutClkFreq                          ./drivers/fsl_clock.o
CLOCK_GetCoreSysClkFreq                           ./drivers/fsl_clock.o
CLOCK_GetExtClkFreq                               ./drivers/fsl_clock.o
CLOCK_GetFlexCommClkFreq                          ./drivers/fsl_clock.o
CLOCK_GetFlexCommInputClock                       ./drivers/fsl_clock.o
CLOCK_GetFreq                                     ./drivers/fsl_clock.o
CLOCK_GetFro12MFreq                               ./drivers/fsl_clock.o
CLOCK_GetFro1MFreq                                ./drivers/fsl_clock.o
CLOCK_GetFroHfFreq                                ./drivers/fsl_clock.o
CLOCK_GetHsLspiClkFreq                            ./drivers/fsl_clock.o
CLOCK_GetI2SMClkFreq                              ./drivers/fsl_clock.o
CLOCK_GetMclkClkFreq                              ./drivers/fsl_clock.o
CLOCK_GetOsc32KFreq                               ./drivers/fsl_clock.o
CLOCK_GetPLL0InClockRate                          ./drivers/fsl_clock.o
CLOCK_GetPLL0OutClockRate                         ./drivers/fsl_clock.o
CLOCK_GetPLL0OutFromSetup                         ./drivers/fsl_clock.o
CLOCK_GetPLL1InClockRate                          ./drivers/fsl_clock.o
CLOCK_GetPll0OutFreq                              ./drivers/fsl_clock.o
CLOCK_GetPll1OutFreq                              ./drivers/fsl_clock.o
CLOCK_GetSctClkFreq                               ./drivers/fsl_clock.o
CLOCK_GetSdioClkFreq                              ./drivers/fsl_clock.o
CLOCK_GetSystickClkFreq                           ./drivers/fsl_clock.o
CLOCK_GetUsb0ClkFreq                              ./drivers/fsl_clock.o
CLOCK_GetUsb1ClkFreq                              ./drivers/fsl_clock.o
CLOCK_GetWdtClkFreq                               ./drivers/fsl_clock.o
CLOCK_SetClkDiv                                   ./drivers/fsl_clock.o
                                                  C:\Users\dgs\Documents\MCUXpressoIDE_11.0.0_2516\workspace\lpcxpresso55s69_hello_world_ns_dd\libs\libpower_hardabi.a(fsl_power_lib.o)
                                                  ./board/clock_config.o
CLOCK_SetFLASHAccessCyclesForFreq                 ./drivers/fsl_clock.o
                                                  ./board/clock_config.o
CLOCK_SetFlexCommClock                            ./drivers/fsl_clock.o
CLOCK_SetPLL0Freq                                 ./drivers/fsl_clock.o
                                                  ./board/clock_config.o
CLOCK_SetPLL1Freq                                 ./drivers/fsl_clock.o
CLOCK_SetRtc1hzClkDiv                             ./drivers/fsl_clock.o
CLOCK_SetRtc1khzClkDiv                            ./drivers/fsl_clock.o
CLOCK_SetStoredPLL0ClockRate                      ./drivers/fsl_clock.o
CLOCK_SetupExtClocking                            ./drivers/fsl_clock.o
                                                  ./board/clock_config.o
CLOCK_SetupFROClocking                            ./drivers/fsl_clock.o
                                                  ./board/clock_config.o
CLOCK_SetupI2SMClkClocking                        ./drivers/fsl_clock.o
CLOCK_SetupPLL0Data                               ./drivers/fsl_clock.o
CLOCK_SetupPLL0Mult                               ./drivers/fsl_clock.o
CLOCK_SetupPLL0Prec                               ./drivers/fsl_clock.o
CTIMER0_DriverIRQHandler                          ./startup/startup_lpc55s69_cm33_core0.o
CTIMER0_IRQHandler                                ./startup/startup_lpc55s69_cm33_core0.o
CTIMER1_DriverIRQHandler                          ./startup/startup_lpc55s69_cm33_core0.o
CTIMER1_IRQHandler                                ./startup/startup_lpc55s69_cm33_core0.o
CTIMER2_DriverIRQHandler                          ./startup/startup_lpc55s69_cm33_core0.o
CTIMER2_IRQHandler                                ./startup/startup_lpc55s69_cm33_core0.o
CTIMER3_DriverIRQHandler                          ./startup/startup_lpc55s69_cm33_core0.o
CTIMER3_IRQHandler                                ./startup/startup_lpc55s69_cm33_core0.o
CTIMER4_DriverIRQHandler                          ./startup/startup_lpc55s69_cm33_core0.o
CTIMER4_IRQHandler                                ./startup/startup_lpc55s69_cm33_core0.o
DMA0_DriverIRQHandler                             ./startup/startup_lpc55s69_cm33_core0.o
DMA0_IRQHandler                                   ./startup/startup_lpc55s69_cm33_core0.o
DMA1_DriverIRQHandler                             ./startup/startup_lpc55s69_cm33_core0.o
DMA1_IRQHandler                                   ./startup/startup_lpc55s69_cm33_core0.o
DbgConsole_Deinit                                 ./utilities/fsl_debug_console.o
DbgConsole_Init                                   ./utilities/fsl_debug_console.o
                                                  ./board/board.o
DbgConsole_Printf_NSE                             C:/Users/dgs/Documents/MCUXpressoIDE_11.0.0_2516/workspace/lpcxpresso55s69_hello_world_s_dd/Debug/lpcxpresso55s69_hello_world_s_dd_CMSE_lib.o
                                                  ./source/hello_world_ns.o
DbgConsole_ReadCharacter                          ./utilities/fsl_debug_console.o
DbgConsole_ReadLine                               ./utilities/fsl_debug_console.o
DbgConsole_ReadOneCharacter                       ./utilities/fsl_debug_console.o
DbgConsole_SendData                               ./utilities/fsl_debug_console.o
DbgConsole_SendDataReliable                       ./utilities/fsl_debug_console.o
DebugMon_Handler                                  ./startup/startup_lpc55s69_cm33_core0.o
DisableDeepSleepIRQ                               ./drivers/fsl_common.o
EnableDeepSleepIRQ                                ./drivers/fsl_common.o
FLEXCOMM0_DriverIRQHandler                        ./drivers/fsl_flexcomm.o
                                                  ./startup/startup_lpc55s69_cm33_core0.o
FLEXCOMM0_IRQHandler                              ./startup/startup_lpc55s69_cm33_core0.o
FLEXCOMM1_DriverIRQHandler                        ./drivers/fsl_flexcomm.o
                                                  ./startup/startup_lpc55s69_cm33_core0.o
FLEXCOMM1_IRQHandler                              ./startup/startup_lpc55s69_cm33_core0.o
FLEXCOMM2_DriverIRQHandler                        ./drivers/fsl_flexcomm.o
                                                  ./startup/startup_lpc55s69_cm33_core0.o
FLEXCOMM2_IRQHandler                              ./startup/startup_lpc55s69_cm33_core0.o
FLEXCOMM3_DriverIRQHandler                        ./drivers/fsl_flexcomm.o
                                                  ./startup/startup_lpc55s69_cm33_core0.o
FLEXCOMM3_IRQHandler                              ./startup/startup_lpc55s69_cm33_core0.o
FLEXCOMM4_DriverIRQHandler                        ./drivers/fsl_flexcomm.o
                                                  ./startup/startup_lpc55s69_cm33_core0.o
FLEXCOMM4_IRQHandler                              ./startup/startup_lpc55s69_cm33_core0.o
FLEXCOMM5_DriverIRQHandler                        ./drivers/fsl_flexcomm.o
                                                  ./startup/startup_lpc55s69_cm33_core0.o
FLEXCOMM5_IRQHandler                              ./startup/startup_lpc55s69_cm33_core0.o
FLEXCOMM6_DriverIRQHandler                        ./drivers/fsl_flexcomm.o
                                                  ./startup/startup_lpc55s69_cm33_core0.o
FLEXCOMM6_IRQHandler                              ./startup/startup_lpc55s69_cm33_core0.o
FLEXCOMM7_DriverIRQHandler                        ./drivers/fsl_flexcomm.o
                                                  ./startup/startup_lpc55s69_cm33_core0.o
FLEXCOMM7_IRQHandler                              ./startup/startup_lpc55s69_cm33_core0.o
FLEXCOMM8_DriverIRQHandler                        ./drivers/fsl_flexcomm.o
                                                  ./startup/startup_lpc55s69_cm33_core0.o
FLEXCOMM8_IRQHandler                              ./startup/startup_lpc55s69_cm33_core0.o
FLEXCOMM_GetInstance                              ./drivers/fsl_flexcomm.o
FLEXCOMM_Init                                     ./drivers/fsl_flexcomm.o
                                                  ./drivers/fsl_usart.o
FLEXCOMM_SetIRQHandler                            ./drivers/fsl_flexcomm.o
                                                  ./drivers/fsl_usart.o
GINT0_DriverIRQHandler                            ./startup/startup_lpc55s69_cm33_core0.o
GINT0_IRQHandler                                  ./startup/startup_lpc55s69_cm33_core0.o
GINT1_DriverIRQHandler                            ./startup/startup_lpc55s69_cm33_core0.o
GINT1_IRQHandler                                  ./startup/startup_lpc55s69_cm33_core0.o
GPIO_PinInit                                      ./drivers/fsl_gpio.o
GPIO_PortInit                                     ./drivers/fsl_gpio.o
HAL_UartDeinit                                    ./component/uart/usart_adapter.o
                                                  ./component/serial_manager/serial_port_uart.o
HAL_UartInit                                      ./component/uart/usart_adapter.o
                                                  ./component/serial_manager/serial_port_uart.o
HAL_UartReceiveBlocking                           ./component/uart/usart_adapter.o
                                                  ./component/serial_manager/serial_port_uart.o
HAL_UartSendBlocking                              ./component/uart/usart_adapter.o
                                                  ./component/serial_manager/serial_port_uart.o
HASHCRYPT_DriverIRQHandler                        ./startup/startup_lpc55s69_cm33_core0.o
HASHCRYPT_IRQHandler                              ./startup/startup_lpc55s69_cm33_core0.o
HardFault_Handler                                 ./startup/startup_lpc55s69_cm33_core0.o
IntDefaultHandler                                 ./startup/startup_lpc55s69_cm33_core0.o
LIST_AddHead                                      ./component/lists/generic_list.o
LIST_AddPrevElement                               ./component/lists/generic_list.o
LIST_AddTail                                      ./component/lists/generic_list.o
LIST_GetAvailableSize                             ./component/lists/generic_list.o
LIST_GetHead                                      ./component/lists/generic_list.o
LIST_GetList                                      ./component/lists/generic_list.o
LIST_GetNext                                      ./component/lists/generic_list.o
LIST_GetPrev                                      ./component/lists/generic_list.o
LIST_GetSize                                      ./component/lists/generic_list.o
LIST_Init                                         ./component/lists/generic_list.o
LIST_RemoveElement                                ./component/lists/generic_list.o
LIST_RemoveHead                                   ./component/lists/generic_list.o
MAILBOX_DriverIRQHandler                          ./startup/startup_lpc55s69_cm33_core0.o
MAILBOX_IRQHandler                                ./startup/startup_lpc55s69_cm33_core0.o
MRT0_DriverIRQHandler                             ./startup/startup_lpc55s69_cm33_core0.o
MRT0_IRQHandler                                   ./startup/startup_lpc55s69_cm33_core0.o
MemManage_Handler                                 ./startup/startup_lpc55s69_cm33_core0.o
NMI_Handler                                       ./startup/startup_lpc55s69_cm33_core0.o
OS_EVENT_DriverIRQHandler                         ./startup/startup_lpc55s69_cm33_core0.o
OS_EVENT_IRQHandler                               ./startup/startup_lpc55s69_cm33_core0.o
PIN_INT0_DriverIRQHandler                         ./startup/startup_lpc55s69_cm33_core0.o
PIN_INT0_IRQHandler                               ./startup/startup_lpc55s69_cm33_core0.o
PIN_INT1_DriverIRQHandler                         ./startup/startup_lpc55s69_cm33_core0.o
PIN_INT1_IRQHandler                               ./startup/startup_lpc55s69_cm33_core0.o
PIN_INT2_DriverIRQHandler                         ./startup/startup_lpc55s69_cm33_core0.o
PIN_INT2_IRQHandler                               ./startup/startup_lpc55s69_cm33_core0.o
PIN_INT3_DriverIRQHandler                         ./startup/startup_lpc55s69_cm33_core0.o
PIN_INT3_IRQHandler                               ./startup/startup_lpc55s69_cm33_core0.o
PIN_INT4_DriverIRQHandler                         ./startup/startup_lpc55s69_cm33_core0.o
PIN_INT4_IRQHandler                               ./startup/startup_lpc55s69_cm33_core0.o
PIN_INT5_DriverIRQHandler                         ./startup/startup_lpc55s69_cm33_core0.o
PIN_INT5_IRQHandler                               ./startup/startup_lpc55s69_cm33_core0.o
PIN_INT6_DriverIRQHandler                         ./startup/startup_lpc55s69_cm33_core0.o
PIN_INT6_IRQHandler                               ./startup/startup_lpc55s69_cm33_core0.o
PIN_INT7_DriverIRQHandler                         ./startup/startup_lpc55s69_cm33_core0.o
PIN_INT7_IRQHandler                               ./startup/startup_lpc55s69_cm33_core0.o
PLU_DriverIRQHandler                              ./startup/startup_lpc55s69_cm33_core0.o
PLU_IRQHandler                                    ./startup/startup_lpc55s69_cm33_core0.o
POWER_CycleCpuAndFlash                            C:\Users\dgs\Documents\MCUXpressoIDE_11.0.0_2516\workspace\lpcxpresso55s69_hello_world_ns_dd\libs\libpower_hardabi.a(fsl_power_lib.o)
POWER_EnterDeepPowerDown                          C:\Users\dgs\Documents\MCUXpressoIDE_11.0.0_2516\workspace\lpcxpresso55s69_hello_world_ns_dd\libs\libpower_hardabi.a(fsl_power_lib.o)
POWER_EnterDeepSleep                              C:\Users\dgs\Documents\MCUXpressoIDE_11.0.0_2516\workspace\lpcxpresso55s69_hello_world_ns_dd\libs\libpower_hardabi.a(fsl_power_lib.o)
POWER_EnterLowPower                               C:\Users\dgs\Documents\MCUXpressoIDE_11.0.0_2516\workspace\lpcxpresso55s69_hello_world_ns_dd\libs\libpower_hardabi.a(fsl_power_lib.o)
POWER_EnterPowerDown                              C:\Users\dgs\Documents\MCUXpressoIDE_11.0.0_2516\workspace\lpcxpresso55s69_hello_world_ns_dd\libs\libpower_hardabi.a(fsl_power_lib.o)
POWER_EnterSleep                                  C:\Users\dgs\Documents\MCUXpressoIDE_11.0.0_2516\workspace\lpcxpresso55s69_hello_world_ns_dd\libs\libpower_hardabi.a(fsl_power_lib.o)
POWER_GetLibVersion                               C:\Users\dgs\Documents\MCUXpressoIDE_11.0.0_2516\workspace\lpcxpresso55s69_hello_world_ns_dd\libs\libpower_hardabi.a(fsl_power_lib.o)
POWER_SetVoltageForFreq                           C:\Users\dgs\Documents\MCUXpressoIDE_11.0.0_2516\workspace\lpcxpresso55s69_hello_world_ns_dd\libs\libpower_hardabi.a(fsl_power_lib.o)
                                                  ./board/clock_config.o
                                                  ./drivers/fsl_clock.o
POWER_SetXtal16mhzLdo                             C:\Users\dgs\Documents\MCUXpressoIDE_11.0.0_2516\workspace\lpcxpresso55s69_hello_world_ns_dd\libs\libpower_hardabi.a(fsl_power_lib.o)
POWER_SetXtal16mhzTrim                            C:\Users\dgs\Documents\MCUXpressoIDE_11.0.0_2516\workspace\lpcxpresso55s69_hello_world_ns_dd\libs\libpower_hardabi.a(fsl_power_lib.o)
POWER_Xtal16mhzCapabankTrim                       C:\Users\dgs\Documents\MCUXpressoIDE_11.0.0_2516\workspace\lpcxpresso55s69_hello_world_ns_dd\libs\libpower_hardabi.a(fsl_power_lib.o)
POWER_Xtal32khzCapabankTrim                       C:\Users\dgs\Documents\MCUXpressoIDE_11.0.0_2516\workspace\lpcxpresso55s69_hello_world_ns_dd\libs\libpower_hardabi.a(fsl_power_lib.o)