Archive member included to satisfy reference by file (symbol)

/home/zhuaiballl/code/iot_trusted/iot_trusted_s/libs/libpower_hardabi.a(fsl_power_lib.o)
                              ./drivers/fsl_clock.o (POWER_SetVoltageForFreq)
/home/zhuaiballl/code/iot_trusted/iot_trusted_s/libs/libusdl.a(usdl_buf.o)
                              ./source/app_spi.o (BufAddData)
/home/zhuaiballl/code/iot_trusted/iot_trusted_s/libs/libusdl.a(usdl_mem.o)
                              /home/zhuaiballl/code/iot_trusted/iot_trusted_s/libs/libusdl.a(usdl_buf.o) (MemCpy)
/usr/local/mcuxpressoide-11.2.0_4120/ide/plugins/com.nxp.mcuxpresso.tools.linux_11.2.0.202001021529/tools/bin/../lib/gcc/arm-none-eabi/9.2.1/thumb/v8-m.main+fp/hard/libgcc.a(cmse.o)
                              ./trustzone/veneer_table.o (cmse_check_address_range)
/usr/local/mcuxpressoide-11.2.0_4120/ide/plugins/com.nxp.mcuxpresso.tools.linux_11.2.0.202001021529/tools/bin/../lib/gcc/arm-none-eabi/9.2.1/thumb/v8-m.main+fp/hard/libgcc.a(cmse_nonsecure_call.o)
                              ./trustzone/veneer_table.o (__gnu_cmse_nonsecure_call)
/usr/local/mcuxpressoide-11.2.0_4120/ide/plugins/com.nxp.mcuxpresso.tools.linux_11.2.0.202001021529/tools/bin/../lib/gcc/arm-none-eabi/9.2.1/thumb/v8-m.main+fp/hard/libgcc.a(_arm_muldf3.o)
                              ./source/app_adc.o (__aeabi_dmul)
/usr/local/mcuxpressoide-11.2.0_4120/ide/plugins/com.nxp.mcuxpresso.tools.linux_11.2.0.202001021529/tools/bin/../lib/gcc/arm-none-eabi/9.2.1/thumb/v8-m.main+fp/hard/libgcc.a(_arm_addsubdf3.o)
                              ./source/app_GPS.o (__aeabi_dsub)
/usr/local/mcuxpressoide-11.2.0_4120/ide/plugins/com.nxp.mcuxpresso.tools.linux_11.2.0.202001021529/tools/bin/../lib/gcc/arm-none-eabi/9.2.1/thumb/v8-m.main+fp/hard/libgcc.a(_arm_muldivdf3.o)
                              ./source/app_GPS.o (__aeabi_ddiv)
/usr/local/mcuxpressoide-11.2.0_4120/ide/plugins/com.nxp.mcuxpresso.tools.linux_11.2.0.202001021529/tools/bin/../lib/gcc/arm-none-eabi/9.2.1/thumb/v8-m.main+fp/hard/libgcc.a(_arm_fixdfsi.o)
                              ./source/rsa.o (__aeabi_d2iz)
/usr/local/mcuxpressoide-11.2.0_4120/ide/plugins/com.nxp.mcuxpresso.tools.linux_11.2.0.202001021529/tools/bin/../lib/gcc/arm-none-eabi/9.2.1/thumb/v8-m.main+fp/hard/libgcc.a(_arm_fixunsdfsi.o)
                              ./source/app_upload.o (__aeabi_d2uiz)
/usr/local/mcuxpressoide-11.2.0_4120/ide/plugins/com.nxp.mcuxpresso.tools.linux_11.2.0.202001021529/tools/bin/../lib/gcc/arm-none-eabi/9.2.1/thumb/v8-m.main+fp/hard/libgcc.a(_arm_truncdfsf2.o)
                              ./source/app_GPS.o (__aeabi_d2f)
/usr/local/mcuxpressoide-11.2.0_4120/ide/plugins/com.nxp.mcuxpresso.tools.linux_11.2.0.202001021529/tools/bin/../lib/gcc/arm-none-eabi/9.2.1/thumb/v8-m.main+fp/hard/libgcc.a(_aeabi_ldivmod.o)
                              ./source/rsa.o (__aeabi_ldivmod)
/usr/local/mcuxpressoide-11.2.0_4120/ide/plugins/com.nxp.mcuxpresso.tools.linux_11.2.0.202001021529/tools/bin/../lib/gcc/arm-none-eabi/9.2.1/thumb/v8-m.main+fp/hard/libgcc.a(_aeabi_uldivmod.o)
                              ./drivers/fsl_clock.o (__aeabi_uldivmod)
/usr/local/mcuxpressoide-11.2.0_4120/ide/plugins/com.nxp.mcuxpresso.tools.linux_11.2.0.202001021529/tools/bin/../lib/gcc/arm-none-eabi/9.2.1/thumb/v8-m.main+fp/hard/libgcc.a(_fixdfdi.o)
                              ./source/rsa.o (__aeabi_d2lz)
/usr/local/mcuxpressoide-11.2.0_4120/ide/plugins/com.nxp.mcuxpresso.tools.linux_11.2.0.202001021529/tools/bin/../lib/gcc/arm-none-eabi/9.2.1/thumb/v8-m.main+fp/hard/libgcc.a(_fixunsdfdi.o)
                              /usr/local/mcuxpressoide-11.2.0_4120/ide/plugins/com.nxp.mcuxpresso.tools.linux_11.2.0.202001021529/tools/bin/../lib/gcc/arm-none-eabi/9.2.1/thumb/v8-m.main+fp/hard/libgcc.a(_fixdfdi.o) (__aeabi_d2ulz)
/usr/local/mcuxpressoide-11.2.0_4120/ide/plugins/com.nxp.mcuxpresso.tools.linux_11.2.0.202001021529/tools/bin/../lib/gcc/arm-none-eabi/9.2.1/thumb/v8-m.main+fp/hard/libgcc.a(_udivmoddi4.o)
                              /usr/local/mcuxpressoide-11.2.0_4120/ide/plugins/com.nxp.mcuxpresso.tools.linux_11.2.0.202001021529/tools/bin/../lib/gcc/arm-none-eabi/9.2.1/thumb/v8-m.main+fp/hard/libgcc.a(_aeabi_ldivmod.o) (__udivmoddi4)
/usr/local/mcuxpressoide-11.2.0_4120/ide/plugins/com.nxp.mcuxpresso.tools.linux_11.2.0.202001021529/tools/bin/../lib/gcc/arm-none-eabi/9.2.1/thumb/v8-m.main+fp/hard/libgcc.a(_dvmd_tls.o)
                              /usr/local/mcuxpressoide-11.2.0_4120/ide/plugins/com.nxp.mcuxpresso.tools.linux_11.2.0.202001021529/tools/bin/../lib/gcc/arm-none-eabi/9.2.1/thumb/v8-m.main+fp/hard/libgcc.a(_aeabi_ldivmod.o) (__aeabi_ldiv0)
/usr/local/mcuxpressoide-11.2.0_4120/ide/plugins/com.nxp.mcuxpresso.tools.linux_11.2.0.202001021529/tools/bin/../lib/gcc/arm-none-eabi/9.2.1/thumb/v8-m.main+fp/hard/libgcc.a(_arm_cmpdf2.o)
[...]
Memory Configuration

Name             Origin             Length             Attributes
PROGRAM_FLASH    0x0000000010000000 0x0000000000020000 xr
SG_veneer_table  0x0000000010052000 0x0000000000005000 xr
Ram0             0x0000000030000000 0x000000000001fff0 xrw
RAM_00           0x000000003005fff0 0x0000000000004000 xrw
*default*        0x0000000000000000 0xffffffffffffffff

Linker script and memory map

LOAD ./utilities/fsl_assert.o
LOAD ./utilities/fsl_debug_console.o
LOAD ./utilities/fsl_str.o
LOAD ./trustzone/tzm_config.o
LOAD ./trustzone/veneer_table.o
LOAD ./startup/boot_multicore_slave.o
LOAD ./startup/startup_lpc55s69_cm33_core0.o
LOAD ./source/aes.o
LOAD ./source/app_GPS.o
LOAD ./source/app_adc.o
LOAD ./source/app_aes.o
LOAD ./source/app_camera.o
LOAD ./source/app_gpio.o
LOAD ./source/app_io.o
LOAD ./source/app_json.o
LOAD ./source/app_rtc.o
LOAD ./source/app_spi.o
LOAD ./source/app_uart.o
LOAD ./source/app_upload.o
LOAD ./source/main_s.o
LOAD ./source/rsa.o
LOAD ./source/secure_varibale.o
LOAD ./source/semihost_hardfault.o
LOAD ./drivers/fsl_casper.o
LOAD ./drivers/fsl_clock.o
LOAD ./drivers/fsl_common.o
LOAD ./drivers/fsl_flexcomm.o
LOAD ./drivers/fsl_gpio.o
LOAD ./drivers/fsl_hashcrypt.o
LOAD ./drivers/fsl_lpadc.o
LOAD ./drivers/fsl_power.o
LOAD ./drivers/fsl_reset.o
LOAD ./drivers/fsl_rng.o
LOAD ./drivers/fsl_rtc.o
LOAD ./drivers/fsl_spi.o
LOAD ./drivers/fsl_usart.o
LOAD ./device/system_LPC55S69_cm33_core0.o
LOAD ./component/uart/usart_adapter.o
LOAD ./component/serial_manager/serial_manager.o
LOAD ./component/serial_manager/serial_port_uart.o
LOAD ./component/lists/generic_list.o
LOAD ./board/board.o
LOAD ./board/clock_config.o
LOAD ./board/peripherals.o
LOAD ./board/pin_mux.o
LOAD /home/zhuaiballl/code/iot_trusted/iot_trusted_s/libs/libpower_hardabi.a
LOAD /home/zhuaiballl/code/iot_trusted/iot_trusted_s/libs/libusdl.a
LOAD /home/zhuaiballl/code/iot_trusted/iot_trusted_s/libs/libpower_hardabi_s.a
LOAD /home/zhuaiballl/code/iot_trusted/iot_trusted_s/libs/libpower_hardabi.a
START GROUP
LOAD /usr/local/mcuxpressoide-11.2.0_4120/ide/plugins/com.nxp.mcuxpresso.tools.linux_11.2.0.202001021529/tools/bin/../lib/gcc/arm-none-eabi/9.2.1/thumb/v8-m.main+fp/hard/libgcc.a
LOAD /usr/local/mcuxpressoide-11.2.0_4120/ide/plugins/com.nxp.mcuxpresso.tools.linux_11.2.0.202001021529/tools/bin/../lib/gcc/arm-none-eabi/9.2.1/../../../../arm-none-eabi/lib/thumb/v8-m.main+fp/hard/libc_nano.a
LOAD /usr/local/mcuxpressoide-11.2.0_4120/ide/plugins/com.nxp.mcuxpresso.tools.linux_11.2.0.202001021529/tools/bin/../lib/gcc/arm-none-eabi/9.2.1/../../../../arm-none-eabi/lib/thumb/v8-m.main+fp/hard/libm.a
LOAD /usr/local/mcuxpressoide-11.2.0_4120/ide/plugins/com.nxp.mcuxpresso.tools.linux_11.2.0.202001021529/tools/bin/../lib/gcc/arm-none-eabi/9.2.1/../../../../arm-none-eabi/lib/thumb/v8-m.main+fp/hard/libcr_newlib_semihost.a
END GROUP
                0x0000000010000000                __base_PROGRAM_FLASH = 0x10000000
                0x0000000010000000                __base_Flash = 0x10000000
                0x0000000010020000                __top_PROGRAM_FLASH = 0x10020000
                0x0000000010020000                __top_Flash = 0x10020000
                0x0000000010052000                __base_SG_veneer_table = 0x10052000
                0x0000000010052000                __base_Flash2 = 0x10052000
                0x0000000010057000                __top_SG_veneer_table = 0x10057000
                0x0000000010057000                __top_Flash2 = 0x10057000
                0x0000000030000000                __base_Ram0 = 0x30000000
                0x0000000030000000                __base_RAM = 0x30000000
                0x000000003001fff0                __top_Ram0 = 0x3001fff0
                0x000000003001fff0                __top_RAM = 0x3001fff0
                0x000000003005fff0                __base_RAM_00 = 0x3005fff0
                0x000000003005fff0                __base_RAM2 = 0x3005fff0
                0x0000000030063ff0                __top_RAM_00 = 0x30063ff0
                0x0000000030063ff0                __top_RAM2 = 0x30063ff0

.gnu.sgstubs    0x0000000010052000       0x60
                0x0000000010052000                . = ALIGN (0x20)
                0x0000000010052000                _start_sg = .
 *(SORT_BY_ALIGNMENT(.gnu.sgstubs*))
                0x0000000010052000                . = ALIGN (0x20)
                0x0000000010052000                _end_sg = .
 .gnu.sgstubs.__stub
                0x0000000010052000       0x48 linker stubs
                0x0000000010052000                StringCompare_NSE
                0x0000000010052008                app_nb_send
                0x0000000010052010                DbgConsole_Printf_NSE
                0x0000000010052018                nb_rst
                0x0000000010052020                upload_construct
                0x0000000010052028                download_construct
                0x0000000010052030                printddd
                0x0000000010052038                app_GPS_recv_s
                0x0000000010052040                button_check

.text_Flash2    0x0000000010052060        0x0
 FILL mask 0xff
 *(SORT_BY_ALIGNMENT(.text_Flash2))
 *(SORT_BY_ALIGNMENT(.text_SG_veneer_table))
 *(SORT_BY_ALIGNMENT(.text.$Flash2))
 *(SORT_BY_ALIGNMENT(.text.$SG_veneer_table))
 *(SORT_BY_ALIGNMENT(.text_Flash2.*))
 *(SORT_BY_ALIGNMENT(.text_SG_veneer_table.*))
 *(SORT_BY_ALIGNMENT(.text.$Flash2.*))
 *(SORT_BY_ALIGNMENT(.text.$SG_veneer_table.*))
 *(SORT_BY_ALIGNMENT(.rodata.$Flash2))
 *(SORT_BY_ALIGNMENT(.rodata.$SG_veneer_table))
 *(SORT_BY_ALIGNMENT(.rodata.$Flash2.*))
 *(SORT_BY_ALIGNMENT(.rodata.$SG_veneer_table.*))

.text           0x0000000010000000     0xfe2c
 FILL mask 0xff
                0x0000000010000000                __vectors_start__ = ABSOLUTE (.)
 *(SORT_BY_ALIGNMENT(.isr_vector))
 .isr_vector    0x0000000010000000      0x130 ./startup/startup_lpc55s69_cm33_core0.o
                0x0000000010000000                __Vectors
                0x0000000010000000                g_pfnVectors
                0x0000000010000130                . = ALIGN (0x4)
                0x0000000010000130                __section_table_start = .
                0x0000000010000130                __data_section_table = .
                0x0000000010000130        0x4 LONG 0x1000fe2c LOADADDR (.data)
                0x0000000010000134        0x4 LONG 0x30000000 ADDR (.data)
                0x0000000010000138        0x4 LONG 0x33a0 SIZEOF (.data)
                0x000000001000013c        0x4 LONG 0x1000fe2c LOADADDR (.data_RAM2)
                0x0000000010000140        0x4 LONG 0x3005fff0 ADDR (.data_RAM2)
                0x0000000010000144        0x4 LONG 0x0 SIZEOF (.data_RAM2)
                0x0000000010000148                __data_section_table_end = .
                0x0000000010000148                __bss_section_table = .
                0x0000000010000148        0x4 LONG 0x300033a0 ADDR (.bss)
                0x000000001000014c        0x4 LONG 0x103e0 SIZEOF (.bss)
                0x0000000010000150        0x4 LONG 0x3005fff0 ADDR (.bss_RAM2)
                0x0000000010000154        0x4 LONG 0x0 SIZEOF (.bss_RAM2)
                0x0000000010000158                __bss_section_table_end = .
                0x0000000010000158                __section_table_end = .
 *(SORT_BY_ALIGNMENT(.after_vectors*))
 .after_vectors.reset
                0x0000000010000158       0x4c ./startup/startup_lpc55s69_cm33_core0.o
                0x0000000010000158                ResetISR
 .after_vectors.init_data
                0x00000000100001a4       0x1e ./startup/startup_lpc55s69_cm33_core0.o
                0x00000000100001a4                data_init
 .after_vectors.init_bss
                0x00000000100001c2       0x12 ./startup/startup_lpc55s69_cm33_core0.o
                0x00000000100001c2                bss_init
 .after_vectors
                0x00000000100001d4       0x16 ./startup/startup_lpc55s69_cm33_core0.o
                0x00000000100001d4                NMI_Handler
                0x00000000100001d8                MemManage_Handler
                0x00000000100001da                BusFault_Handler
                0x00000000100001dc                UsageFault_Handler
                0x00000000100001de                SecureFault_Handler
                0x00000000100001e0                SVC_Handler
                0x00000000100001e2                DebugMon_Handler
                0x00000000100001e4                PendSV_Handler
                0x00000000100001e6                SysTick_Handler
                0x00000000100001e8                Reserved39_DriverIRQHandler
                0x00000000100001e8                DMA0_DriverIRQHandler
                0x00000000100001e8                Reserved42_DriverIRQHandler
                0x00000000100001e8                SEC_VIO_DriverIRQHandler
                0x00000000100001e8                PIN_INT3_DriverIRQHandler
                0x00000000100001e8                PIN_INT2_DriverIRQHandler
                0x00000000100001e8                Reserved56_DriverIRQHandler
                0x00000000100001e8                PIN_INT0_DriverIRQHandler
                0x00000000100001e8                CTIMER2_DriverIRQHandler
                0x00000000100001e8                IntDefaultHandler
                0x00000000100001e8                USB0_DriverIRQHandler
                0x00000000100001e8                CASER_DriverIRQHandler
                0x00000000100001e8                MRT0_DriverIRQHandler
                0x00000000100001e8                UTICK0_DriverIRQHandler
                0x00000000100001e8                Reserved41_DriverIRQHandler
                0x00000000100001e8                PIN_INT4_DriverIRQHandler
                0x00000000100001e8                PIN_INT5_DriverIRQHandler
                0x00000000100001e8                SEC_GPIO_INT0_IRQ0_DriverIRQHandler
                0x00000000100001e8                CTIMER4_DriverIRQHandler
                0x00000000100001e8                GINT1_DriverIRQHandler
                0x00000000100001e8                PIN_INT7_DriverIRQHandler
                0x00000000100001e8                Reserved55_DriverIRQHandler
                0x00000000100001e8                HASHCRYPT_DriverIRQHandler
                0x00000000100001e8                USB0_NEEDCLK_DriverIRQHandler
                0x00000000100001e8                CTIMER0_DriverIRQHandler
                0x00000000100001e8                CTIMER1_DriverIRQHandler
                0x00000000100001e8                PIN_INT6_DriverIRQHandler
                0x00000000100001e8                PQ_DriverIRQHandler
                0x00000000100001e8                MAILBOX_DriverIRQHandler
                0x00000000100001e8                PIN_INT1_DriverIRQHandler
                0x00000000100001e8                CTIMER3_DriverIRQHandler
                0x00000000100001e8                Reserved61_DriverIRQHandler
                0x00000000100001e8                SEC_GPIO_INT0_IRQ1_DriverIRQHandler
                0x00000000100001e8                PUF_DriverIRQHandler
                0x00000000100001e8                RTC_DriverIRQHandler
                0x00000000100001e8                USB1_DriverIRQHandler
                0x00000000100001e8                Reserved60_DriverIRQHandler
                0x00000000100001e8                DMA1_DriverIRQHandler
                0x00000000100001e8                ADC0_DriverIRQHandler
                0x00000000100001e8                USB1_NEEDCLK_DriverIRQHandler
                0x00000000100001e8                Reserved59_DriverIRQHandler
                0x00000000100001e8                SDIO_DriverIRQHandler
                0x00000000100001e8                GINT0_DriverIRQHandler
                0x00000000100001e8                ACMP_DriverIRQHandler
                0x00000000100001e8                Reserved57_DriverIRQHandler
                0x00000000100001e8                Reserved46_DriverIRQHandler
                0x00000000100001e8                USB1_UTMI_DriverIRQHandler
                0x00000000100001e8                WDT_BOD_DriverIRQHandler
                0x00000000100001e8                SCT0_DriverIRQHandler
                0x00000000100001e8                PLU_DriverIRQHandler
                0x00000000100001e8                OS_EVENT_DriverIRQHandler
                0x00000000100001e8                SEC_HYPERVISOR_CALL_DriverIRQHandler
 *(SORT_BY_ALIGNMENT(.text*))
 *fill*         0x00000000100001ea        0x6 ff
 .text.Get_Voltage
                0x00000000100001f0       0x58 ./source/app_adc.o
                0x00000000100001f0                Get_Voltage
 .text.app_temp_recv1
                0x0000000010000248       0x98 ./source/app_adc.o
                0x0000000010000248                app_temp_recv1
 .text.download_construct
                0x00000000100002e0      0x1c0 ./source/app_upload.o
                0x00000000100002e0                __acle_se_download_construct
 .text.CLOCK_SetFLASHAccessCyclesForFreq
                0x00000000100004a0       0x80 ./drivers/fsl_clock.o
                0x00000000100004a0                CLOCK_SetFLASHAccessCyclesForFreq
 .text._strtod_l
                0x0000000010000520      0xc1c /usr/local/mcuxpressoide-11.2.0_4120/ide/plugins/com.nxp.mcuxpresso.tools.linux_11.2.0.202001021529/tools/bin/../lib/gcc/arm-none-eabi/9.2.1/../../../../arm-none-eabi/lib/thumb/v8-m.main+fp/hard/libc_nano.a(lib_a-strtod.o)
                0x0000000010000520                _strtod_l
 *fill*         0x000000001000113c        0x4 ff
 .text._dtoa_r  0x0000000010001140      0xbb8 /usr/local/mcuxpressoide-11.2.0_4120/ide/plugins/com.nxp.mcuxpresso.tools.linux_11.2.0.202001021529/tools/bin/../lib/gcc/arm-none-eabi/9.2.1/../../../../arm-none-eabi/lib/thumb/v8-m.main+fp/hard/libc_nano.a(lib_a-dtoa.o)
                0x0000000010001140                _dtoa_r
 .text.nan      0x0000000010001cf8       0x10 /usr/local/mcuxpressoide-11.2.0_4120/ide/plugins/com.nxp.mcuxpresso.tools.linux_11.2.0.202001021529/tools/bin/../lib/gcc/arm-none-eabi/9.2.1/../../../../arm-none-eabi/lib/thumb/v8-m.main+fp/hard/libc_nano.a(lib_a-s_nan.o)
                0x0000000010001cf8                nan
 .text.pow      0x0000000010001d08      0x374 /usr/local/mcuxpressoide-11.2.0_4120/ide/plugins/com.nxp.mcuxpresso.tools.linux_11.2.0.202001021529/tools/bin/../lib/gcc/arm-none-eabi/9.2.1/../../../../arm-none-eabi/lib/thumb/v8-m.main+fp/hard/libm.a(lib_a-w_pow.o)
                0x0000000010001d08                pow
 *fill*         0x000000001000207c        0x4 ff
 .text.__ieee754_log
                0x0000000010002080      0x418 /usr/local/mcuxpressoide-11.2.0_4120/ide/plugins/com.nxp.mcuxpresso.tools.linux_11.2.0.202001021529/tools/bin/../lib/gcc/arm-none-eabi/9.2.1/../../../../arm-none-eabi/lib/thumb/v8-m.main+fp/hard/libm.a(lib_a-e_log.o)
                0x0000000010002080                __ieee754_log
 .text.__ieee754_pow
                0x0000000010002498      0xb84 /usr/local/mcuxpressoide-11.2.0_4120/ide/plugins/com.nxp.mcuxpresso.tools.linux_11.2.0.202001021529/tools/bin/../lib/gcc/arm-none-eabi/9.2.1/../../../../arm-none-eabi/lib/thumb/v8-m.main+fp/hard/libm.a(lib_a-e_pow.o)
                0x0000000010002498                __ieee754_pow
 *fill*         0x000000001000301c        0x4 ff
 .text.scalbn   0x0000000010003020      0x120 /usr/local/mcuxpressoide-11.2.0_4120/ide/plugins/com.nxp.mcuxpresso.tools.linux_11.2.0.202001021529/tools/bin/../lib/gcc/arm-none-eabi/9.2.1/../../../../arm-none-eabi/lib/thumb/v8-m.main+fp/hard/libm.a(lib_a-s_scalbn.o)
                0x0000000010003020                scalbn
 .text.__assert_func
                0x0000000010003140       0x28 ./utilities/fsl_assert.o
                0x0000000010003140                __assert_func
 .text.DbgConsole_Init
                0x0000000010003168      0x11c ./utilities/fsl_debug_console.o
                0x0000000010003168                DbgConsole_Init
 .text.BOARD_InitTrustZone
                0x0000000010003284      0x2c0 ./trustzone/tzm_config.o
                0x0000000010003284                BOARD_InitTrustZone
 .text.DbgConsole_Printf_NSE
                0x0000000010003544       0xcc ./trustzone/veneer_table.o
                0x0000000010003544                __acle_se_DbgConsole_Printf_NSE
 .text.StringCompare_NSE
                0x0000000010003610      0x180 ./trustzone/veneer_table.o
                0x0000000010003610                __acle_se_StringCompare_NSE
 .text.KeyExpansion
                0x0000000010003790      0x1a0 ./source/aes.o
 .text.SubBytes
                0x0000000010003930       0x64 ./source/aes.o
 .text.app_GPS_recv
                0x0000000010003994       0x30 ./source/app_GPS.o
                0x0000000010003994                app_GPS_recv
 .text.app_recv_GPS
                0x00000000100039c4      0x3b8 ./source/app_GPS.o
                0x00000000100039c4                app_recv_GPS
 .text.time_to_str
                0x0000000010003d7c       0x60 ./source/app_GPS.o
                0x0000000010003d7c                time_to_str
 .text.__NVIC_EnableIRQ
                0x0000000010003ddc       0x3c ./source/app_adc.o
 .text.POWER_DisablePD
                0x0000000010003e18       0x20 ./source/app_adc.o
 .text.ADC0_IRQHandler
                0x0000000010003e38       0x2c ./source/app_adc.o
                0x0000000010003e38                ADC0_IRQHandler
 .text.app_adc_init
                0x0000000010003e64       0xa4 ./source/app_adc.o
                0x0000000010003e64                app_adc_init
 .text.App_ADC_recv
                0x0000000010003f08       0x48 ./source/app_adc.o
                0x0000000010003f08                App_ADC_recv
 .text.Get_Temp
                0x0000000010003f50       0xa4 ./source/app_adc.o
                0x0000000010003f50                Get_Temp
 .text.app_aes_encrypt
                0x0000000010003ff4       0x5c ./source/app_aes.o
                0x0000000010003ff4                app_aes_encrypt
 .text.app_camera_read
                0x0000000010004050      0x214 ./source/app_camera.o
                0x0000000010004050                app_camera_read
 .text.image_summer
                0x0000000010004264       0x48 ./source/app_camera.o
                0x0000000010004264                image_summer
 .text.ButtonLedInit
                0x00000000100042ac       0x54 ./source/app_gpio.o
                0x00000000100042ac                ButtonLedInit
 .text.ButtonLightInit
                0x0000000010004300       0x38 ./source/app_gpio.o
                0x0000000010004300                ButtonLightInit
 .text.djsonConstruct
                0x0000000010004338       0xa8 ./source/app_json.o
                0x0000000010004338                djsonConstruct
 .text.__NVIC_EnableIRQ
                0x00000000100043e0       0x3c ./source/app_rtc.o
 .text.RTC_IRQHandler
                0x000000001000441c       0x54 ./source/app_rtc.o
                0x000000001000441c                RTC_IRQHandler
 .text.App_Set_RTC
                0x0000000010004470       0x64 ./source/app_rtc.o
                0x0000000010004470                App_Set_RTC
 .text.App_SetAlarm_RTC
                0x00000000100044d4       0x34 ./source/app_rtc.o
                0x00000000100044d4                App_SetAlarm_RTC
 .text.USART_UserCallback
                0x0000000010004508       0xb4 ./source/app_uart.o
                0x0000000010004508                USART_UserCallback
 .text.AppUartInit
                0x00000000100045bc       0x70 ./source/app_uart.o
                0x00000000100045bc                AppUartInit
 .text.App4GInit
                0x000000001000462c       0x74 ./source/app_uart.o
                0x000000001000462c                App4GInit
 .text.upload_construct
                0x00000000100046a0      0x2d8 ./source/app_upload.o
                0x00000000100046a0                __acle_se_upload_construct
 .text.app_GPS_recv_s
                0x0000000010004978       0xa0 ./source/app_upload.o
                0x0000000010004978                __acle_se_app_GPS_recv_s
 .text.nb_rst   0x0000000010004a18       0x98 ./source/app_upload.o
                0x0000000010004a18                __acle_se_nb_rst
 .text.app_nb_send
                0x0000000010004ab0       0x90 ./source/app_upload.o
                0x0000000010004ab0                __acle_se_app_nb_send
 .text.button_check
                0x0000000010004b40       0xe0 ./source/app_upload.o
                0x0000000010004b40                __acle_se_button_check
 .text.printddd
                0x0000000010004c20       0x80 ./source/app_upload.o
                0x0000000010004c20                __acle_se_printddd
 .text.main     0x0000000010004ca0      0x170 ./source/main_s.o
                0x0000000010004ca0                main
 .text.MultprecMontCalcRp
                0x0000000010004e10      0x19c ./drivers/fsl_casper.o
                0x0000000010004e10                MultprecMontCalcRp
 .text.MultprecMultiply
                0x0000000010004fac      0x2b4 ./drivers/fsl_casper.o
                0x0000000010004fac                MultprecMultiply
 .text.MultprecModulo
                0x0000000010005260      0x9a8 ./drivers/fsl_casper.o
                0x0000000010005260                MultprecModulo
 .text.MultprecMontPrepareX
                0x0000000010005c08       0x34 ./drivers/fsl_casper.o
                0x0000000010005c08                MultprecMontPrepareX
 .text.MultprecGenNp64
                0x0000000010005c3c      0x244 ./drivers/fsl_casper.o
                0x0000000010005c3c                MultprecGenNp64
 .text.MultprecCiosMul
                0x0000000010005e80      0xe00 ./drivers/fsl_casper.o
                0x0000000010005e80                MultprecCiosMul
 .text.RSA_MontSignatureToPlaintextFast
                0x0000000010006c80      0x22c ./drivers/fsl_casper.o
                0x0000000010006c80                RSA_MontSignatureToPlaintextFast
 .text.CASPER_ModExp
                0x0000000010006eac      0x17c ./drivers/fsl_casper.o
                0x0000000010006eac                CASPER_ModExp
 .text.CASPER_Init
                0x0000000010007028       0x44 ./drivers/fsl_casper.o
                0x0000000010007028                CASPER_Init
 .text.POWER_DisablePD
                0x000000001000706c       0x20 ./drivers/fsl_clock.o
 .text.CLOCK_AttachClk
                0x000000001000708c       0x98 ./drivers/fsl_clock.o
                0x000000001000708c                CLOCK_AttachClk
 .text.CLOCK_SetClkDiv
                0x0000000010007124       0x5c ./drivers/fsl_clock.o
                0x0000000010007124                CLOCK_SetClkDiv
 .text.CLOCK_SetupFROClocking
                0x0000000010007180       0x94 ./drivers/fsl_clock.o
                0x0000000010007180                CLOCK_SetupFROClocking
 .text.CLOCK_GetClockOutClkFreq
                0x0000000010007214       0x98 ./drivers/fsl_clock.o
                0x0000000010007214                CLOCK_GetClockOutClkFreq
 .text.CLOCK_GetAdcClkFreq
                0x00000000100072ac       0x78 ./drivers/fsl_clock.o
                0x00000000100072ac                CLOCK_GetAdcClkFreq
 .text.CLOCK_GetUsb0ClkFreq
                0x0000000010007324       0x80 ./drivers/fsl_clock.o
                0x0000000010007324                CLOCK_GetUsb0ClkFreq
 .text.CLOCK_GetUsb1ClkFreq
                0x00000000100073a4       0x2c ./drivers/fsl_clock.o
                0x00000000100073a4                CLOCK_GetUsb1ClkFreq
 .text.CLOCK_GetSctClkFreq
                0x00000000100073d0       0x88 ./drivers/fsl_clock.o
                0x00000000100073d0                CLOCK_GetSctClkFreq
 .text.CLOCK_GetSdioClkFreq
                0x0000000010007458       0x80 ./drivers/fsl_clock.o
                0x0000000010007458                CLOCK_GetSdioClkFreq
 .text.CLOCK_GetFro12MFreq
                0x00000000100074d8       0x40 ./drivers/fsl_clock.o
                0x00000000100074d8                CLOCK_GetFro12MFreq
 .text.CLOCK_GetFro1MFreq
                0x0000000010007518       0x28 ./drivers/fsl_clock.o
                0x0000000010007518                CLOCK_GetFro1MFreq
 .text.CLOCK_GetExtClkFreq
                0x0000000010007540       0x2c ./drivers/fsl_clock.o
                0x0000000010007540                CLOCK_GetExtClkFreq
 .text.CLOCK_GetFroHfFreq
                0x000000001000756c       0x40 ./drivers/fsl_clock.o
                0x000000001000756c                CLOCK_GetFroHfFreq
 .text.CLOCK_GetPll0OutFreq
                0x00000000100075ac       0x18 ./drivers/fsl_clock.o
                0x00000000100075ac                CLOCK_GetPll0OutFreq
 .text.CLOCK_GetPll1OutFreq
                0x00000000100075c4       0x18 ./drivers/fsl_clock.o
                0x00000000100075c4                CLOCK_GetPll1OutFreq
 .text.CLOCK_GetOsc32KFreq
                0x00000000100075dc       0x58 ./drivers/fsl_clock.o
                0x00000000100075dc                CLOCK_GetOsc32KFreq
 .text.CLOCK_GetCoreSysClkFreq
                0x0000000010007634       0xa4 ./drivers/fsl_clock.o
                0x0000000010007634                CLOCK_GetCoreSysClkFreq
 .text.CLOCK_GetI2SMClkFreq
                0x00000000100076d8       0x18 ./drivers/fsl_clock.o
                0x00000000100076d8                CLOCK_GetI2SMClkFreq
 .text.CLOCK_GetFlexCommInputClock
                0x00000000100076f0       0xb4 ./drivers/fsl_clock.o
                0x00000000100076f0                CLOCK_GetFlexCommInputClock
 .text.CLOCK_GetHsLspiClkFreq
                0x00000000100077a4       0xa4 ./drivers/fsl_clock.o
                0x00000000100077a4                CLOCK_GetHsLspiClkFreq
 .text.CLOCK_GetCTimerClkFreq
                0x0000000010007848       0x88 ./drivers/fsl_clock.o
                0x0000000010007848                CLOCK_GetCTimerClkFreq
 .text.CLOCK_GetSystickClkFreq
                0x00000000100078d0       0x8c ./drivers/fsl_clock.o
                0x00000000100078d0                CLOCK_GetSystickClkFreq
 .text.CLOCK_GetFreq
                0x000000001000795c      0x1d8 ./drivers/fsl_clock.o
                0x000000001000795c                CLOCK_GetFreq
 .text.SDK_DelayAtLeastUs
                0x0000000010007b34      0x12c ./drivers/fsl_clock.o
                0x0000000010007b34                SDK_DelayAtLeastUs
 .text.FLEXCOMM_GetInstance
                0x0000000010007c60       0x50 ./drivers/fsl_flexcomm.o
                0x0000000010007c60                FLEXCOMM_GetInstance
 .text.FLEXCOMM_Init
                0x0000000010007cb0       0x5c ./drivers/fsl_flexcomm.o
                0x0000000010007cb0                FLEXCOMM_Init
 .text.FLEXCOMM_SetIRQHandler
                0x0000000010007d0c       0x44 ./drivers/fsl_flexcomm.o
                0x0000000010007d0c                FLEXCOMM_SetIRQHandler
 .text.FLEXCOMM0_DriverIRQHandler
                0x0000000010007d50       0x44 ./drivers/fsl_flexcomm.o
                0x0000000010007d50                FLEXCOMM0_DriverIRQHandler
 .text.FLEXCOMM1_DriverIRQHandler
                0x0000000010007d94       0x44 ./drivers/fsl_flexcomm.o
                0x0000000010007d94                FLEXCOMM1_DriverIRQHandler
 .text.FLEXCOMM2_DriverIRQHandler
                0x0000000010007dd8       0x44 ./drivers/fsl_flexcomm.o
                0x0000000010007dd8                FLEXCOMM2_DriverIRQHandler
 .text.FLEXCOMM3_DriverIRQHandler
                0x0000000010007e1c       0x44 ./drivers/fsl_flexcomm.o
                0x0000000010007e1c                FLEXCOMM3_DriverIRQHandler
 .text.FLEXCOMM4_DriverIRQHandler
                0x0000000010007e60       0x44 ./drivers/fsl_flexcomm.o
                0x0000000010007e60                FLEXCOMM4_DriverIRQHandler
 .text.FLEXCOMM5_DriverIRQHandler
                0x0000000010007ea4       0x44 ./drivers/fsl_flexcomm.o
                0x0000000010007ea4                FLEXCOMM5_DriverIRQHandler
 .text.FLEXCOMM6_DriverIRQHandler
                0x0000000010007ee8       0x44 ./drivers/fsl_flexcomm.o
                0x0000000010007ee8                FLEXCOMM6_DriverIRQHandler
 .text.FLEXCOMM7_DriverIRQHandler
                0x0000000010007f2c       0x48 ./drivers/fsl_flexcomm.o
                0x0000000010007f2c                FLEXCOMM7_DriverIRQHandler
 .text.FLEXCOMM8_DriverIRQHandler
                0x0000000010007f74       0x48 ./drivers/fsl_flexcomm.o
                0x0000000010007f74                FLEXCOMM8_DriverIRQHandler
 .text.GPIO_PortInit
                0x0000000010007fbc       0x54 ./drivers/fsl_gpio.o
                0x0000000010007fbc                GPIO_PortInit
 .text.HASHCRYPT_IRQHandler
                0x0000000010008010       0x9c ./drivers/fsl_hashcrypt.o
                0x0000000010008010                HASHCRYPT_IRQHandler
 .text.LPADC_GetInstance
                0x00000000100080ac       0x54 ./drivers/fsl_lpadc.o
 .text.LPADC_Init
                0x0000000010008100      0x120 ./drivers/fsl_lpadc.o
                0x0000000010008100                LPADC_Init
 .text.LPADC_GetConvResult
                0x0000000010008220       0x78 ./drivers/fsl_lpadc.o
                0x0000000010008220                LPADC_GetConvResult
 .text.LPADC_SetConvTriggerConfig
                0x0000000010008298       0xa4 ./drivers/fsl_lpadc.o
                0x0000000010008298                LPADC_SetConvTriggerConfig
 .text.LPADC_GetDefaultConvTriggerConfig
                0x000000001000833c       0x60 ./drivers/fsl_lpadc.o
                0x000000001000833c                LPADC_GetDefaultConvTriggerConfig
 .text.LPADC_SetConvCommandConfig
                0x000000001000839c      0x130 ./drivers/fsl_lpadc.o
                0x000000001000839c                LPADC_SetConvCommandConfig
 .text.LPADC_GetDefaultConvCommandConfig
                0x00000000100084cc       0x88 ./drivers/fsl_lpadc.o
                0x00000000100084cc                LPADC_GetDefaultConvCommandConfig
 .text.RESET_SetPeripheralReset
                0x0000000010008554       0x6c ./drivers/fsl_reset.o
                0x0000000010008554                RESET_SetPeripheralReset
 .text.RESET_ClearPeripheralReset
                0x00000000100085c0       0x6c ./drivers/fsl_reset.o
                0x00000000100085c0                RESET_ClearPeripheralReset
 .text.RTC_CheckDatetimeFormat
                0x000000001000862c       0xf0 ./drivers/fsl_rtc.o
 .text.RTC_ConvertDatetimeToSeconds
                0x000000001000871c       0xe8 ./drivers/fsl_rtc.o
 .text.RTC_ConvertSecondsToDatetime
                0x0000000010008804      0x164 ./drivers/fsl_rtc.o
 .text.RTC_SetDatetime
                0x0000000010008968       0x54 ./drivers/fsl_rtc.o
                0x0000000010008968                RTC_SetDatetime
 .text.RTC_GetDatetime
                0x00000000100089bc       0x44 ./drivers/fsl_rtc.o
                0x00000000100089bc                RTC_GetDatetime
 .text.__NVIC_EnableIRQ
                0x0000000010008a00       0x3c ./drivers/fsl_usart.o
 .text.USART_GetInstance
                0x0000000010008a3c       0x50 ./drivers/fsl_usart.o
                0x0000000010008a3c                USART_GetInstance
 .text.USART_Init
                0x0000000010008a8c      0x18c ./drivers/fsl_usart.o
                0x0000000010008a8c                USART_Init
 .text.USART_GetDefaultConfig
                0x0000000010008c18       0x84 ./drivers/fsl_usart.o
                0x0000000010008c18                USART_GetDefaultConfig
 .text.USART_SetBaudRate
                0x0000000010008c9c      0x120 ./drivers/fsl_usart.o
                0x0000000010008c9c                USART_SetBaudRate
 .text.USART_TransferCreateHandle
                0x0000000010008dbc       0xcc ./drivers/fsl_usart.o
                0x0000000010008dbc                USART_TransferCreateHandle
 .text.USART_TransferSendNonBlocking
                0x0000000010008e88       0xe8 ./drivers/fsl_usart.o
                0x0000000010008e88                USART_TransferSendNonBlocking
 .text.USART_TransferHandleIRQ
                0x0000000010008f70      0x120 ./drivers/fsl_usart.o
                0x0000000010008f70                USART_TransferHandleIRQ
 .text.SystemInit
                0x0000000010009090       0x64 ./device/system_LPC55S69_cm33_core0.o
                0x0000000010009090                SystemInit
 .text.HAL_UartInit
                0x00000000100090f4      0x128 ./component/uart/usart_adapter.o
                0x00000000100090f4                HAL_UartInit
 .text.SerialManager_Init
                0x000000001000921c       0x8c ./component/serial_manager/serial_manager.o
                0x000000001000921c                SerialManager_Init
 .text.SerialManager_OpenWriteHandle
                0x00000000100092a8       0x70 ./component/serial_manager/serial_manager.o
                0x00000000100092a8                SerialManager_OpenWriteHandle
 .text.SerialManager_OpenReadHandle
                0x0000000010009318       0x78 ./component/serial_manager/serial_manager.o
                0x0000000010009318                SerialManager_OpenReadHandle
 .text.Serial_UartInit
                0x0000000010009390       0x94 ./component/serial_manager/serial_port_uart.o
                0x0000000010009390                Serial_UartInit
 .text.BOARD_InitDebugConsole
                0x0000000010009424       0x38 ./board/board.o
                0x0000000010009424                BOARD_InitDebugConsole
 .text.POWER_DisablePD
                0x000000001000945c       0x20 ./board/clock_config.o
 .text.BOARD_BootClockFROHF96M
                0x000000001000947c       0x58 ./board/clock_config.o
                0x000000001000947c                BOARD_BootClockFROHF96M
 .text.BOARD_InitPins
                0x00000000100094d4      0x1bc ./board/pin_mux.o
                0x00000000100094d4                BOARD_InitPins
 .text.nio_set_system_voltage
                0x0000000010009690       0xc0 /home/zhuaiballl/code/iot_trusted/iot_trusted_s/libs/libpower_hardabi.a(fsl_power_lib.o)
                0x0000000010009690                nio_set_system_voltage
 .text.POWER_SetVoltageForFreq
                0x0000000010009750       0x28 /home/zhuaiballl/code/iot_trusted/iot_trusted_s/libs/libpower_hardabi.a(fsl_power_lib.o)
                0x0000000010009750                POWER_SetVoltageForFreq
 .text.BufFix   0x0000000010009778      0x138 /home/zhuaiballl/code/iot_trusted/iot_trusted_s/libs/libusdl.a(usdl_buf.o)
                0x0000000010009778                BufFix
 .text          0x00000000100098b0       0xe8 /usr/local/mcuxpressoide-11.2.0_4120/ide/plugins/com.nxp.mcuxpresso.tools.linux_11.2.0.202001021529/tools/bin/../lib/gcc/arm-none-eabi/9.2.1/thumb/v8-m.main+fp/hard/libgcc.a(cmse.o)
                0x00000000100098b0                cmse_check_address_range
 .text          0x0000000010009998      0x378 /usr/local/mcuxpressoide-11.2.0_4120/ide/plugins/com.nxp.mcuxpresso.tools.linux_11.2.0.202001021529/tools/bin/../lib/gcc/arm-none-eabi/9.2.1/thumb/v8-m.main+fp/hard/libgcc.a(_arm_addsubdf3.o)
                0x0000000010009998                __aeabi_drsub
                0x00000000100099a0                __aeabi_dsub
                0x00000000100099a0                __subdf3
                0x00000000100099a4                __adddf3
                0x00000000100099a4                __aeabi_dadd
                0x0000000010009c1c                __aeabi_ui2d
                0x0000000010009c1c                __floatunsidf
                0x0000000010009c3c                __floatsidf
                0x0000000010009c3c                __aeabi_i2d
                0x0000000010009c60                __extendsfdf2
                0x0000000010009c60                __aeabi_f2d
                0x0000000010009ca4                __aeabi_ul2d
                0x0000000010009ca4                __floatundidf
                0x0000000010009cb4                __floatdidf
                0x0000000010009cb4                __aeabi_l2d
 .text          0x0000000010009d10      0x424 /usr/local/mcuxpressoide-11.2.0_4120/ide/plugins/com.nxp.mcuxpresso.tools.linux_11.2.0.202001021529/tools/bin/../lib/gcc/arm-none-eabi/9.2.1/thumb/v8-m.main+fp/hard/libgcc.a(_arm_muldivdf3.o)
                0x0000000010009d10                __aeabi_dmul
                0x0000000010009d10                __muldf3
                0x0000000010009f64                __aeabi_ddiv
                0x0000000010009f64                __divdf3
 .text          0x000000001000a134       0x50 /usr/local/mcuxpressoide-11.2.0_4120/ide/plugins/com.nxp.mcuxpresso.tools.linux_11.2.0.202001021529/tools/bin/../lib/gcc/arm-none-eabi/9.2.1/thumb/v8-m.main+fp/hard/libgcc.a(_arm_fixdfsi.o)
                0x000000001000a134                __fixdfsi
                0x000000001000a134                __aeabi_d2iz
 .text          0x000000001000a184       0x40 /usr/local/mcuxpressoide-11.2.0_4120/ide/plugins/com.nxp.mcuxpresso.tools.linux_11.2.0.202001021529/tools/bin/../lib/gcc/arm-none-eabi/9.2.1/thumb/v8-m.main+fp/hard/libgcc.a(_arm_fixunsdfsi.o)
                0x000000001000a184                __fixunsdfsi
                0x000000001000a184                __aeabi_d2uiz
 .text          0x000000001000a1c4       0xa0 /usr/local/mcuxpressoide-11.2.0_4120/ide/plugins/com.nxp.mcuxpresso.tools.linux_11.2.0.202001021529/tools/bin/../lib/gcc/arm-none-eabi/9.2.1/thumb/v8-m.main+fp/hard/libgcc.a(_arm_truncdfsf2.o)
                0x000000001000a1c4                __aeabi_d2f
                0x000000001000a1c4                __truncdfsf2
 .text          0x000000001000a264       0x30 /usr/local/mcuxpressoide-11.2.0_4120/ide/plugins/com.nxp.mcuxpresso.tools.linux_11.2.0.202001021529/tools/bin/../lib/gcc/arm-none-eabi/9.2.1/thumb/v8-m.main+fp/hard/libgcc.a(_fixdfdi.o)
                0x000000001000a264                __aeabi_d2lz
                0x000000001000a264                __fixdfdi
 .text          0x000000001000a294       0x3c /usr/local/mcuxpressoide-11.2.0_4120/ide/plugins/com.nxp.mcuxpresso.tools.linux_11.2.0.202001021529/tools/bin/../lib/gcc/arm-none-eabi/9.2.1/thumb/v8-m.main+fp/hard/libgcc.a(_fixunsdfdi.o)
                0x000000001000a294                __aeabi_d2ulz
                0x000000001000a294                __fixunsdfdi
 .text          0x000000001000a2d0      0x110 /usr/local/mcuxpressoide-11.2.0_4120/ide/plugins/com.nxp.mcuxpresso.tools.linux_11.2.0.202001021529/tools/bin/../lib/gcc/arm-none-eabi/9.2.1/thumb/v8-m.main+fp/hard/libgcc.a(_arm_cmpdf2.o)
                0x000000001000a2d0                __gtdf2
                0x000000001000a2d0                __gedf2
                0x000000001000a2d8                __ltdf2
                0x000000001000a2d8                __ledf2
                0x000000001000a2e0                __cmpdf2
                0x000000001000a2e0                __eqdf2
                0x000000001000a2e0                __nedf2
                0x000000001000a35c                __aeabi_cdrcmple
                0x000000001000a36c                __aeabi_cdcmple
                0x000000001000a36c                __aeabi_cdcmpeq
                0x000000001000a37c                __aeabi_dcmpeq
                0x000000001000a390                __aeabi_dcmplt
                0x000000001000a3a4                __aeabi_dcmple
                0x000000001000a3b8                __aeabi_dcmpge
                0x000000001000a3cc                __aeabi_dcmpgt
 .text.malloc   0x000000001000a3e0       0x10 /usr/local/mcuxpressoide-11.2.0_4120/ide/plugins/com.nxp.mcuxpresso.tools.linux_11.2.0.202001021529/tools/bin/../lib/gcc/arm-none-eabi/9.2.1/../../../../arm-none-eabi/lib/thumb/v8-m.main+fp/hard/libc_nano.a(lib_a-malloc.o)
                0x000000001000a3e0                malloc
 .text.free     0x000000001000a3f0       0x10 /usr/local/mcuxpressoide-11.2.0_4120/ide/plugins/com.nxp.mcuxpresso.tools.linux_11.2.0.202001021529/tools/bin/../lib/gcc/arm-none-eabi/9.2.1/../../../../arm-none-eabi/lib/thumb/v8-m.main+fp/hard/libc_nano.a(lib_a-malloc.o)
                0x000000001000a3f0                free
 .text._free_r  0x000000001000a400       0xa0 /usr/local/mcuxpressoide-11.2.0_4120/ide/plugins/com.nxp.mcuxpresso.tools.linux_11.2.0.202001021529/tools/bin/../lib/gcc/arm-none-eabi/9.2.1/../../../../arm-none-eabi/lib/thumb/v8-m.main+fp/hard/libc_nano.a(lib_a-nano-freer.o)
                0x000000001000a400                _free_r
 .text._malloc_r
                0x000000001000a4a0       0xb4 /usr/local/mcuxpressoide-11.2.0_4120/ide/plugins/com.nxp.mcuxpresso.tools.linux_11.2.0.202001021529/tools/bin/../lib/gcc/arm-none-eabi/9.2.1/../../../../arm-none-eabi/lib/thumb/v8-m.main+fp/hard/libc_nano.a(lib_a-nano-mallocr.o)
                0x000000001000a4a0                _malloc_r
 .text._vfprintf_r
                0x000000001000a554      0x260 /usr/local/mcuxpressoide-11.2.0_4120/ide/plugins/com.nxp.mcuxpresso.tools.linux_11.2.0.202001021529/tools/bin/../lib/gcc/arm-none-eabi/9.2.1/../../../../arm-none-eabi/lib/thumb/v8-m.main+fp/hard/libc_nano.a(lib_a-nano-vfprintf.o)
                0x000000001000a554                _vfiprintf_r
                0x000000001000a554                _vfprintf_r
 .text._printf_float
                0x000000001000a7b4      0x46c /usr/local/mcuxpressoide-11.2.0_4120/ide/plugins/com.nxp.mcuxpresso.tools.linux_11.2.0.202001021529/tools/bin/../lib/gcc/arm-none-eabi/9.2.1/../../../../arm-none-eabi/lib/thumb/v8-m.main+fp/hard/libc_nano.a(lib_a-nano-vfprintf_float.o)
                0x000000001000a7b4                _printf_float
 .text._printf_i
                0x000000001000ac20      0x24c /usr/local/mcuxpressoide-11.2.0_4120/ide/plugins/com.nxp.mcuxpresso.tools.linux_11.2.0.202001021529/tools/bin/../lib/gcc/arm-none-eabi/9.2.1/../../../../arm-none-eabi/lib/thumb/v8-m.main+fp/hard/libc_nano.a(lib_a-nano-vfprintf_i.o)
                0x000000001000ac20                _printf_i
 .text.printf   0x000000001000ae6c       0x30 /usr/local/mcuxpressoide-11.2.0_4120/ide/plugins/com.nxp.mcuxpresso.tools.linux_11.2.0.202001021529/tools/bin/../lib/gcc/arm-none-eabi/9.2.1/../../../../arm-none-eabi/lib/thumb/v8-m.main+fp/hard/libc_nano.a(lib_a-printf.o)
                0x000000001000ae6c                printf
                0x000000001000ae6c                iprintf
 .text._sbrk_r  0x000000001000ae9c       0x20 /usr/local/mcuxpressoide-11.2.0_4120/ide/plugins/com.nxp.mcuxpresso.tools.linux_11.2.0.202001021529/tools/bin/../lib/gcc/arm-none-eabi/9.2.1/../../../../arm-none-eabi/lib/thumb/v8-m.main+fp/hard/libc_nano.a(lib_a-sbrkr.o)
                0x000000001000ae9c                _sbrk_r
 .text.raise    0x000000001000aebc       0x10 /usr/local/mcuxpressoide-11.2.0_4120/ide/plugins/com.nxp.mcuxpresso.tools.linux_11.2.0.202001021529/tools/bin/../lib/gcc/arm-none-eabi/9.2.1/../../../../arm-none-eabi/lib/thumb/v8-m.main+fp/hard/libc_nano.a(lib_a-signal.o)
                0x000000001000aebc                raise
 .text._kill_r  0x000000001000aecc       0x24 /usr/local/mcuxpressoide-11.2.0_4120/ide/plugins/com.nxp.mcuxpresso.tools.linux_11.2.0.202001021529/tools/bin/../lib/gcc/arm-none-eabi/9.2.1/../../../../arm-none-eabi/lib/thumb/v8-m.main+fp/hard/libc_nano.a(lib_a-signalr.o)
                0x000000001000aecc                _kill_r
 .text.snprintf
                0x000000001000aef0       0x68 /usr/local/mcuxpressoide-11.2.0_4120/ide/plugins/com.nxp.mcuxpresso.tools.linux_11.2.0.202001021529/tools/bin/../lib/gcc/arm-none-eabi/9.2.1/../../../../arm-none-eabi/lib/thumb/v8-m.main+fp/hard/libc_nano.a(lib_a-snprintf.o)
                0x000000001000aef0                snprintf
                0x000000001000aef0                sniprintf
 .text.sprintf  0x000000001000af58       0x40 /usr/local/mcuxpressoide-11.2.0_4120/ide/plugins/com.nxp.mcuxpresso.tools.linux_11.2.0.202001021529/tools/bin/../lib/gcc/arm-none-eabi/9.2.1/../../../../arm-none-eabi/lib/thumb/v8-m.main+fp/hard/libc_nano.a(lib_a-sprintf.o)
                0x000000001000af58                sprintf
                0x000000001000af58                siprintf
 .text.strtod   0x000000001000af98       0x18 /usr/local/mcuxpressoide-11.2.0_4120/ide/plugins/com.nxp.mcuxpresso.tools.linux_11.2.0.202001021529/tools/bin/../lib/gcc/arm-none-eabi/9.2.1/../../../../arm-none-eabi/lib/thumb/v8-m.main+fp/hard/libc_nano.a(lib_a-strtod.o)
                0x000000001000af98                strtod
 .text.__swbuf_r
                0x000000001000afb0       0xa4 /usr/local/mcuxpressoide-11.2.0_4120/ide/plugins/com.nxp.mcuxpresso.tools.linux_11.2.0.202001021529/tools/bin/../lib/gcc/arm-none-eabi/9.2.1/../../../../arm-none-eabi/lib/thumb/v8-m.main+fp/hard/libc_nano.a(lib_a-wbuf.o)
                0x000000001000afb0                __swbuf_r
 .text.__swsetup_r
                0x000000001000b054       0xdc /usr/local/mcuxpressoide-11.2.0_4120/ide/plugins/com.nxp.mcuxpresso.tools.linux_11.2.0.202001021529/tools/bin/../lib/gcc/arm-none-eabi/9.2.1/../../../../arm-none-eabi/lib/thumb/v8-m.main+fp/hard/libc_nano.a(lib_a-wsetup.o)
                0x000000001000b054                __swsetup_r
 .text.__sflush_r
                0x000000001000b130      0x108 /usr/local/mcuxpressoide-11.2.0_4120/ide/plugins/com.nxp.mcuxpresso.tools.linux_11.2.0.202001021529/tools/bin/../lib/gcc/arm-none-eabi/9.2.1/../../../../arm-none-eabi/lib/thumb/v8-m.main+fp/hard/libc_nano.a(lib_a-fflush.o)
                0x000000001000b130                __sflush_r
 .text._fflush_r
                0x000000001000b238       0x78 /usr/local/mcuxpressoide-11.2.0_4120/ide/plugins/com.nxp.mcuxpresso.tools.linux_11.2.0.202001021529/tools/bin/../lib/gcc/arm-none-eabi/9.2.1/../../../../arm-none-eabi/lib/thumb/v8-m.main+fp/hard/libc_nano.a(lib_a-fflush.o)
                0x000000001000b238                _fflush_r
 .text.std      0x000000001000b2b0       0x48 /usr/local/mcuxpressoide-11.2.0_4120/ide/plugins/com.nxp.mcuxpresso.tools.linux_11.2.0.202001021529/tools/bin/../lib/gcc/arm-none-eabi/9.2.1/../../../../arm-none-eabi/lib/thumb/v8-m.main+fp/hard/libc_nano.a(lib_a-findfp.o)
 .text._cleanup_r
                0x000000001000b2f8        0xc /usr/local/mcuxpressoide-11.2.0_4120/ide/plugins/com.nxp.mcuxpresso.tools.linux_11.2.0.202001021529/tools/bin/../lib/gcc/arm-none-eabi/9.2.1/../../../../arm-none-eabi/lib/thumb/v8-m.main+fp/hard/libc_nano.a(lib_a-findfp.o)
                0x000000001000b2f8                _cleanup_r
 .text.__sfp_lock_acquire
                0x000000001000b304        0xc /usr/local/mcuxpressoide-11.2.0_4120/ide/plugins/com.nxp.mcuxpresso.tools.linux_11.2.0.202001021529/tools/bin/../lib/gcc/arm-none-eabi/9.2.1/../../../../arm-none-eabi/lib/thumb/v8-m.main+fp/hard/libc_nano.a(lib_a-findfp.o)
                0x000000001000b304                __sfp_lock_acquire
 .text.__sfp_lock_release
                0x000000001000b310        0xc /usr/local/mcuxpressoide-11.2.0_4120/ide/plugins/com.nxp.mcuxpresso.tools.linux_11.2.0.202001021529/tools/bin/../lib/gcc/arm-none-eabi/9.2.1/../../../../arm-none-eabi/lib/thumb/v8-m.main+fp/hard/libc_nano.a(lib_a-findfp.o)
                0x000000001000b310                __sfp_lock_release
 .text.__sinit_lock_acquire
                0x000000001000b31c        0xc /usr/local/mcuxpressoide-11.2.0_4120/ide/plugins/com.nxp.mcuxpresso.tools.linux_11.2.0.202001021529/tools/bin/../lib/gcc/arm-none-eabi/9.2.1/../../../../arm-none-eabi/lib/thumb/v8-m.main+fp/hard/libc_nano.a(lib_a-findfp.o)
                0x000000001000b31c                __sinit_lock_acquire
 .text.__sinit_lock_release
                0x000000001000b328        0xc /usr/local/mcuxpressoide-11.2.0_4120/ide/plugins/com.nxp.mcuxpresso.tools.linux_11.2.0.202001021529/tools/bin/../lib/gcc/arm-none-eabi/9.2.1/../../../../arm-none-eabi/lib/thumb/v8-m.main+fp/hard/libc_nano.a(lib_a-findfp.o)
                0x000000001000b328                __sinit_lock_release
 .text.__sinit  0x000000001000b334       0x70 /usr/local/mcuxpressoide-11.2.0_4120/ide/plugins/com.nxp.mcuxpresso.tools.linux_11.2.0.202001021529/tools/bin/../lib/gcc/arm-none-eabi/9.2.1/../../../../arm-none-eabi/lib/thumb/v8-m.main+fp/hard/libc_nano.a(lib_a-findfp.o)
                0x000000001000b334                __sinit
 .text.__sfp    0x000000001000b3a4       0x8c /usr/local/mcuxpressoide-11.2.0_4120/ide/plugins/com.nxp.mcuxpresso.tools.linux_11.2.0.202001021529/tools/bin/../lib/gcc/arm-none-eabi/9.2.1/../../../../arm-none-eabi/lib/thumb/v8-m.main+fp/hard/libc_nano.a(lib_a-findfp.o)
                0x000000001000b3a4                __sfp
 .text.__gethex
                0x000000001000b430      0x468 /usr/local/mcuxpressoide-11.2.0_4120/ide/plugins/com.nxp.mcuxpresso.tools.linux_11.2.0.202001021529/tools/bin/../lib/gcc/arm-none-eabi/9.2.1/../../../../arm-none-eabi/lib/thumb/v8-m.main+fp/hard/libc_nano.a(lib_a-gdtoa-gethex.o)
                0x000000001000b430                __gethex
 .text._localeconv_r
                0x000000001000b898        0x8 /usr/local/mcuxpressoide-11.2.0_4120/ide/plugins/com.nxp.mcuxpresso.tools.linux_11.2.0.202001021529/tools/bin/../lib/gcc/arm-none-eabi/9.2.1/../../../../arm-none-eabi/lib/thumb/v8-m.main+fp/hard/libc_nano.a(lib_a-localeconv.o)
                0x000000001000b898                _localeconv_r
 .text.__smakebuf_r
                0x000000001000b8a0       0x80 /usr/local/mcuxpressoide-11.2.0_4120/ide/plugins/com.nxp.mcuxpresso.tools.linux_11.2.0.202001021529/tools/bin/../lib/gcc/arm-none-eabi/9.2.1/../../../../arm-none-eabi/lib/thumb/v8-m.main+fp/hard/libc_nano.a(lib_a-makebuf.o)
                0x000000001000b8a0                __smakebuf_r
 .text.__malloc_lock
                0x000000001000b920        0xc /usr/local/mcuxpressoide-11.2.0_4120/ide/plugins/com.nxp.mcuxpresso.tools.linux_11.2.0.202001021529/tools/bin/../lib/gcc/arm-none-eabi/9.2.1/../../../../arm-none-eabi/lib/thumb/v8-m.main+fp/hard/libc_nano.a(lib_a-mlock.o)
                0x000000001000b920                __malloc_lock
 .text.__malloc_unlock
                0x000000001000b92c        0xc /usr/local/mcuxpressoide-11.2.0_4120/ide/plugins/com.nxp.mcuxpresso.tools.linux_11.2.0.202001021529/tools/bin/../lib/gcc/arm-none-eabi/9.2.1/../../../../arm-none-eabi/lib/thumb/v8-m.main+fp/hard/libc_nano.a(lib_a-mlock.o)
                0x000000001000b92c                __malloc_unlock
 .text.__pow5mult
                0x000000001000b938       0x9c /usr/local/mcuxpressoide-11.2.0_4120/ide/plugins/com.nxp.mcuxpresso.tools.linux_11.2.0.202001021529/tools/bin/../lib/gcc/arm-none-eabi/9.2.1/../../../../arm-none-eabi/lib/thumb/v8-m.main+fp/hard/libc_nano.a(lib_a-mprec.o)
                0x000000001000b938                __pow5mult
 .text.__ulp    0x000000001000b9d4       0x54 /usr/local/mcuxpressoide-11.2.0_4120/ide/plugins/com.nxp.mcuxpresso.tools.linux_11.2.0.202001021529/tools/bin/../lib/gcc/arm-none-eabi/9.2.1/../../../../arm-none-eabi/lib/thumb/v8-m.main+fp/hard/libc_nano.a(lib_a-mprec.o)
                0x000000001000b9d4                __ulp
 .text.__b2d    0x000000001000ba28       0xa0 /usr/local/mcuxpressoide-11.2.0_4120/ide/plugins/com.nxp.mcuxpresso.tools.linux_11.2.0.202001021529/tools/bin/../lib/gcc/arm-none-eabi/9.2.1/../../../../arm-none-eabi/lib/thumb/v8-m.main+fp/hard/libc_nano.a(lib_a-mprec.o)
                0x000000001000ba28                __b2d
 .text._svfprintf_r
                0x000000001000bac8      0x200 /usr/local/mcuxpressoide-11.2.0_4120/ide/plugins/com.nxp.mcuxpresso.tools.linux_11.2.0.202001021529/tools/bin/../lib/gcc/arm-none-eabi/9.2.1/../../../../arm-none-eabi/lib/thumb/v8-m.main+fp/hard/libc_nano.a(lib_a-nano-svfprintf.o)
                0x000000001000bac8                _svfprintf_r
                0x000000001000bac8                _svfiprintf_r
 .text._write_r
                0x000000001000bcc8       0x24 /usr/local/mcuxpressoide-11.2.0_4120/ide/plugins/com.nxp.mcuxpresso.tools.linux_11.2.0.202001021529/tools/bin/../lib/gcc/arm-none-eabi/9.2.1/../../../../arm-none-eabi/lib/thumb/v8-m.main+fp/hard/libc_nano.a(lib_a-writer.o)
                0x000000001000bcc8                _write_r
 .text._close_r
                0x000000001000bcec       0x20 /usr/local/mcuxpressoide-11.2.0_4120/ide/plugins/com.nxp.mcuxpresso.tools.linux_11.2.0.202001021529/tools/bin/../lib/gcc/arm-none-eabi/9.2.1/../../../../arm-none-eabi/lib/thumb/v8-m.main+fp/hard/libc_nano.a(lib_a-closer.o)
                0x000000001000bcec                _close_r
 .text._fstat_r
                0x000000001000bd0c       0x24 /usr/local/mcuxpressoide-11.2.0_4120/ide/plugins/com.nxp.mcuxpresso.tools.linux_11.2.0.202001021529/tools/bin/../lib/gcc/arm-none-eabi/9.2.1/../../../../arm-none-eabi/lib/thumb/v8-m.main+fp/hard/libc_nano.a(lib_a-fstatr.o)
                0x000000001000bd0c                _fstat_r
 .text._isatty_r
                0x000000001000bd30       0x20 /usr/local/mcuxpressoide-11.2.0_4120/ide/plugins/com.nxp.mcuxpresso.tools.linux_11.2.0.202001021529/tools/bin/../lib/gcc/arm-none-eabi/9.2.1/../../../../arm-none-eabi/lib/thumb/v8-m.main+fp/hard/libc_nano.a(lib_a-isattyr.o)
                0x000000001000bd30                _isatty_r
 .text._lseek_r
                0x000000001000bd50       0x24 /usr/local/mcuxpressoide-11.2.0_4120/ide/plugins/com.nxp.mcuxpresso.tools.linux_11.2.0.202001021529/tools/bin/../lib/gcc/arm-none-eabi/9.2.1/../../../../arm-none-eabi/lib/thumb/v8-m.main+fp/hard/libc_nano.a(lib_a-lseekr.o)
                0x000000001000bd50                _lseek_r
 .text._read_r  0x000000001000bd74       0x24 /usr/local/mcuxpressoide-11.2.0_4120/ide/plugins/com.nxp.mcuxpresso.tools.linux_11.2.0.202001021529/tools/bin/../lib/gcc/arm-none-eabi/9.2.1/../../../../arm-none-eabi/lib/thumb/v8-m.main+fp/hard/libc_nano.a(lib_a-readr.o)
                0x000000001000bd74                _read_r
 .text.log      0x000000001000bd98      0x110 /usr/local/mcuxpressoide-11.2.0_4120/ide/plugins/com.nxp.mcuxpresso.tools.linux_11.2.0.202001021529/tools/bin/../lib/gcc/arm-none-eabi/9.2.1/../../../../arm-none-eabi/lib/thumb/v8-m.main+fp/hard/libm.a(lib_a-w_log.o)
                0x000000001000bd98                log
 .text.__ieee754_sqrt
                0x000000001000bea8      0x180 /usr/local/mcuxpressoide-11.2.0_4120/ide/plugins/com.nxp.mcuxpresso.tools.linux_11.2.0.202001021529/tools/bin/../lib/gcc/arm-none-eabi/9.2.1/../../../../arm-none-eabi/lib/thumb/v8-m.main+fp/hard/libm.a(lib_a-e_sqrt.o)
                0x000000001000bea8                __ieee754_sqrt
 .text.fabs     0x000000001000c028       0x14 /usr/local/mcuxpressoide-11.2.0_4120/ide/plugins/com.nxp.mcuxpresso.tools.linux_11.2.0.202001021529/tools/bin/../lib/gcc/arm-none-eabi/9.2.1/../../../../arm-none-eabi/lib/thumb/v8-m.main+fp/hard/libm.a(lib_a-s_fabs.o)
                0x000000001000c028                fabs
 .text.finite   0x000000001000c03c       0x1c /usr/local/mcuxpressoide-11.2.0_4120/ide/plugins/com.nxp.mcuxpresso.tools.linux_11.2.0.202001021529/tools/bin/../lib/gcc/arm-none-eabi/9.2.1/../../../../arm-none-eabi/lib/thumb/v8-m.main+fp/hard/libm.a(lib_a-s_finite.o)
                0x000000001000c03c                finite
 .text.matherr  0x000000001000c058        0x4 /usr/local/mcuxpressoide-11.2.0_4120/ide/plugins/com.nxp.mcuxpresso.tools.linux_11.2.0.202001021529/tools/bin/../lib/gcc/arm-none-eabi/9.2.1/../../../../arm-none-eabi/lib/thumb/v8-m.main+fp/hard/libm.a(lib_a-s_matherr.o)
                0x000000001000c058                matherr
 .text.rint     0x000000001000c05c      0x130 /usr/local/mcuxpressoide-11.2.0_4120/ide/plugins/com.nxp.mcuxpresso.tools.linux_11.2.0.202001021529/tools/bin/../lib/gcc/arm-none-eabi/9.2.1/../../../../arm-none-eabi/lib/thumb/v8-m.main+fp/hard/libm.a(lib_a-s_rint.o)
                0x000000001000c05c                rint
 .text._sbrk    0x000000001000c18c       0x3c /usr/local/mcuxpressoide-11.2.0_4120/ide/plugins/com.nxp.mcuxpresso.tools.linux_11.2.0.202001021529/tools/bin/../lib/gcc/arm-none-eabi/9.2.1/../../../../arm-none-eabi/lib/thumb/v8-m.main+fp/hard/libcr_newlib_semihost.a(_cr_sbrk.o)
                0x000000001000c18c                _sbrk
 .text._kill    0x000000001000c1c8       0x20 /usr/local/mcuxpressoide-11.2.0_4120/ide/plugins/com.nxp.mcuxpresso.tools.linux_11.2.0.202001021529/tools/bin/../lib/gcc/arm-none-eabi/9.2.1/../../../../arm-none-eabi/lib/thumb/v8-m.main+fp/hard/libcr_newlib_semihost.a(_kill.o)
                0x000000001000c1c8                _kill
 .text.initialise_monitor_handles
                0x000000001000c1e8       0xac /usr/local/mcuxpressoide-11.2.0_4120/ide/plugins/com.nxp.mcuxpresso.tools.linux_11.2.0.202001021529/tools/bin/../lib/gcc/arm-none-eabi/9.2.1/../../../../arm-none-eabi/lib/thumb/v8-m.main+fp/hard/libcr_newlib_semihost.a(syscalls.o)
 .text.findslot
                0x000000001000c294       0x24 /usr/local/mcuxpressoide-11.2.0_4120/ide/plugins/com.nxp.mcuxpresso.tools.linux_11.2.0.202001021529/tools/bin/../lib/gcc/arm-none-eabi/9.2.1/../../../../arm-none-eabi/lib/thumb/v8-m.main+fp/hard/libcr_newlib_semihost.a(syscalls.o)
 .text._close   0x000000001000c2b8       0x4c /usr/local/mcuxpressoide-11.2.0_4120/ide/plugins/com.nxp.mcuxpresso.tools.linux_11.2.0.202001021529/tools/bin/../lib/gcc/arm-none-eabi/9.2.1/../../../../arm-none-eabi/lib/thumb/v8-m.main+fp/hard/libcr_newlib_semihost.a(syscalls.o)
                0x000000001000c2b8                _close
 .text.__check_heap_overflow
                0x000000001000c304       0x18 /usr/local/mcuxpressoide-11.2.0_4120/ide/plugins/com.nxp.mcuxpresso.tools.linux_11.2.0.202001021529/tools/bin/../lib/gcc/arm-none-eabi/9.2.1/../../../../arm-none-eabi/lib/thumb/v8-m.main+fp/hard/libcr_newlib_semihost.a(_cr_check_heap.o)
                0x000000001000c304                __check_heap_overflow
 .text          0x000000001000c31c       0x2c /usr/local/mcuxpressoide-11.2.0_4120/ide/plugins/com.nxp.mcuxpresso.tools.linux_11.2.0.202001021529/tools/bin/../lib/gcc/arm-none-eabi/9.2.1/thumb/v8-m.main+fp/hard/libgcc.a(_arm_unorddf2.o)
                0x000000001000c31c                __aeabi_dcmpun
                0x000000001000c31c                __unorddf2
 .text.__errno  0x000000001000c348        0xc /usr/local/mcuxpressoide-11.2.0_4120/ide/plugins/com.nxp.mcuxpresso.tools.linux_11.2.0.202001021529/tools/bin/../lib/gcc/arm-none-eabi/9.2.1/../../../../arm-none-eabi/lib/thumb/v8-m.main+fp/hard/libc_nano.a(lib_a-errno.o)
                0x000000001000c348                __errno
 .text.strnlen  0x000000001000c354       0x3a ./trustzone/veneer_table.o
                0x000000001000c354                strnlen
 .text.WDT_BOD_IRQHandler
                0x000000001000c38e        0x8 ./startup/startup_lpc55s69_cm33_core0.o
                0x000000001000c38e                WDT_BOD_IRQHandler
 .text.DMA0_IRQHandler
                0x000000001000c396        0x8 ./startup/startup_lpc55s69_cm33_core0.o
                0x000000001000c396                DMA0_IRQHandler
 .text.GINT0_IRQHandler
                0x000000001000c39e        0x8 ./startup/startup_lpc55s69_cm33_core0.o
                0x000000001000c39e                GINT0_IRQHandler
 .text.GINT1_IRQHandler
                0x000000001000c3a6        0x8 ./startup/startup_lpc55s69_cm33_core0.o
                0x000000001000c3a6                GINT1_IRQHandler
 .text.PIN_INT0_IRQHandler
                0x000000001000c3ae        0x8 ./startup/startup_lpc55s69_cm33_core0.o
                0x000000001000c3ae                PIN_INT0_IRQHandler
 .text.PIN_INT1_IRQHandler
                0x000000001000c3b6        0x8 ./startup/startup_lpc55s69_cm33_core0.o
                0x000000001000c3b6                PIN_INT1_IRQHandler
 .text.PIN_INT2_IRQHandler
                0x000000001000c3be        0x8 ./startup/startup_lpc55s69_cm33_core0.o
                0x000000001000c3be                PIN_INT2_IRQHandler
 .text.PIN_INT3_IRQHandler
                0x000000001000c3c6        0x8 ./startup/startup_lpc55s69_cm33_core0.o
                0x000000001000c3c6                PIN_INT3_IRQHandler
 .text.UTICK0_IRQHandler
                0x000000001000c3ce        0x8 ./startup/startup_lpc55s69_cm33_core0.o
                0x000000001000c3ce                UTICK0_IRQHandler
 .text.MRT0_IRQHandler
                0x000000001000c3d6        0x8 ./startup/startup_lpc55s69_cm33_core0.o
                0x000000001000c3d6                MRT0_IRQHandler
 .text.CTIMER0_IRQHandler
                0x000000001000c3de        0x8 ./startup/startup_lpc55s69_cm33_core0.o
                0x000000001000c3de                CTIMER0_IRQHandler
 .text.CTIMER1_IRQHandler
                0x000000001000c3e6        0x8 ./startup/startup_lpc55s69_cm33_core0.o
                0x000000001000c3e6                CTIMER1_IRQHandler
 .text.SCT0_IRQHandler
                0x000000001000c3ee        0x8 ./startup/startup_lpc55s69_cm33_core0.o
                0x000000001000c3ee                SCT0_IRQHandler
 .text.CTIMER3_IRQHandler
                0x000000001000c3f6        0x8 ./startup/startup_lpc55s69_cm33_core0.o
                0x000000001000c3f6                CTIMER3_IRQHandler
 .text.FLEXCOMM0_IRQHandler
                0x000000001000c3fe        0x8 ./startup/startup_lpc55s69_cm33_core0.o
                0x000000001000c3fe                FLEXCOMM0_IRQHandler
 .text.FLEXCOMM1_IRQHandler
                0x000000001000c406        0x8 ./startup/startup_lpc55s69_cm33_core0.o
                0x000000001000c406                FLEXCOMM1_IRQHandler
 .text.FLEXCOMM2_IRQHandler
                0x000000001000c40e        0x8 ./startup/startup_lpc55s69_cm33_core0.o
                0x000000001000c40e                FLEXCOMM2_IRQHandler
 .text.FLEXCOMM3_IRQHandler
                0x000000001000c416        0x8 ./startup/startup_lpc55s69_cm33_core0.o
                0x000000001000c416                FLEXCOMM3_IRQHandler
 .text.FLEXCOMM4_IRQHandler
                0x000000001000c41e        0x8 ./startup/startup_lpc55s69_cm33_core0.o
                0x000000001000c41e                FLEXCOMM4_IRQHandler
 .text.FLEXCOMM5_IRQHandler
                0x000000001000c426        0x8 ./startup/startup_lpc55s69_cm33_core0.o
                0x000000001000c426                FLEXCOMM5_IRQHandler
 .text.FLEXCOMM6_IRQHandler
                0x000000001000c42e        0x8 ./startup/startup_lpc55s69_cm33_core0.o
                0x000000001000c42e                FLEXCOMM6_IRQHandler
 .text.FLEXCOMM7_IRQHandler
                0x000000001000c436        0x8 ./startup/startup_lpc55s69_cm33_core0.o
                0x000000001000c436                FLEXCOMM7_IRQHandler
 .text.Reserved39_IRQHandler
                0x000000001000c43e        0x8 ./startup/startup_lpc55s69_cm33_core0.o
                0x000000001000c43e                Reserved39_IRQHandler
 .text.ACMP_IRQHandler
                0x000000001000c446        0x8 ./startup/startup_lpc55s69_cm33_core0.o
                0x000000001000c446                ACMP_IRQHandler
 .text.Reserved41_IRQHandler
                0x000000001000c44e        0x8 ./startup/startup_lpc55s69_cm33_core0.o
                0x000000001000c44e                Reserved41_IRQHandler
 .text.Reserved42_IRQHandler
                0x000000001000c456        0x8 ./startup/startup_lpc55s69_cm33_core0.o
                0x000000001000c456                Reserved42_IRQHandler
 .text.USB0_NEEDCLK_IRQHandler
                0x000000001000c45e        0x8 ./startup/startup_lpc55s69_cm33_core0.o
                0x000000001000c45e                USB0_NEEDCLK_IRQHandler
 .text.USB0_IRQHandler
                0x000000001000c466        0x8 ./startup/startup_lpc55s69_cm33_core0.o
                0x000000001000c466                USB0_IRQHandler
 .text.Reserved46_IRQHandler
                0x000000001000c46e        0x8 ./startup/startup_lpc55s69_cm33_core0.o
                0x000000001000c46e                Reserved46_IRQHandler
 .text.MAILBOX_IRQHandler
                0x000000001000c476        0x8 ./startup/startup_lpc55s69_cm33_core0.o
                0x000000001000c476                MAILBOX_IRQHandler
 .text.PIN_INT4_IRQHandler
                0x000000001000c47e        0x8 ./startup/startup_lpc55s69_cm33_core0.o
                0x000000001000c47e                PIN_INT4_IRQHandler
 .text.PIN_INT5_IRQHandler
                0x000000001000c486        0x8 ./startup/startup_lpc55s69_cm33_core0.o
                0x000000001000c486                PIN_INT5_IRQHandler
 .text.PIN_INT6_IRQHandler
                0x000000001000c48e        0x8 ./startup/startup_lpc55s69_cm33_core0.o
                0x000000001000c48e                PIN_INT6_IRQHandler
 .text.PIN_INT7_IRQHandler
                0x000000001000c496        0x8 ./startup/startup_lpc55s69_cm33_core0.o
                0x000000001000c496                PIN_INT7_IRQHandler
 .text.CTIMER2_IRQHandler
                0x000000001000c49e        0x8 ./startup/startup_lpc55s69_cm33_core0.o
                0x000000001000c49e                CTIMER2_IRQHandler
 .text.CTIMER4_IRQHandler
                0x000000001000c4a6        0x8 ./startup/startup_lpc55s69_cm33_core0.o
                0x000000001000c4a6                CTIMER4_IRQHandler
 .text.OS_EVENT_IRQHandler
                0x000000001000c4ae        0x8 ./startup/startup_lpc55s69_cm33_core0.o
                0x000000001000c4ae                OS_EVENT_IRQHandler
 .text.Reserved55_IRQHandler
                0x000000001000c4b6        0x8 ./startup/startup_lpc55s69_cm33_core0.o
                0x000000001000c4b6                Reserved55_IRQHandler
 .text.Reserved56_IRQHandler
                0x000000001000c4be        0x8 ./startup/startup_lpc55s69_cm33_core0.o
                0x000000001000c4be                Reserved56_IRQHandler
 .text.Reserved57_IRQHandler
                0x000000001000c4c6        0x8 ./startup/startup_lpc55s69_cm33_core0.o
                0x000000001000c4c6                Reserved57_IRQHandler
 .text.SDIO_IRQHandler
                0x000000001000c4ce        0x8 ./startup/startup_lpc55s69_cm33_core0.o
                0x000000001000c4ce                SDIO_IRQHandler
 .text.Reserved59_IRQHandler
                0x000000001000c4d6        0x8 ./startup/startup_lpc55s69_cm33_core0.o
                0x000000001000c4d6                Reserved59_IRQHandler
 .text.Reserved60_IRQHandler
                0x000000001000c4de        0x8 ./startup/startup_lpc55s69_cm33_core0.o
                0x000000001000c4de                Reserved60_IRQHandler
 .text.Reserved61_IRQHandler
                0x000000001000c4e6        0x8 ./startup/startup_lpc55s69_cm33_core0.o
                0x000000001000c4e6                Reserved61_IRQHandler
 .text.USB1_UTMI_IRQHandler
                0x000000001000c4ee        0x8 ./startup/startup_lpc55s69_cm33_core0.o
                0x000000001000c4ee                USB1_UTMI_IRQHandler
 .text.USB1_IRQHandler
                0x000000001000c4f6        0x8 ./startup/startup_lpc55s69_cm33_core0.o
                0x000000001000c4f6                USB1_IRQHandler
 .text.USB1_NEEDCLK_IRQHandler
                0x000000001000c4fe        0x8 ./startup/startup_lpc55s69_cm33_core0.o
                0x000000001000c4fe                USB1_NEEDCLK_IRQHandler
 .text.SEC_HYPERVISOR_CALL_IRQHandler
                0x000000001000c506        0x8 ./startup/startup_lpc55s69_cm33_core0.o
                0x000000001000c506                SEC_HYPERVISOR_CALL_IRQHandler
 .text.SEC_GPIO_INT0_IRQ0_IRQHandler
                0x000000001000c50e        0x8 ./startup/startup_lpc55s69_cm33_core0.o
                0x000000001000c50e                SEC_GPIO_INT0_IRQ0_IRQHandler
 .text.SEC_GPIO_INT0_IRQ1_IRQHandler
                0x000000001000c516        0x8 ./startup/startup_lpc55s69_cm33_core0.o
                0x000000001000c516                SEC_GPIO_INT0_IRQ1_IRQHandler
 .text.PLU_IRQHandler
                0x000000001000c51e        0x8 ./startup/startup_lpc55s69_cm33_core0.o
                0x000000001000c51e                PLU_IRQHandler
 .text.SEC_VIO_IRQHandler
                0x000000001000c526        0x8 ./startup/startup_lpc55s69_cm33_core0.o
                0x000000001000c526                SEC_VIO_IRQHandler
 .text.CASER_IRQHandler
                0x000000001000c52e        0x8 ./startup/startup_lpc55s69_cm33_core0.o
                0x000000001000c52e                CASER_IRQHandler
 .text.PUF_IRQHandler
                0x000000001000c536        0x8 ./startup/startup_lpc55s69_cm33_core0.o
                0x000000001000c536                PUF_IRQHandler
 .text.PQ_IRQHandler
                0x000000001000c53e        0x8 ./startup/startup_lpc55s69_cm33_core0.o
                0x000000001000c53e                PQ_IRQHandler
 .text.DMA1_IRQHandler
                0x000000001000c546        0x8 ./startup/startup_lpc55s69_cm33_core0.o
                0x000000001000c546                DMA1_IRQHandler
 .text.FLEXCOMM8_IRQHandler
                0x000000001000c54e        0x8 ./startup/startup_lpc55s69_cm33_core0.o
                0x000000001000c54e                FLEXCOMM8_IRQHandler
 .text.AES_init_ctx
                0x000000001000c556       0x1c ./source/aes.o
                0x000000001000c556                AES_init_ctx
 .text.AddRoundKey
                0x000000001000c572       0x78 ./source/aes.o
 .text.ShiftRows
                0x000000001000c5ea       0x84 ./source/aes.o
 .text.xtime    0x000000001000c66e       0x3c ./source/aes.o
 .text.MixColumns
                0x000000001000c6aa      0x16a ./source/aes.o
 .text.Cipher   0x000000001000c814       0x66 ./source/aes.o
 .text.AES_ECB_encrypt
                0x000000001000c87a       0x1c ./source/aes.o
                0x000000001000c87a                AES_ECB_encrypt
 .text.EnableIRQ
                0x000000001000c896       0x2c ./source/app_adc.o
 .text.LPADC_EnableInterrupts
                0x000000001000c8c2       0x22 ./source/app_adc.o
 .text.LPADC_DoSoftwareTrigger
                0x000000001000c8e4       0x1c ./source/app_adc.o
 .text.CLOCK_EnableClock
                0x000000001000c900       0x30 ./source/app_gpio.o
 .text.EnableIRQ
                0x000000001000c930       0x2c ./source/app_rtc.o
 .text.RTC_EnableInterrupts
                0x000000001000c95c       0x32 ./source/app_rtc.o
 .text.RTC_GetStatusFlags
                0x000000001000c98e       0x1c ./source/app_rtc.o
 .text.RTC_ClearStatusFlags
                0x000000001000c9aa       0x32 ./source/app_rtc.o
 .text.RTC_StartTimer
                0x000000001000c9dc       0x20 ./source/app_rtc.o
 .text.RTC_StopTimer
                0x000000001000c9fc       0x20 ./source/app_rtc.o
 .text.USART_EnableInterrupts
                0x000000001000ca1c       0x22 ./source/app_uart.o
 .text.AppUartSend
                0x000000001000ca3e       0x4c ./source/app_uart.o
                0x000000001000ca3e                AppUartSend
 .text.AppUartRecv
                0x000000001000ca8a       0x48 ./source/app_uart.o
                0x000000001000ca8a                AppUartRecv
 .text.AppUartClear
                0x000000001000cad2       0x22 ./source/app_uart.o
                0x000000001000cad2                AppUartClear
 .text.GPIO_PinRead
                0x000000001000caf4       0x28 ./source/app_upload.o
 .text.GPIO_PortSet
                0x000000001000cb1c       0x26 ./source/app_upload.o
 .text.GPIO_PortClear
                0x000000001000cb42       0x26 ./source/app_upload.o
 .text.SystemInitHook
                0x000000001000cb68        0xc ./source/main_s.o
                0x000000001000cb68                SystemInitHook
 .text.CLOCK_AttachClktoFLEXCOM
                0x000000001000cb74       0x38 ./source/main_s.o
                0x000000001000cb74                CLOCK_AttachClktoFLEXCOM
 .text.HardFault_Handler
                0x000000001000cbac       0x2c ./source/semihost_hardfault.o
                0x000000001000cbac                HardFault_Handler
 .text.CLOCK_EnableClock
                0x000000001000cbd8       0x30 ./drivers/fsl_casper.o
 .text.RSA_SignatureToPlaintextFast
                0x000000001000cc08       0x42 ./drivers/fsl_casper.o
                0x000000001000cc08                RSA_SignatureToPlaintextFast
 .text.CLOCK_GetMclkClkFreq
                0x000000001000cc4a       0x56 ./drivers/fsl_clock.o
                0x000000001000cc4a                CLOCK_GetMclkClkFreq
 .text.CLOCK_GetWdtClkFreq
                0x000000001000cca0       0x20 ./drivers/fsl_clock.o
                0x000000001000cca0                CLOCK_GetWdtClkFreq
 .text.CLOCK_GetFlexCommClkFreq
                0x000000001000ccc0       0x48 ./drivers/fsl_clock.o
                0x000000001000ccc0                CLOCK_GetFlexCommClkFreq
 .text.CLOCK_EnableClock
                0x000000001000cd08       0x30 ./drivers/fsl_flexcomm.o
 .text.FLEXCOMM_PeripheralIsPresent
                0x000000001000cd38       0x64 ./drivers/fsl_flexcomm.o
 .text.FLEXCOMM_SetPeriph
                0x000000001000cd9c       0x74 ./drivers/fsl_flexcomm.o
 .text.CLOCK_EnableClock
                0x000000001000ce10       0x30 ./drivers/fsl_gpio.o
 .text.GPIO_PinInit
                0x000000001000ce40       0xa0 ./drivers/fsl_gpio.o
                0x000000001000ce40                GPIO_PinInit
 .text.CLOCK_EnableClock
                0x000000001000cee0       0x30 ./drivers/fsl_lpadc.o
 .text.LPADC_Enable
                0x000000001000cf10       0x38 ./drivers/fsl_lpadc.o
 .text.LPADC_DoResetFIFO0
                0x000000001000cf48       0x20 ./drivers/fsl_lpadc.o
 .text.LPADC_DoResetFIFO1
                0x000000001000cf68       0x20 ./drivers/fsl_lpadc.o
 .text.LPADC_DoResetConfig
                0x000000001000cf88       0x2c ./drivers/fsl_lpadc.o
 .text.LPADC_GetDefaultConfig
                0x000000001000cfb4       0x5c ./drivers/fsl_lpadc.o
                0x000000001000cfb4                LPADC_GetDefaultConfig
 .text.RESET_PeripheralReset
                0x000000001000d010       0x1c ./drivers/fsl_reset.o
                0x000000001000d010                RESET_PeripheralReset
 .text.CLOCK_EnableClock
                0x000000001000d02c       0x30 ./drivers/fsl_rtc.o
 .text.RTC_Init
                0x000000001000d05c       0x34 ./drivers/fsl_rtc.o
                0x000000001000d05c                RTC_Init
 .text.EnableIRQ
                0x000000001000d090       0x2c ./drivers/fsl_usart.o
 .text.USART_EnableContinuousSCLK
                0x000000001000d0bc       0x38 ./drivers/fsl_usart.o
 .text.HAL_UartGetStatus
                0x000000001000d0f4       0x22 ./component/uart/usart_adapter.o
 .text.CLOCK_EnableClock
                0x000000001000d116       0x30 ./board/pin_mux.o
 .text.IOCON_PinMuxSet
                0x000000001000d146       0x2e ./board/pin_mux.o
 .text.GetDataLen
                0x000000001000d174       0x4a /home/zhuaiballl/code/iot_trusted/iot_trusted_s/libs/libusdl.a(usdl_buf.o)
 .text.BufInit  0x000000001000d1be       0x52 /home/zhuaiballl/code/iot_trusted/iot_trusted_s/libs/libusdl.a(usdl_buf.o)
                0x000000001000d1be                BufInit
 .text.BufAddData
                0x000000001000d210      0x11a /home/zhuaiballl/code/iot_trusted/iot_trusted_s/libs/libusdl.a(usdl_buf.o)
                0x000000001000d210                BufAddData
 .text.BufGetData
                0x000000001000d32a      0x11c /home/zhuaiballl/code/iot_trusted/iot_trusted_s/libs/libusdl.a(usdl_buf.o)
                0x000000001000d32a                BufGetData
 .text.BufDelHeadData
                0x000000001000d446       0xda /home/zhuaiballl/code/iot_trusted/iot_trusted_s/libs/libusdl.a(usdl_buf.o)
                0x000000001000d446                BufDelHeadData
 .text.BufClearData
                0x000000001000d520       0xa8 /home/zhuaiballl/code/iot_trusted/iot_trusted_s/libs/libusdl.a(usdl_buf.o)
                0x000000001000d520                BufClearData
 .text.BufGetDataLen
                0x000000001000d5c8       0x44 /home/zhuaiballl/code/iot_trusted/iot_trusted_s/libs/libusdl.a(usdl_buf.o)
                0x000000001000d5c8                BufGetDataLen
 .text.MemCpy   0x000000001000d60c       0x9c /home/zhuaiballl/code/iot_trusted/iot_trusted_s/libs/libusdl.a(usdl_mem.o)
                0x000000001000d60c                MemCpy
 .text.MemMove  0x000000001000d6a8       0xa8 /home/zhuaiballl/code/iot_trusted/iot_trusted_s/libs/libusdl.a(usdl_mem.o)
                0x000000001000d6a8                MemMove
 .text.MemLineToCycle
                0x000000001000d750       0xb4 /home/zhuaiballl/code/iot_trusted/iot_trusted_s/libs/libusdl.a(usdl_mem.o)
                0x000000001000d750                MemLineToCycle
 .text.MemCycleSubToLine
                0x000000001000d804       0xc4 /home/zhuaiballl/code/iot_trusted/iot_trusted_s/libs/libusdl.a(usdl_mem.o)
                0x000000001000d804                MemCycleSubToLine
 .text          0x000000001000d8c8       0x5c /usr/local/mcuxpressoide-11.2.0_4120/ide/plugins/com.nxp.mcuxpresso.tools.linux_11.2.0.202001021529/tools/bin/../lib/gcc/arm-none-eabi/9.2.1/thumb/v8-m.main+fp/hard/libgcc.a(cmse_nonsecure_call.o)
                0x000000001000d8c8                __gnu_cmse_nonsecure_call
 .text.abort    0x000000001000d924        0xe /usr/local/mcuxpressoide-11.2.0_4120/ide/plugins/com.nxp.mcuxpresso.tools.linux_11.2.0.202001021529/tools/bin/../lib/gcc/arm-none-eabi/9.2.1/../../../../arm-none-eabi/lib/thumb/v8-m.main+fp/hard/libc_nano.a(lib_a-abort.o)
                0x000000001000d924                abort
 .text.atof     0x000000001000d932        0x6 /usr/local/mcuxpressoide-11.2.0_4120/ide/plugins/com.nxp.mcuxpresso.tools.linux_11.2.0.202001021529/tools/bin/../lib/gcc/arm-none-eabi/9.2.1/../../../../arm-none-eabi/lib/thumb/v8-m.main+fp/hard/libc_nano.a(lib_a-atof.o)
                0x000000001000d932                atof
 .text.memcpy   0x000000001000d938       0x1a /usr/local/mcuxpressoide-11.2.0_4120/ide/plugins/com.nxp.mcuxpresso.tools.linux_11.2.0.202001021529/tools/bin/../lib/gcc/arm-none-eabi/9.2.1/../../../../arm-none-eabi/lib/thumb/v8-m.main+fp/hard/libc_nano.a(lib_a-memcpy-stub.o)
                0x000000001000d938                memcpy
 .text.memset   0x000000001000d952       0x10 /usr/local/mcuxpressoide-11.2.0_4120/ide/plugins/com.nxp.mcuxpresso.tools.linux_11.2.0.202001021529/tools/bin/../lib/gcc/arm-none-eabi/9.2.1/../../../../arm-none-eabi/lib/thumb/v8-m.main+fp/hard/libc_nano.a(lib_a-memset.o)
                0x000000001000d952                memset
 .text._calloc_r
                0x000000001000d962       0x1e /usr/local/mcuxpressoide-11.2.0_4120/ide/plugins/com.nxp.mcuxpresso.tools.linux_11.2.0.202001021529/tools/bin/../lib/gcc/arm-none-eabi/9.2.1/../../../../arm-none-eabi/lib/thumb/v8-m.main+fp/hard/libc_nano.a(lib_a-nano-callocr.o)
                0x000000001000d962                _calloc_r
 .text.__sfputc_r
                0x000000001000d980       0x2e /usr/local/mcuxpressoide-11.2.0_4120/ide/plugins/com.nxp.mcuxpresso.tools.linux_11.2.0.202001021529/tools/bin/../lib/gcc/arm-none-eabi/9.2.1/../../../../arm-none-eabi/lib/thumb/v8-m.main+fp/hard/libc_nano.a(lib_a-nano-vfprintf.o)
 .text.__sfputs_r
                0x000000001000d9ae       0x24 /usr/local/mcuxpressoide-11.2.0_4120/ide/plugins/com.nxp.mcuxpresso.tools.linux_11.2.0.202001021529/tools/bin/../lib/gcc/arm-none-eabi/9.2.1/../../../../arm-none-eabi/lib/thumb/v8-m.main+fp/hard/libc_nano.a(lib_a-nano-vfprintf.o)
                0x000000001000d9ae                __sfputs_r
 .text.__cvt    0x000000001000d9d2       0xc4 /usr/local/mcuxpressoide-11.2.0_4120/ide/plugins/com.nxp.mcuxpresso.tools.linux_11.2.0.202001021529/tools/bin/../lib/gcc/arm-none-eabi/9.2.1/../../../../arm-none-eabi/lib/thumb/v8-m.main+fp/hard/libc_nano.a(lib_a-nano-vfprintf_float.o)
                0x000000001000d9d2                __cvt
 .text.__exponent
                0x000000001000da96       0x7c /usr/local/mcuxpressoide-11.2.0_4120/ide/plugins/com.nxp.mcuxpresso.tools.linux_11.2.0.202001021529/tools/bin/../lib/gcc/arm-none-eabi/9.2.1/../../../../arm-none-eabi/lib/thumb/v8-m.main+fp/hard/libc_nano.a(lib_a-nano-vfprintf_float.o)
                0x000000001000da96                __exponent
 .text._printf_common
                0x000000001000db12       0xe0 /usr/local/mcuxpressoide-11.2.0_4120/ide/plugins/com.nxp.mcuxpresso.tools.linux_11.2.0.202001021529/tools/bin/../lib/gcc/arm-none-eabi/9.2.1/../../../../arm-none-eabi/lib/thumb/v8-m.main+fp/hard/libc_nano.a(lib_a-nano-vfprintf_i.o)
                0x000000001000db12                _printf_common
 .text._raise_r
                0x000000001000dbf2       0x50 /usr/local/mcuxpressoide-11.2.0_4120/ide/plugins/com.nxp.mcuxpresso.tools.linux_11.2.0.202001021529/tools/bin/../lib/gcc/arm-none-eabi/9.2.1/../../../../arm-none-eabi/lib/thumb/v8-m.main+fp/hard/libc_nano.a(lib_a-signal.o)
                0x000000001000dbf2                _raise_r
 .text._getpid_r
                0x000000001000dc42        0x4 /usr/local/mcuxpressoide-11.2.0_4120/ide/plugins/com.nxp.mcuxpresso.tools.linux_11.2.0.202001021529/tools/bin/../lib/gcc/arm-none-eabi/9.2.1/../../../../arm-none-eabi/lib/thumb/v8-m.main+fp/hard/libc_nano.a(lib_a-signalr.o)
                0x000000001000dc42                _getpid_r
 .text.strchr   0x000000001000dc46       0x1a /usr/local/mcuxpressoide-11.2.0_4120/ide/plugins/com.nxp.mcuxpresso.tools.linux_11.2.0.202001021529/tools/bin/../lib/gcc/arm-none-eabi/9.2.1/../../../../arm-none-eabi/lib/thumb/v8-m.main+fp/hard/libc_nano.a(lib_a-strchr.o)
                0x000000001000dc46                strchr
 .text.strcpy   0x000000001000dc60       0x10 /usr/local/mcuxpressoide-11.2.0_4120/ide/plugins/com.nxp.mcuxpresso.tools.linux_11.2.0.202001021529/tools/bin/../lib/gcc/arm-none-eabi/9.2.1/../../../../arm-none-eabi/lib/thumb/v8-m.main+fp/hard/libc_nano.a(lib_a-strcpy.o)
                0x000000001000dc60                strcpy
 .text          0x000000001000dc70       0x10 /usr/local/mcuxpressoide-11.2.0_4120/ide/plugins/com.nxp.mcuxpresso.tools.linux_11.2.0.202001021529/tools/bin/../lib/gcc/arm-none-eabi/9.2.1/../../../../arm-none-eabi/lib/thumb/v8-m.main+fp/hard/libc_nano.a(lib_a-strlen.o)
                0x000000001000dc70                strlen
 .text.strstr   0x000000001000dc80       0x2e /usr/local/mcuxpressoide-11.2.0_4120/ide/plugins/com.nxp.mcuxpresso.tools.linux_11.2.0.202001021529/tools/bin/../lib/gcc/arm-none-eabi/9.2.1/../../../../arm-none-eabi/lib/thumb/v8-m.main+fp/hard/libc_nano.a(lib_a-strstr.o)
                0x000000001000dc80                strstr
 .text.sulp     0x000000001000dcae       0x38 /usr/local/mcuxpressoide-11.2.0_4120/ide/plugins/com.nxp.mcuxpresso.tools.linux_11.2.0.202001021529/tools/bin/../lib/gcc/arm-none-eabi/9.2.1/../../../../arm-none-eabi/lib/thumb/v8-m.main+fp/hard/libc_nano.a(lib_a-strtod.o)
 .text.quorem   0x000000001000dce6      0x11e /usr/local/mcuxpressoide-11.2.0_4120/ide/plugins/com.nxp.mcuxpresso.tools.linux_11.2.0.202001021529/tools/bin/../lib/gcc/arm-none-eabi/9.2.1/../../../../arm-none-eabi/lib/thumb/v8-m.main+fp/hard/libc_nano.a(lib_a-dtoa.o)
 .text.__sfmoreglue
                0x000000001000de04       0x2c /usr/local/mcuxpressoide-11.2.0_4120/ide/plugins/com.nxp.mcuxpresso.tools.linux_11.2.0.202001021529/tools/bin/../lib/gcc/arm-none-eabi/9.2.1/../../../../arm-none-eabi/lib/thumb/v8-m.main+fp/hard/libc_nano.a(lib_a-findfp.o)
                0x000000001000de04                __sfmoreglue
 .text._fwalk_reent
                0x000000001000de30       0x3e /usr/local/mcuxpressoide-11.2.0_4120/ide/plugins/com.nxp.mcuxpresso.tools.linux_11.2.0.202001021529/tools/bin/../lib/gcc/arm-none-eabi/9.2.1/../../../../arm-none-eabi/lib/thumb/v8-m.main+fp/hard/libc_nano.a(lib_a-fwalk.o)
                0x000000001000de30                _fwalk_reent
 .text.rshift   0x000000001000de6e       0xa2 /usr/local/mcuxpressoide-11.2.0_4120/ide/plugins/com.nxp.mcuxpresso.tools.linux_11.2.0.202001021529/tools/bin/../lib/gcc/arm-none-eabi/9.2.1/../../../../arm-none-eabi/lib/thumb/v8-m.main+fp/hard/libc_nano.a(lib_a-gdtoa-gethex.o)
 .text.__hexdig_fun
                0x000000001000df10       0x2a /usr/local/mcuxpressoide-11.2.0_4120/ide/plugins/com.nxp.mcuxpresso.tools.linux_11.2.0.202001021529/tools/bin/../lib/gcc/arm-none-eabi/9.2.1/../../../../arm-none-eabi/lib/thumb/v8-m.main+fp/hard/libc_nano.a(lib_a-gdtoa-gethex.o)
                0x000000001000df10                __hexdig_fun
 .text.L_shift  0x000000001000df3a       0x24 /usr/local/mcuxpressoide-11.2.0_4120/ide/plugins/com.nxp.mcuxpresso.tools.linux_11.2.0.202001021529/tools/bin/../lib/gcc/arm-none-eabi/9.2.1/../../../../arm-none-eabi/lib/thumb/v8-m.main+fp/hard/libc_nano.a(lib_a-gdtoa-hexnan.o)
 .text.__match  0x000000001000df5e       0x28 /usr/local/mcuxpressoide-11.2.0_4120/ide/plugins/com.nxp.mcuxpresso.tools.linux_11.2.0.202001021529/tools/bin/../lib/gcc/arm-none-eabi/9.2.1/../../../../arm-none-eabi/lib/thumb/v8-m.main+fp/hard/libc_nano.a(lib_a-gdtoa-hexnan.o)
                0x000000001000df5e                __match
 .text.__hexnan
                0x000000001000df86      0x138 /usr/local/mcuxpressoide-11.2.0_4120/ide/plugins/com.nxp.mcuxpresso.tools.linux_11.2.0.202001021529/tools/bin/../lib/gcc/arm-none-eabi/9.2.1/../../../../arm-none-eabi/lib/thumb/v8-m.main+fp/hard/libc_nano.a(lib_a-gdtoa-hexnan.o)
                0x000000001000df86                __hexnan
 .text.__retarget_lock_init_recursive
                0x000000001000e0be        0x2 /usr/local/mcuxpressoide-11.2.0_4120/ide/plugins/com.nxp.mcuxpresso.tools.linux_11.2.0.202001021529/tools/bin/../lib/gcc/arm-none-eabi/9.2.1/../../../../arm-none-eabi/lib/thumb/v8-m.main+fp/hard/libc_nano.a(lib_a-lock.o)
                0x000000001000e0be                __retarget_lock_init_recursive
 .text.__retarget_lock_acquire_recursive
                0x000000001000e0c0        0x2 /usr/local/mcuxpressoide-11.2.0_4120/ide/plugins/com.nxp.mcuxpresso.tools.linux_11.2.0.202001021529/tools/bin/../lib/gcc/arm-none-eabi/9.2.1/../../../../arm-none-eabi/lib/thumb/v8-m.main+fp/hard/libc_nano.a(lib_a-lock.o)
                0x000000001000e0c0                __retarget_lock_acquire_recursive
 .text.__retarget_lock_release_recursive
                0x000000001000e0c2        0x2 /usr/local/mcuxpressoide-11.2.0_4120/ide/plugins/com.nxp.mcuxpresso.tools.linux_11.2.0.202001021529/tools/bin/../lib/gcc/arm-none-eabi/9.2.1/../../../../arm-none-eabi/lib/thumb/v8-m.main+fp/hard/libc_nano.a(lib_a-lock.o)
                0x000000001000e0c2                __retarget_lock_release_recursive
 .text.__swhatbuf_r
                0x000000001000e0c4       0x48 /usr/local/mcuxpressoide-11.2.0_4120/ide/plugins/com.nxp.mcuxpresso.tools.linux_11.2.0.202001021529/tools/bin/../lib/gcc/arm-none-eabi/9.2.1/../../../../arm-none-eabi/lib/thumb/v8-m.main+fp/hard/libc_nano.a(lib_a-makebuf.o)
                0x000000001000e0c4                __swhatbuf_r
 .text.__ascii_mbtowc
                0x000000001000e10c       0x24 /usr/local/mcuxpressoide-11.2.0_4120/ide/plugins/com.nxp.mcuxpresso.tools.linux_11.2.0.202001021529/tools/bin/../lib/gcc/arm-none-eabi/9.2.1/../../../../arm-none-eabi/lib/thumb/v8-m.main+fp/hard/libc_nano.a(lib_a-mbtowc_r.o)
                0x000000001000e10c                __ascii_mbtowc
 .text.memchr   0x000000001000e130       0x1c /usr/local/mcuxpressoide-11.2.0_4120/ide/plugins/com.nxp.mcuxpresso.tools.linux_11.2.0.202001021529/tools/bin/../lib/gcc/arm-none-eabi/9.2.1/../../../../arm-none-eabi/lib/thumb/v8-m.main+fp/hard/libc_nano.a(lib_a-memchr-stub.o)
                0x000000001000e130                memchr
 .text.memmove  0x000000001000e14c       0x34 /usr/local/mcuxpressoide-11.2.0_4120/ide/plugins/com.nxp.mcuxpresso.tools.linux_11.2.0.202001021529/tools/bin/../lib/gcc/arm-none-eabi/9.2.1/../../../../arm-none-eabi/lib/thumb/v8-m.main+fp/hard/libc_nano.a(lib_a-memmove.o)
                0x000000001000e14c                memmove
 .text._Balloc  0x000000001000e180       0x68 /usr/local/mcuxpressoide-11.2.0_4120/ide/plugins/com.nxp.mcuxpresso.tools.linux_11.2.0.202001021529/tools/bin/../lib/gcc/arm-none-eabi/9.2.1/../../../../arm-none-eabi/lib/thumb/v8-m.main+fp/hard/libc_nano.a(lib_a-mprec.o)
                0x000000001000e180                _Balloc
 .text._Bfree   0x000000001000e1e8       0x2e /usr/local/mcuxpressoide-11.2.0_4120/ide/plugins/com.nxp.mcuxpresso.tools.linux_11.2.0.202001021529/tools/bin/../lib/gcc/arm-none-eabi/9.2.1/../../../../arm-none-eabi/lib/thumb/v8-m.main+fp/hard/libc_nano.a(lib_a-mprec.o)
                0x000000001000e1e8                _Bfree
 .text.__multadd
                0x000000001000e216       0x7e /usr/local/mcuxpressoide-11.2.0_4120/ide/plugins/com.nxp.mcuxpresso.tools.linux_11.2.0.202001021529/tools/bin/../lib/gcc/arm-none-eabi/9.2.1/../../../../arm-none-eabi/lib/thumb/v8-m.main+fp/hard/libc_nano.a(lib_a-mprec.o)
                0x000000001000e216                __multadd
 .text.__s2b    0x000000001000e294       0x7c /usr/local/mcuxpressoide-11.2.0_4120/ide/plugins/com.nxp.mcuxpresso.tools.linux_11.2.0.202001021529/tools/bin/../lib/gcc/arm-none-eabi/9.2.1/../../../../arm-none-eabi/lib/thumb/v8-m.main+fp/hard/libc_nano.a(lib_a-mprec.o)
                0x000000001000e294                __s2b
 .text.__hi0bits
                0x000000001000e310       0x40 /usr/local/mcuxpressoide-11.2.0_4120/ide/plugins/com.nxp.mcuxpresso.tools.linux_11.2.0.202001021529/tools/bin/../lib/gcc/arm-none-eabi/9.2.1/../../../../arm-none-eabi/lib/thumb/v8-m.main+fp/hard/libc_nano.a(lib_a-mprec.o)
                0x000000001000e310                __hi0bits
 .text.__lo0bits
                0x000000001000e350       0x60 /usr/local/mcuxpressoide-11.2.0_4120/ide/plugins/com.nxp.mcuxpresso.tools.linux_11.2.0.202001021529/tools/bin/../lib/gcc/arm-none-eabi/9.2.1/../../../../arm-none-eabi/lib/thumb/v8-m.main+fp/hard/libc_nano.a(lib_a-mprec.o)
                0x000000001000e350                __lo0bits
 .text.__i2b    0x000000001000e3b0       0x12 /usr/local/mcuxpressoide-11.2.0_4120/ide/plugins/com.nxp.mcuxpresso.tools.linux_11.2.0.202001021529/tools/bin/../lib/gcc/arm-none-eabi/9.2.1/../../../../arm-none-eabi/lib/thumb/v8-m.main+fp/hard/libc_nano.a(lib_a-mprec.o)
                0x000000001000e3b0                __i2b
 .text.__multiply
                0x000000001000e3c2      0x136 /usr/local/mcuxpressoide-11.2.0_4120/ide/plugins/com.nxp.mcuxpresso.tools.linux_11.2.0.202001021529/tools/bin/../lib/gcc/arm-none-eabi/9.2.1/../../../../arm-none-eabi/lib/thumb/v8-m.main+fp/hard/libc_nano.a(lib_a-mprec.o)
                0x000000001000e3c2                __multiply
 .text.__lshift
                0x000000001000e4f8       0xbe /usr/local/mcuxpressoide-11.2.0_4120/ide/plugins/com.nxp.mcuxpresso.tools.linux_11.2.0.202001021529/tools/bin/../lib/gcc/arm-none-eabi/9.2.1/../../../../arm-none-eabi/lib/thumb/v8-m.main+fp/hard/libc_nano.a(lib_a-mprec.o)
                0x000000001000e4f8                __lshift
 .text.__mcmp   0x000000001000e5b6       0x38 /usr/local/mcuxpressoide-11.2.0_4120/ide/plugins/com.nxp.mcuxpresso.tools.linux_11.2.0.202001021529/tools/bin/../lib/gcc/arm-none-eabi/9.2.1/../../../../arm-none-eabi/lib/thumb/v8-m.main+fp/hard/libc_nano.a(lib_a-mprec.o)
                0x000000001000e5b6                __mcmp
 .text.__mdiff  0x000000001000e5ee       0xfa /usr/local/mcuxpressoide-11.2.0_4120/ide/plugins/com.nxp.mcuxpresso.tools.linux_11.2.0.202001021529/tools/bin/../lib/gcc/arm-none-eabi/9.2.1/../../../../arm-none-eabi/lib/thumb/v8-m.main+fp/hard/libc_nano.a(lib_a-mprec.o)
                0x000000001000e5ee                __mdiff
 .text.__d2b    0x000000001000e6e8       0xa0 /usr/local/mcuxpressoide-11.2.0_4120/ide/plugins/com.nxp.mcuxpresso.tools.linux_11.2.0.202001021529/tools/bin/../lib/gcc/arm-none-eabi/9.2.1/../../../../arm-none-eabi/lib/thumb/v8-m.main+fp/hard/libc_nano.a(lib_a-mprec.o)
                0x000000001000e6e8                __d2b
 .text.__ratio  0x000000001000e788       0x66 /usr/local/mcuxpressoide-11.2.0_4120/ide/plugins/com.nxp.mcuxpresso.tools.linux_11.2.0.202001021529/tools/bin/../lib/gcc/arm-none-eabi/9.2.1/../../../../arm-none-eabi/lib/thumb/v8-m.main+fp/hard/libc_nano.a(lib_a-mprec.o)
                0x000000001000e788                __ratio
 .text.__copybits
                0x000000001000e7ee       0x46 /usr/local/mcuxpressoide-11.2.0_4120/ide/plugins/com.nxp.mcuxpresso.tools.linux_11.2.0.202001021529/tools/bin/../lib/gcc/arm-none-eabi/9.2.1/../../../../arm-none-eabi/lib/thumb/v8-m.main+fp/hard/libc_nano.a(lib_a-mprec.o)
                0x000000001000e7ee                __copybits
 .text.__any_on
                0x000000001000e834       0x42 /usr/local/mcuxpressoide-11.2.0_4120/ide/plugins/com.nxp.mcuxpresso.tools.linux_11.2.0.202001021529/tools/bin/../lib/gcc/arm-none-eabi/9.2.1/../../../../arm-none-eabi/lib/thumb/v8-m.main+fp/hard/libc_nano.a(lib_a-mprec.o)
                0x000000001000e834                __any_on
 .text._realloc_r
                0x000000001000e876       0x4c /usr/local/mcuxpressoide-11.2.0_4120/ide/plugins/com.nxp.mcuxpresso.tools.linux_11.2.0.202001021529/tools/bin/../lib/gcc/arm-none-eabi/9.2.1/../../../../arm-none-eabi/lib/thumb/v8-m.main+fp/hard/libc_nano.a(lib_a-nano-reallocr.o)
                0x000000001000e876                _realloc_r
 .text.__ssputs_r
                0x000000001000e8c2       0xb6 /usr/local/mcuxpressoide-11.2.0_4120/ide/plugins/com.nxp.mcuxpresso.tools.linux_11.2.0.202001021529/tools/bin/../lib/gcc/arm-none-eabi/9.2.1/../../../../arm-none-eabi/lib/thumb/v8-m.main+fp/hard/libc_nano.a(lib_a-nano-svfprintf.o)
                0x000000001000e8c2                __ssputs_r
 .text.__sread  0x000000001000e978       0x22 /usr/local/mcuxpressoide-11.2.0_4120/ide/plugins/com.nxp.mcuxpresso.tools.linux_11.2.0.202001021529/tools/bin/../lib/gcc/arm-none-eabi/9.2.1/../../../../arm-none-eabi/lib/thumb/v8-m.main+fp/hard/libc_nano.a(lib_a-stdio.o)
                0x000000001000e978                __sread
 .text.__swrite
                0x000000001000e99a       0x38 /usr/local/mcuxpressoide-11.2.0_4120/ide/plugins/com.nxp.mcuxpresso.tools.linux_11.2.0.202001021529/tools/bin/../lib/gcc/arm-none-eabi/9.2.1/../../../../arm-none-eabi/lib/thumb/v8-m.main+fp/hard/libc_nano.a(lib_a-stdio.o)
                0x000000001000e99a                __swrite
 .text.__sseek  0x000000001000e9d2       0x24 /usr/local/mcuxpressoide-11.2.0_4120/ide/plugins/com.nxp.mcuxpresso.tools.linux_11.2.0.202001021529/tools/bin/../lib/gcc/arm-none-eabi/9.2.1/../../../../arm-none-eabi/lib/thumb/v8-m.main+fp/hard/libc_nano.a(lib_a-stdio.o)
                0x000000001000e9d2                __sseek
 .text.__sclose
                0x000000001000e9f6        0x8 /usr/local/mcuxpressoide-11.2.0_4120/ide/plugins/com.nxp.mcuxpresso.tools.linux_11.2.0.202001021529/tools/bin/../lib/gcc/arm-none-eabi/9.2.1/../../../../arm-none-eabi/lib/thumb/v8-m.main+fp/hard/libc_nano.a(lib_a-stdio.o)