startup_lpc55s69_cm33_core0.c:331:6:data_init	4	static
startup_lpc55s69_cm33_core0.c:340:6:bss_init	0	static
startup_lpc55s69_cm33_core0.c:365:6:ResetISR	8	static
startup_lpc55s69_cm33_core0.c:446:14:NMI_Handler	0	static
startup_lpc55s69_cm33_core0.c:450:14:HardFault_Handler	0	static
startup_lpc55s69_cm33_core0.c:454:14:MemManage_Handler	0	static
startup_lpc55s69_cm33_core0.c:458:14:BusFault_Handler	0	static
startup_lpc55s69_cm33_core0.c:462:14:UsageFault_Handler	0	static
startup_lpc55s69_cm33_core0.c:466:14:SecureFault_Handler	0	static
startup_lpc55s69_cm33_core0.c:470:14:SVC_Handler	0	static
startup_lpc55s69_cm33_core0.c:474:14:DebugMon_Handler	0	static
startup_lpc55s69_cm33_core0.c:478:14:PendSV_Handler	0	static
startup_lpc55s69_cm33_core0.c:482:14:SysTick_Handler	0	static
startup_lpc55s69_cm33_core0.c:490:14:IntDefaultHandler	0	static
startup_lpc55s69_cm33_core0.c:500:11:WDT_BOD_IRQHandler	8	static
startup_lpc55s69_cm33_core0.c:504:11:DMA0_IRQHandler	8	static
startup_lpc55s69_cm33_core0.c:508:11:GINT0_IRQHandler	8	static
startup_lpc55s69_cm33_core0.c:512:11:GINT1_IRQHandler	8	static
startup_lpc55s69_cm33_core0.c:516:11:PIN_INT0_IRQHandler	8	static
startup_lpc55s69_cm33_core0.c:520:11:PIN_INT1_IRQHandler	8	static
startup_lpc55s69_cm33_core0.c:524:11:PIN_INT2_IRQHandler	8	static
startup_lpc55s69_cm33_core0.c:528:11:PIN_INT3_IRQHandler	8	static
startup_lpc55s69_cm33_core0.c:532:11:UTICK0_IRQHandler	8	static
startup_lpc55s69_cm33_core0.c:536:11:MRT0_IRQHandler	8	static
startup_lpc55s69_cm33_core0.c:540:11:CTIMER0_IRQHandler	8	static
startup_lpc55s69_cm33_core0.c:544:11:CTIMER1_IRQHandler	8	static
startup_lpc55s69_cm33_core0.c:548:11:SCT0_IRQHandler	8	static
startup_lpc55s69_cm33_core0.c:552:11:CTIMER3_IRQHandler	8	static
startup_lpc55s69_cm33_core0.c:556:11:FLEXCOMM0_IRQHandler	8	static
startup_lpc55s69_cm33_core0.c:560:11:FLEXCOMM1_IRQHandler	8	static
startup_lpc55s69_cm33_core0.c:564:11:FLEXCOMM2_IRQHandler	8	static
startup_lpc55s69_cm33_core0.c:568:11:FLEXCOMM3_IRQHandler	8	static
startup_lpc55s69_cm33_core0.c:572:11:FLEXCOMM4_IRQHandler	8	static
startup_lpc55s69_cm33_core0.c:576:11:FLEXCOMM5_IRQHandler	8	static
startup_lpc55s69_cm33_core0.c:580:11:FLEXCOMM6_IRQHandler	8	static
startup_lpc55s69_cm33_core0.c:584:11:FLEXCOMM7_IRQHandler	8	static
startup_lpc55s69_cm33_core0.c:588:11:ADC0_IRQHandler	8	static
startup_lpc55s69_cm33_core0.c:592:11:Reserved39_IRQHandler	8	static
startup_lpc55s69_cm33_core0.c:596:11:ACMP_IRQHandler	8	static
startup_lpc55s69_cm33_core0.c:600:11:Reserved41_IRQHandler	8	static
startup_lpc55s69_cm33_core0.c:604:11:Reserved42_IRQHandler	8	static
startup_lpc55s69_cm33_core0.c:608:11:USB0_NEEDCLK_IRQHandler	8	static
startup_lpc55s69_cm33_core0.c:612:11:USB0_IRQHandler	8	static
startup_lpc55s69_cm33_core0.c:616:11:RTC_IRQHandler	8	static
startup_lpc55s69_cm33_core0.c:620:11:Reserved46_IRQHandler	8	static
startup_lpc55s69_cm33_core0.c:624:11:MAILBOX_IRQHandler	8	static
startup_lpc55s69_cm33_core0.c:628:11:PIN_INT4_IRQHandler	8	static
startup_lpc55s69_cm33_core0.c:632:11:PIN_INT5_IRQHandler	8	static
startup_lpc55s69_cm33_core0.c:636:11:PIN_INT6_IRQHandler	8	static
startup_lpc55s69_cm33_core0.c:640:11:PIN_INT7_IRQHandler	8	static
startup_lpc55s69_cm33_core0.c:644:11:CTIMER2_IRQHandler	8	static
startup_lpc55s69_cm33_core0.c:648:11:CTIMER4_IRQHandler	8	static
startup_lpc55s69_cm33_core0.c:652:11:OS_EVENT_IRQHandler	8	static
startup_lpc55s69_cm33_core0.c:656:11:Reserved55_IRQHandler	8	static
startup_lpc55s69_cm33_core0.c:660:11:Reserved56_IRQHandler	8	static
startup_lpc55s69_cm33_core0.c:664:11:Reserved57_IRQHandler	8	static
startup_lpc55s69_cm33_core0.c:668:11:SDIO_IRQHandler	8	static
startup_lpc55s69_cm33_core0.c:672:11:Reserved59_IRQHandler	8	static
startup_lpc55s69_cm33_core0.c:676:11:Reserved60_IRQHandler	8	static
startup_lpc55s69_cm33_core0.c:680:11:Reserved61_IRQHandler	8	static
startup_lpc55s69_cm33_core0.c:684:11:USB1_UTMI_IRQHandler	8	static
startup_lpc55s69_cm33_core0.c:688:11:USB1_IRQHandler	8	static
startup_lpc55s69_cm33_core0.c:692:11:USB1_NEEDCLK_IRQHandler	8	static
startup_lpc55s69_cm33_core0.c:696:11:SEC_HYPERVISOR_CALL_IRQHandler	8	static
startup_lpc55s69_cm33_core0.c:700:11:SEC_GPIO_INT0_IRQ0_IRQHandler	8	static
startup_lpc55s69_cm33_core0.c:704:11:SEC_GPIO_INT0_IRQ1_IRQHandler	8	static
startup_lpc55s69_cm33_core0.c:708:11:PLU_IRQHandler	8	static
startup_lpc55s69_cm33_core0.c:712:11:SEC_VIO_IRQHandler	8	static
startup_lpc55s69_cm33_core0.c:716:11:HASHCRYPT_IRQHandler	8	static
startup_lpc55s69_cm33_core0.c:720:11:CASER_IRQHandler	8	static
startup_lpc55s69_cm33_core0.c:724:11:PUF_IRQHandler	8	static
startup_lpc55s69_cm33_core0.c:728:11:PQ_IRQHandler	8	static
startup_lpc55s69_cm33_core0.c:732:11:DMA1_IRQHandler	8	static
startup_lpc55s69_cm33_core0.c:736:11:FLEXCOMM8_IRQHandler	8	static
