usdl_mem.c:35:7:MallocDebug	32	static
usdl_mem.c:54:7:CallocDebug	32	static
usdl_mem.c:73:7:ReallocDebug	32	static
usdl_mem.c:91:6:FreeDebug	24	static
usdl_mem.c:112:7:MemCpy	32	static
usdl_mem.c:160:7:MemMove	32	static
usdl_mem.c:210:5:MemCmp	32	static
usdl_mem.c:248:7:MemSet	24	static
usdl_mem.c:268:6:MemZero	24	static
usdl_mem.c:329:7:MemChr	32	static
usdl_mem.c:358:6:MemAdd	32	static
usdl_mem.c:377:6:MemSub	32	static
usdl_mem.c:396:6:MemAnd	32	static
usdl_mem.c:414:6:MemNot	24	static
usdl_mem.c:432:6:MemBitNot	24	static
usdl_mem.c:451:6:MemOr	32	static
usdl_mem.c:470:6:MemXor	32	static
usdl_mem.c:488:5:MemSum	24	static
usdl_mem.c:509:4:MemSumU8	24	static
usdl_mem.c:530:5:MemAllAnd	24	static
usdl_mem.c:552:5:MemAllOr	24	static
usdl_mem.c:574:5:MemAllXor	24	static
usdl_mem.c:596:6:MemReverse	24	static
usdl_mem.c:619:6:MemReverseCpy	32	static
usdl_mem.c:643:5:MemLineToCycle	32	static
usdl_mem.c:687:5:MemCycleToLine	32	static
usdl_mem.c:724:5:MemCycleSubToLine	32	static
usdl_mem.c:792:6:MemMatch	56	static
usdl_mem.c:883:5:MemMem	40	static
usdl_mem.c:918:6:MemBCDCheck	24	static
usdl_mem.c:942:6:MemShiftR	40	static
usdl_mem.c:980:6:MemAllSameValue	16	static
usdl_mem.c:1002:6:MemAllSame	16	static
usdl_mem.c:1026:6:MemAddMem	24	static
usdl_mem.c:1046:6:MemSubMem	24	static
usdl_mem.c:1066:6:MemAndMem	24	static
usdl_mem.c:1086:6:MemOrMem	24	static
usdl_mem.c:1106:6:MemXorMem	24	static
usdl_mem.c:1123:10:MemOverlapCheck	48	static
usdl_mem.c:1175:12:MutexSearch	32	static
usdl_mem.c:1209:6:MutexApply	32	static
usdl_mem.c:1264:6:MutexRelease	24	static
